<?xml version="1.0" encoding="ISO-8859-1" ?>
<link_info>
   <banner>TI ARM Linker PC v18.12.3.LTS</banner>
   <copyright>Copyright (c) 1996-2018 Texas Instruments Incorporated</copyright>
   <link_time>0x5e1bb61d</link_time>
   <link_errors>0x0</link_errors>
   <output_file>test.out</output_file>
   <entry_point>
      <name>_c_int00</name>
      <address>0x158ac</address>
   </entry_point>
   <input_file_list>
      <input_file id="fl-2">
         <path>.\src\</path>
         <kind>object</kind>
         <file>simple.obj</file>
         <name>simple.obj</name>
      </input_file>
      <input_file id="fl-7">
         <kind>object</kind>
         <file>&lt;internal&gt;</file>
         <name>&lt;internal&gt;</name>
      </input_file>
      <input_file id="fl-8">
         <path>C:\Users\arrooney\ws_arrooney\CAN\Debug\</path>
         <kind>archive</kind>
         <file>CAN.lib</file>
         <name>csp_thread.obj</name>
      </input_file>
      <input_file id="fl-9">
         <path>C:\Users\arrooney\ws_arrooney\CAN\Debug\</path>
         <kind>archive</kind>
         <file>CAN.lib</file>
         <name>csp_buffer.obj</name>
      </input_file>
      <input_file id="fl-a">
         <path>C:\Users\arrooney\ws_arrooney\CAN\Debug\</path>
         <kind>archive</kind>
         <file>CAN.lib</file>
         <name>csp_conn.obj</name>
      </input_file>
      <input_file id="fl-b">
         <path>C:\Users\arrooney\ws_arrooney\CAN\Debug\</path>
         <kind>archive</kind>
         <file>CAN.lib</file>
         <name>csp_debug.obj</name>
      </input_file>
      <input_file id="fl-c">
         <path>C:\Users\arrooney\ws_arrooney\CAN\Debug\</path>
         <kind>archive</kind>
         <file>CAN.lib</file>
         <name>csp_io.obj</name>
      </input_file>
      <input_file id="fl-d">
         <path>C:\Users\arrooney\ws_arrooney\CAN\Debug\</path>
         <kind>archive</kind>
         <file>CAN.lib</file>
         <name>csp_port.obj</name>
      </input_file>
      <input_file id="fl-e">
         <path>C:\Users\arrooney\ws_arrooney\CAN\Debug\</path>
         <kind>archive</kind>
         <file>CAN.lib</file>
         <name>csp_qfifo.obj</name>
      </input_file>
      <input_file id="fl-f">
         <path>C:\Users\arrooney\ws_arrooney\CAN\Debug\</path>
         <kind>archive</kind>
         <file>CAN.lib</file>
         <name>csp_route.obj</name>
      </input_file>
      <input_file id="fl-10">
         <path>C:\Users\arrooney\ws_arrooney\CAN\Debug\</path>
         <kind>archive</kind>
         <file>CAN.lib</file>
         <name>csp_service_handler.obj</name>
      </input_file>
      <input_file id="fl-11">
         <path>C:\Users\arrooney\ws_arrooney\CAN\Debug\</path>
         <kind>archive</kind>
         <file>CAN.lib</file>
         <name>csp_services.obj</name>
      </input_file>
      <input_file id="fl-12">
         <path>C:\Users\arrooney\ws_arrooney\CAN\Debug\</path>
         <kind>archive</kind>
         <file>CAN.lib</file>
         <name>os_mpu_wrappers.obj</name>
      </input_file>
      <input_file id="fl-13">
         <path>C:\Users\arrooney\ws_arrooney\CAN\Debug\</path>
         <kind>archive</kind>
         <file>CAN.lib</file>
         <name>os_queue.obj</name>
      </input_file>
      <input_file id="fl-14">
         <path>C:\Users\arrooney\ws_arrooney\CAN\Debug\</path>
         <kind>archive</kind>
         <file>CAN.lib</file>
         <name>os_tasks.obj</name>
      </input_file>
      <input_file id="fl-15">
         <path>C:\Users\arrooney\ws_arrooney\CAN\Debug\</path>
         <kind>archive</kind>
         <file>CAN.lib</file>
         <name>sys_startup.obj</name>
      </input_file>
      <input_file id="fl-16">
         <path>C:\Users\arrooney\ws_arrooney\CAN\Debug\</path>
         <kind>archive</kind>
         <file>CAN.lib</file>
         <name>sys_vim.obj</name>
      </input_file>
      <input_file id="fl-17">
         <path>C:\Users\arrooney\ws_arrooney\CAN\Debug\</path>
         <kind>archive</kind>
         <file>CAN.lib</file>
         <name>system.obj</name>
      </input_file>
      <input_file id="fl-18">
         <path>C:\Users\arrooney\ws_arrooney\CAN\Debug\</path>
         <kind>archive</kind>
         <file>CAN.lib</file>
         <name>csp_if_lo.obj</name>
      </input_file>
      <input_file id="fl-19">
         <path>C:\Users\arrooney\ws_arrooney\CAN\Debug\</path>
         <kind>archive</kind>
         <file>CAN.lib</file>
         <name>csp_rtable_cidr.obj</name>
      </input_file>
      <input_file id="fl-1a">
         <path>C:\Users\arrooney\ws_arrooney\CAN\Debug\</path>
         <kind>archive</kind>
         <file>CAN.lib</file>
         <name>csp_udp.obj</name>
      </input_file>
      <input_file id="fl-1b">
         <path>C:\Users\arrooney\ws_arrooney\CAN\Debug\</path>
         <kind>archive</kind>
         <file>CAN.lib</file>
         <name>csp_malloc.obj</name>
      </input_file>
      <input_file id="fl-1c">
         <path>C:\Users\arrooney\ws_arrooney\CAN\Debug\</path>
         <kind>archive</kind>
         <file>CAN.lib</file>
         <name>csp_queue.obj</name>
      </input_file>
      <input_file id="fl-1d">
         <path>C:\Users\arrooney\ws_arrooney\CAN\Debug\</path>
         <kind>archive</kind>
         <file>CAN.lib</file>
         <name>csp_semaphore.obj</name>
      </input_file>
      <input_file id="fl-1e">
         <path>C:\Users\arrooney\ws_arrooney\CAN\Debug\</path>
         <kind>archive</kind>
         <file>CAN.lib</file>
         <name>csp_system.obj</name>
      </input_file>
      <input_file id="fl-1f">
         <path>C:\Users\arrooney\ws_arrooney\CAN\Debug\</path>
         <kind>archive</kind>
         <file>CAN.lib</file>
         <name>csp_time.obj</name>
      </input_file>
      <input_file id="fl-20">
         <path>C:\Users\arrooney\ws_arrooney\CAN\Debug\</path>
         <kind>archive</kind>
         <file>CAN.lib</file>
         <name>csp_endian.obj</name>
      </input_file>
      <input_file id="fl-21">
         <path>C:\Users\arrooney\ws_arrooney\CAN\Debug\</path>
         <kind>archive</kind>
         <file>CAN.lib</file>
         <name>csp_iflist.obj</name>
      </input_file>
      <input_file id="fl-22">
         <path>C:\Users\arrooney\ws_arrooney\CAN\Debug\</path>
         <kind>archive</kind>
         <file>CAN.lib</file>
         <name>errata_SSWF021_45.obj</name>
      </input_file>
      <input_file id="fl-23">
         <path>C:\Users\arrooney\ws_arrooney\CAN\Debug\</path>
         <kind>archive</kind>
         <file>CAN.lib</file>
         <name>esm.obj</name>
      </input_file>
      <input_file id="fl-24">
         <path>C:\Users\arrooney\ws_arrooney\CAN\Debug\</path>
         <kind>archive</kind>
         <file>CAN.lib</file>
         <name>notification.obj</name>
      </input_file>
      <input_file id="fl-25">
         <path>C:\Users\arrooney\ws_arrooney\CAN\Debug\</path>
         <kind>archive</kind>
         <file>CAN.lib</file>
         <name>os_event_groups.obj</name>
      </input_file>
      <input_file id="fl-26">
         <path>C:\Users\arrooney\ws_arrooney\CAN\Debug\</path>
         <kind>archive</kind>
         <file>CAN.lib</file>
         <name>os_heap.obj</name>
      </input_file>
      <input_file id="fl-27">
         <path>C:\Users\arrooney\ws_arrooney\CAN\Debug\</path>
         <kind>archive</kind>
         <file>CAN.lib</file>
         <name>os_list.obj</name>
      </input_file>
      <input_file id="fl-28">
         <path>C:\Users\arrooney\ws_arrooney\CAN\Debug\</path>
         <kind>archive</kind>
         <file>CAN.lib</file>
         <name>os_port.obj</name>
      </input_file>
      <input_file id="fl-29">
         <path>C:\Users\arrooney\ws_arrooney\CAN\Debug\</path>
         <kind>archive</kind>
         <file>CAN.lib</file>
         <name>os_portasm.obj</name>
      </input_file>
      <input_file id="fl-2a">
         <path>C:\Users\arrooney\ws_arrooney\CAN\Debug\</path>
         <kind>archive</kind>
         <file>CAN.lib</file>
         <name>pinmux.obj</name>
      </input_file>
      <input_file id="fl-2b">
         <path>C:\Users\arrooney\ws_arrooney\CAN\Debug\</path>
         <kind>archive</kind>
         <file>CAN.lib</file>
         <name>sys_core.obj</name>
      </input_file>
      <input_file id="fl-2c">
         <path>C:\Users\arrooney\ws_arrooney\CAN\Debug\</path>
         <kind>archive</kind>
         <file>CAN.lib</file>
         <name>sys_phantom.obj</name>
      </input_file>
      <input_file id="fl-2d">
         <path>C:\Users\arrooney\ws_arrooney\CAN\Debug\</path>
         <kind>archive</kind>
         <file>CAN.lib</file>
         <name>sys_selftest.obj</name>
      </input_file>
      <input_file id="fl-2e">
         <path>C:\Users\arrooney\ws_arrooney\CAN\Debug\</path>
         <kind>archive</kind>
         <file>CAN.lib</file>
         <name>sys_pmu.obj</name>
      </input_file>
      <input_file id="fl-2f">
         <path>C:\ti\ccs920\ccs\tools\compiler\ti-cgt-arm_18.12.3.LTS\lib\</path>
         <kind>archive</kind>
         <file>rtsv7R4_T_be_v3D16_eabi.lib</file>
         <name>printf.c.obj</name>
      </input_file>
      <input_file id="fl-30">
         <path>C:\ti\ccs920\ccs\tools\compiler\ti-cgt-arm_18.12.3.LTS\lib\</path>
         <kind>archive</kind>
         <file>rtsv7R4_T_be_v3D16_eabi.lib</file>
         <name>fprintf.c.obj</name>
      </input_file>
      <input_file id="fl-31">
         <path>C:\ti\ccs920\ccs\tools\compiler\ti-cgt-arm_18.12.3.LTS\lib\</path>
         <kind>archive</kind>
         <file>rtsv7R4_T_be_v3D16_eabi.lib</file>
         <name>_printfi.c.obj</name>
      </input_file>
      <input_file id="fl-32">
         <path>C:\ti\ccs920\ccs\tools\compiler\ti-cgt-arm_18.12.3.LTS\lib\</path>
         <kind>archive</kind>
         <file>rtsv7R4_T_be_v3D16_eabi.lib</file>
         <name>snprintf.c.obj</name>
      </input_file>
      <input_file id="fl-33">
         <path>C:\ti\ccs920\ccs\tools\compiler\ti-cgt-arm_18.12.3.LTS\lib\</path>
         <kind>archive</kind>
         <file>rtsv7R4_T_be_v3D16_eabi.lib</file>
         <name>sprintf.c.obj</name>
      </input_file>
      <input_file id="fl-34">
         <path>C:\ti\ccs920\ccs\tools\compiler\ti-cgt-arm_18.12.3.LTS\lib\</path>
         <kind>archive</kind>
         <file>rtsv7R4_T_be_v3D16_eabi.lib</file>
         <name>vprintf.c.obj</name>
      </input_file>
      <input_file id="fl-35">
         <path>C:\ti\ccs920\ccs\tools\compiler\ti-cgt-arm_18.12.3.LTS\lib\</path>
         <kind>archive</kind>
         <file>rtsv7R4_T_be_v3D16_eabi.lib</file>
         <name>sscanf.c.obj</name>
      </input_file>
      <input_file id="fl-36">
         <path>C:\ti\ccs920\ccs\tools\compiler\ti-cgt-arm_18.12.3.LTS\lib\</path>
         <kind>archive</kind>
         <file>rtsv7R4_T_be_v3D16_eabi.lib</file>
         <name>fputc.c.obj</name>
      </input_file>
      <input_file id="fl-37">
         <path>C:\ti\ccs920\ccs\tools\compiler\ti-cgt-arm_18.12.3.LTS\lib\</path>
         <kind>archive</kind>
         <file>rtsv7R4_T_be_v3D16_eabi.lib</file>
         <name>fputs.c.obj</name>
      </input_file>
      <input_file id="fl-38">
         <path>C:\ti\ccs920\ccs\tools\compiler\ti-cgt-arm_18.12.3.LTS\lib\</path>
         <kind>archive</kind>
         <file>rtsv7R4_T_be_v3D16_eabi.lib</file>
         <name>_io_perm.c.obj</name>
      </input_file>
      <input_file id="fl-39">
         <path>C:\ti\ccs920\ccs\tools\compiler\ti-cgt-arm_18.12.3.LTS\lib\</path>
         <kind>archive</kind>
         <file>rtsv7R4_T_be_v3D16_eabi.lib</file>
         <name>setvbuf.c.obj</name>
      </input_file>
      <input_file id="fl-3a">
         <path>C:\ti\ccs920\ccs\tools\compiler\ti-cgt-arm_18.12.3.LTS\lib\</path>
         <kind>archive</kind>
         <file>rtsv7R4_T_be_v3D16_eabi.lib</file>
         <name>wcslen.c.obj</name>
      </input_file>
      <input_file id="fl-3b">
         <path>C:\ti\ccs920\ccs\tools\compiler\ti-cgt-arm_18.12.3.LTS\lib\</path>
         <kind>archive</kind>
         <file>rtsv7R4_T_be_v3D16_eabi.lib</file>
         <name>i_div32.asm.obj</name>
      </input_file>
      <input_file id="fl-3c">
         <path>C:\ti\ccs920\ccs\tools\compiler\ti-cgt-arm_18.12.3.LTS\lib\</path>
         <kind>archive</kind>
         <file>rtsv7R4_T_be_v3D16_eabi.lib</file>
         <name>u_div32.asm.obj</name>
      </input_file>
      <input_file id="fl-3d">
         <path>C:\ti\ccs920\ccs\tools\compiler\ti-cgt-arm_18.12.3.LTS\lib\</path>
         <kind>archive</kind>
         <file>rtsv7R4_T_be_v3D16_eabi.lib</file>
         <name>ull_div32.asm.obj</name>
      </input_file>
      <input_file id="fl-3e">
         <path>C:\ti\ccs920\ccs\tools\compiler\ti-cgt-arm_18.12.3.LTS\lib\</path>
         <kind>archive</kind>
         <file>rtsv7R4_T_be_v3D16_eabi.lib</file>
         <name>memset_t2.asm.obj</name>
      </input_file>
      <input_file id="fl-3f">
         <path>C:\ti\ccs920\ccs\tools\compiler\ti-cgt-arm_18.12.3.LTS\lib\</path>
         <kind>archive</kind>
         <file>rtsv7R4_T_be_v3D16_eabi.lib</file>
         <name>memcpy_t2.asm.obj</name>
      </input_file>
      <input_file id="fl-40">
         <path>C:\ti\ccs920\ccs\tools\compiler\ti-cgt-arm_18.12.3.LTS\lib\</path>
         <kind>archive</kind>
         <file>rtsv7R4_T_be_v3D16_eabi.lib</file>
         <name>autoinit.c.obj</name>
      </input_file>
      <input_file id="fl-41">
         <path>C:\ti\ccs920\ccs\tools\compiler\ti-cgt-arm_18.12.3.LTS\lib\</path>
         <kind>archive</kind>
         <file>rtsv7R4_T_be_v3D16_eabi.lib</file>
         <name>cpy_tbl.c.obj</name>
      </input_file>
      <input_file id="fl-42">
         <path>C:\ti\ccs920\ccs\tools\compiler\ti-cgt-arm_18.12.3.LTS\lib\</path>
         <kind>archive</kind>
         <file>rtsv7R4_T_be_v3D16_eabi.lib</file>
         <name>copy_zero_init.c.obj</name>
      </input_file>
      <input_file id="fl-43">
         <path>C:\ti\ccs920\ccs\tools\compiler\ti-cgt-arm_18.12.3.LTS\lib\</path>
         <kind>archive</kind>
         <file>rtsv7R4_T_be_v3D16_eabi.lib</file>
         <name>copy_decompress_none.c.obj</name>
      </input_file>
      <input_file id="fl-44">
         <path>C:\ti\ccs920\ccs\tools\compiler\ti-cgt-arm_18.12.3.LTS\lib\</path>
         <kind>archive</kind>
         <file>rtsv7R4_T_be_v3D16_eabi.lib</file>
         <name>copy_decompress_lzss.c.obj</name>
      </input_file>
      <input_file id="fl-45">
         <path>C:\ti\ccs920\ccs\tools\compiler\ti-cgt-arm_18.12.3.LTS\lib\</path>
         <kind>archive</kind>
         <file>rtsv7R4_T_be_v3D16_eabi.lib</file>
         <name>exit.c.obj</name>
      </input_file>
      <input_file id="fl-46">
         <path>C:\ti\ccs920\ccs\tools\compiler\ti-cgt-arm_18.12.3.LTS\lib\</path>
         <kind>archive</kind>
         <file>rtsv7R4_T_be_v3D16_eabi.lib</file>
         <name>_lock.c.obj</name>
      </input_file>
      <input_file id="fl-47">
         <path>C:\ti\ccs920\ccs\tools\compiler\ti-cgt-arm_18.12.3.LTS\lib\</path>
         <kind>archive</kind>
         <file>rtsv7R4_T_be_v3D16_eabi.lib</file>
         <name>atoi.c.obj</name>
      </input_file>
      <input_file id="fl-48">
         <path>C:\ti\ccs920\ccs\tools\compiler\ti-cgt-arm_18.12.3.LTS\lib\</path>
         <kind>archive</kind>
         <file>rtsv7R4_T_be_v3D16_eabi.lib</file>
         <name>ctype.c.obj</name>
      </input_file>
      <input_file id="fl-49">
         <path>C:\ti\ccs920\ccs\tools\compiler\ti-cgt-arm_18.12.3.LTS\lib\</path>
         <kind>archive</kind>
         <file>rtsv7R4_T_be_v3D16_eabi.lib</file>
         <name>defs.c.obj</name>
      </input_file>
      <input_file id="fl-4a">
         <path>C:\ti\ccs920\ccs\tools\compiler\ti-cgt-arm_18.12.3.LTS\lib\</path>
         <kind>archive</kind>
         <file>rtsv7R4_T_be_v3D16_eabi.lib</file>
         <name>ltoa.c.obj</name>
      </input_file>
      <input_file id="fl-4b">
         <path>C:\ti\ccs920\ccs\tools\compiler\ti-cgt-arm_18.12.3.LTS\lib\</path>
         <kind>archive</kind>
         <file>rtsv7R4_T_be_v3D16_eabi.lib</file>
         <name>memccpy.c.obj</name>
      </input_file>
      <input_file id="fl-4c">
         <path>C:\ti\ccs920\ccs\tools\compiler\ti-cgt-arm_18.12.3.LTS\lib\</path>
         <kind>archive</kind>
         <file>rtsv7R4_T_be_v3D16_eabi.lib</file>
         <name>memchr.c.obj</name>
      </input_file>
      <input_file id="fl-4d">
         <path>C:\ti\ccs920\ccs\tools\compiler\ti-cgt-arm_18.12.3.LTS\lib\</path>
         <kind>archive</kind>
         <file>rtsv7R4_T_be_v3D16_eabi.lib</file>
         <name>memory.c.obj</name>
      </input_file>
      <input_file id="fl-4e">
         <path>C:\ti\ccs920\ccs\tools\compiler\ti-cgt-arm_18.12.3.LTS\lib\</path>
         <kind>archive</kind>
         <file>rtsv7R4_T_be_v3D16_eabi.lib</file>
         <name>rand.c.obj</name>
      </input_file>
      <input_file id="fl-4f">
         <path>C:\ti\ccs920\ccs\tools\compiler\ti-cgt-arm_18.12.3.LTS\lib\</path>
         <kind>archive</kind>
         <file>rtsv7R4_T_be_v3D16_eabi.lib</file>
         <name>strchr.c.obj</name>
      </input_file>
      <input_file id="fl-50">
         <path>C:\ti\ccs920\ccs\tools\compiler\ti-cgt-arm_18.12.3.LTS\lib\</path>
         <kind>archive</kind>
         <file>rtsv7R4_T_be_v3D16_eabi.lib</file>
         <name>strcpy.c.obj</name>
      </input_file>
      <input_file id="fl-51">
         <path>C:\ti\ccs920\ccs\tools\compiler\ti-cgt-arm_18.12.3.LTS\lib\</path>
         <kind>archive</kind>
         <file>rtsv7R4_T_be_v3D16_eabi.lib</file>
         <name>strlen.c.obj</name>
      </input_file>
      <input_file id="fl-52">
         <path>C:\ti\ccs920\ccs\tools\compiler\ti-cgt-arm_18.12.3.LTS\lib\</path>
         <kind>archive</kind>
         <file>rtsv7R4_T_be_v3D16_eabi.lib</file>
         <name>strncat.c.obj</name>
      </input_file>
      <input_file id="fl-53">
         <path>C:\ti\ccs920\ccs\tools\compiler\ti-cgt-arm_18.12.3.LTS\lib\</path>
         <kind>archive</kind>
         <file>rtsv7R4_T_be_v3D16_eabi.lib</file>
         <name>strncmp.c.obj</name>
      </input_file>
      <input_file id="fl-54">
         <path>C:\ti\ccs920\ccs\tools\compiler\ti-cgt-arm_18.12.3.LTS\lib\</path>
         <kind>archive</kind>
         <file>rtsv7R4_T_be_v3D16_eabi.lib</file>
         <name>strncpy.c.obj</name>
      </input_file>
      <input_file id="fl-55">
         <path>C:\ti\ccs920\ccs\tools\compiler\ti-cgt-arm_18.12.3.LTS\lib\</path>
         <kind>archive</kind>
         <file>rtsv7R4_T_be_v3D16_eabi.lib</file>
         <name>strtok.c.obj</name>
      </input_file>
      <input_file id="fl-56">
         <path>C:\ti\ccs920\ccs\tools\compiler\ti-cgt-arm_18.12.3.LTS\lib\</path>
         <kind>archive</kind>
         <file>rtsv7R4_T_be_v3D16_eabi.lib</file>
         <name>errno.c.obj</name>
      </input_file>
      <input_file id="fl-57">
         <path>C:\ti\ccs920\ccs\tools\compiler\ti-cgt-arm_18.12.3.LTS\lib\</path>
         <kind>archive</kind>
         <file>rtsv7R4_T_be_v3D16_eabi.lib</file>
         <name>write.c.obj</name>
      </input_file>
      <input_file id="fl-58">
         <path>C:\ti\ccs920\ccs\tools\compiler\ti-cgt-arm_18.12.3.LTS\lib\</path>
         <kind>archive</kind>
         <file>rtsv7R4_T_be_v3D16_eabi.lib</file>
         <name>host_device.c.obj</name>
      </input_file>
      <input_file id="fl-59">
         <path>C:\ti\ccs920\ccs\tools\compiler\ti-cgt-arm_18.12.3.LTS\lib\</path>
         <kind>archive</kind>
         <file>rtsv7R4_T_be_v3D16_eabi.lib</file>
         <name>s_frexp.c.obj</name>
      </input_file>
      <input_file id="fl-5a">
         <path>C:\ti\ccs920\ccs\tools\compiler\ti-cgt-arm_18.12.3.LTS\lib\</path>
         <kind>archive</kind>
         <file>rtsv7R4_T_be_v3D16_eabi.lib</file>
         <name>s_scalbn.c.obj</name>
      </input_file>
      <input_file id="fl-5b">
         <path>C:\ti\ccs920\ccs\tools\compiler\ti-cgt-arm_18.12.3.LTS\lib\</path>
         <kind>archive</kind>
         <file>rtsv7R4_T_be_v3D16_eabi.lib</file>
         <name>_scanfi.c.obj</name>
      </input_file>
      <input_file id="fl-5c">
         <path>C:\ti\ccs920\ccs\tools\compiler\ti-cgt-arm_18.12.3.LTS\lib\</path>
         <kind>archive</kind>
         <file>rtsv7R4_T_be_v3D16_eabi.lib</file>
         <name>fflush.c.obj</name>
      </input_file>
      <input_file id="fl-5d">
         <path>C:\ti\ccs920\ccs\tools\compiler\ti-cgt-arm_18.12.3.LTS\lib\</path>
         <kind>archive</kind>
         <file>rtsv7R4_T_be_v3D16_eabi.lib</file>
         <name>fopen.c.obj</name>
      </input_file>
      <input_file id="fl-5e">
         <path>C:\ti\ccs920\ccs\tools\compiler\ti-cgt-arm_18.12.3.LTS\lib\</path>
         <kind>archive</kind>
         <file>rtsv7R4_T_be_v3D16_eabi.lib</file>
         <name>fseek.c.obj</name>
      </input_file>
      <input_file id="fl-5f">
         <path>C:\ti\ccs920\ccs\tools\compiler\ti-cgt-arm_18.12.3.LTS\lib\</path>
         <kind>archive</kind>
         <file>rtsv7R4_T_be_v3D16_eabi.lib</file>
         <name>div0.asm.obj</name>
      </input_file>
      <input_file id="fl-60">
         <path>C:\ti\ccs920\ccs\tools\compiler\ti-cgt-arm_18.12.3.LTS\lib\</path>
         <kind>archive</kind>
         <file>rtsv7R4_T_be_v3D16_eabi.lib</file>
         <name>strcspn.c.obj</name>
      </input_file>
      <input_file id="fl-61">
         <path>C:\ti\ccs920\ccs\tools\compiler\ti-cgt-arm_18.12.3.LTS\lib\</path>
         <kind>archive</kind>
         <file>rtsv7R4_T_be_v3D16_eabi.lib</file>
         <name>strrchr.c.obj</name>
      </input_file>
      <input_file id="fl-62">
         <path>C:\ti\ccs920\ccs\tools\compiler\ti-cgt-arm_18.12.3.LTS\lib\</path>
         <kind>archive</kind>
         <file>rtsv7R4_T_be_v3D16_eabi.lib</file>
         <name>strspn.c.obj</name>
      </input_file>
      <input_file id="fl-63">
         <path>C:\ti\ccs920\ccs\tools\compiler\ti-cgt-arm_18.12.3.LTS\lib\</path>
         <kind>archive</kind>
         <file>rtsv7R4_T_be_v3D16_eabi.lib</file>
         <name>strtod.c.obj</name>
      </input_file>
      <input_file id="fl-64">
         <path>C:\ti\ccs920\ccs\tools\compiler\ti-cgt-arm_18.12.3.LTS\lib\</path>
         <kind>archive</kind>
         <file>rtsv7R4_T_be_v3D16_eabi.lib</file>
         <name>strtol.c.obj</name>
      </input_file>
      <input_file id="fl-65">
         <path>C:\ti\ccs920\ccs\tools\compiler\ti-cgt-arm_18.12.3.LTS\lib\</path>
         <kind>archive</kind>
         <file>rtsv7R4_T_be_v3D16_eabi.lib</file>
         <name>strtoll.c.obj</name>
      </input_file>
      <input_file id="fl-66">
         <path>C:\ti\ccs920\ccs\tools\compiler\ti-cgt-arm_18.12.3.LTS\lib\</path>
         <kind>archive</kind>
         <file>rtsv7R4_T_be_v3D16_eabi.lib</file>
         <name>strtoul.c.obj</name>
      </input_file>
      <input_file id="fl-67">
         <path>C:\ti\ccs920\ccs\tools\compiler\ti-cgt-arm_18.12.3.LTS\lib\</path>
         <kind>archive</kind>
         <file>rtsv7R4_T_be_v3D16_eabi.lib</file>
         <name>strtoull.c.obj</name>
      </input_file>
      <input_file id="fl-68">
         <path>C:\ti\ccs920\ccs\tools\compiler\ti-cgt-arm_18.12.3.LTS\lib\</path>
         <kind>archive</kind>
         <file>rtsv7R4_T_be_v3D16_eabi.lib</file>
         <name>hostclose.c.obj</name>
      </input_file>
      <input_file id="fl-69">
         <path>C:\ti\ccs920\ccs\tools\compiler\ti-cgt-arm_18.12.3.LTS\lib\</path>
         <kind>archive</kind>
         <file>rtsv7R4_T_be_v3D16_eabi.lib</file>
         <name>hostlseek.c.obj</name>
      </input_file>
      <input_file id="fl-6a">
         <path>C:\ti\ccs920\ccs\tools\compiler\ti-cgt-arm_18.12.3.LTS\lib\</path>
         <kind>archive</kind>
         <file>rtsv7R4_T_be_v3D16_eabi.lib</file>
         <name>hostopen.c.obj</name>
      </input_file>
      <input_file id="fl-6b">
         <path>C:\ti\ccs920\ccs\tools\compiler\ti-cgt-arm_18.12.3.LTS\lib\</path>
         <kind>archive</kind>
         <file>rtsv7R4_T_be_v3D16_eabi.lib</file>
         <name>hostread.c.obj</name>
      </input_file>
      <input_file id="fl-6c">
         <path>C:\ti\ccs920\ccs\tools\compiler\ti-cgt-arm_18.12.3.LTS\lib\</path>
         <kind>archive</kind>
         <file>rtsv7R4_T_be_v3D16_eabi.lib</file>
         <name>hostrename.c.obj</name>
      </input_file>
      <input_file id="fl-6d">
         <path>C:\ti\ccs920\ccs\tools\compiler\ti-cgt-arm_18.12.3.LTS\lib\</path>
         <kind>archive</kind>
         <file>rtsv7R4_T_be_v3D16_eabi.lib</file>
         <name>hostunlink.c.obj</name>
      </input_file>
      <input_file id="fl-6e">
         <path>C:\ti\ccs920\ccs\tools\compiler\ti-cgt-arm_18.12.3.LTS\lib\</path>
         <kind>archive</kind>
         <file>rtsv7R4_T_be_v3D16_eabi.lib</file>
         <name>hostwrite.c.obj</name>
      </input_file>
      <input_file id="fl-6f">
         <path>C:\ti\ccs920\ccs\tools\compiler\ti-cgt-arm_18.12.3.LTS\lib\</path>
         <kind>archive</kind>
         <file>rtsv7R4_T_be_v3D16_eabi.lib</file>
         <name>trgmsg.c.obj</name>
      </input_file>
      <input_file id="fl-70">
         <path>C:\ti\ccs920\ccs\tools\compiler\ti-cgt-arm_18.12.3.LTS\lib\</path>
         <kind>archive</kind>
         <file>rtsv7R4_T_be_v3D16_eabi.lib</file>
         <name>open.c.obj</name>
      </input_file>
      <input_file id="fl-71">
         <path>C:\ti\ccs920\ccs\tools\compiler\ti-cgt-arm_18.12.3.LTS\lib\</path>
         <kind>archive</kind>
         <file>rtsv7R4_T_be_v3D16_eabi.lib</file>
         <name>lseek.c.obj</name>
      </input_file>
      <input_file id="fl-72">
         <path>C:\ti\ccs920\ccs\tools\compiler\ti-cgt-arm_18.12.3.LTS\lib\</path>
         <kind>archive</kind>
         <file>rtsv7R4_T_be_v3D16_eabi.lib</file>
         <name>s_copysign.c.obj</name>
      </input_file>
      <input_file id="fl-73">
         <path>C:\ti\ccs920\ccs\tools\compiler\ti-cgt-arm_18.12.3.LTS\lib\</path>
         <kind>archive</kind>
         <file>rtsv7R4_T_be_v3D16_eabi.lib</file>
         <name>fclose.c.obj</name>
      </input_file>
      <input_file id="fl-74">
         <path>C:\ti\ccs920\ccs\tools\compiler\ti-cgt-arm_18.12.3.LTS\lib\</path>
         <kind>archive</kind>
         <file>rtsv7R4_T_be_v3D16_eabi.lib</file>
         <name>getdevice.c.obj</name>
      </input_file>
      <input_file id="fl-75">
         <path>C:\ti\ccs920\ccs\tools\compiler\ti-cgt-arm_18.12.3.LTS\lib\</path>
         <kind>archive</kind>
         <file>rtsv7R4_T_be_v3D16_eabi.lib</file>
         <name>ll_mul_t2.asm.obj</name>
      </input_file>
      <input_file id="fl-76">
         <path>C:\ti\ccs920\ccs\tools\compiler\ti-cgt-arm_18.12.3.LTS\lib\</path>
         <kind>archive</kind>
         <file>rtsv7R4_T_be_v3D16_eabi.lib</file>
         <name>strcmp.c.obj</name>
      </input_file>
      <input_file id="fl-77">
         <path>C:\ti\ccs920\ccs\tools\compiler\ti-cgt-arm_18.12.3.LTS\lib\</path>
         <kind>archive</kind>
         <file>rtsv7R4_T_be_v3D16_eabi.lib</file>
         <name>remove.c.obj</name>
      </input_file>
      <input_file id="fl-78">
         <path>C:\ti\ccs920\ccs\tools\compiler\ti-cgt-arm_18.12.3.LTS\lib\</path>
         <kind>archive</kind>
         <file>rtsv7R4_T_be_v3D16_eabi.lib</file>
         <name>close.c.obj</name>
      </input_file>
      <input_file id="fl-79">
         <path>C:\ti\ccs920\ccs\tools\compiler\ti-cgt-arm_18.12.3.LTS\lib\</path>
         <kind>archive</kind>
         <file>rtsv7R4_T_be_v3D16_eabi.lib</file>
         <name>unlink.c.obj</name>
      </input_file>
   </input_file_list>
   <object_component_list>
      <object_component id="oc-170">
         <name>.kernelTEXT</name>
         <load_address>0x20</load_address>
         <run_address>0x20</run_address>
         <size>0x35c8</size>
         <input_file_ref idref="fl-14"/>
      </object_component>
      <object_component id="oc-30d">
         <name>.kernelTEXT</name>
         <load_address>0x35e8</load_address>
         <run_address>0x35e8</run_address>
         <size>0x13cc</size>
         <input_file_ref idref="fl-13"/>
      </object_component>
      <object_component id="oc-313">
         <name>.kernelTEXT</name>
         <load_address>0x49b4</load_address>
         <run_address>0x49b4</run_address>
         <size>0x85c</size>
         <input_file_ref idref="fl-25"/>
      </object_component>
      <object_component id="oc-ab">
         <name>.kernelTEXT</name>
         <load_address>0x5210</load_address>
         <run_address>0x5210</run_address>
         <size>0x4b0</size>
         <input_file_ref idref="fl-29"/>
      </object_component>
      <object_component id="oc-356">
         <name>.kernelTEXT</name>
         <load_address>0x56c0</load_address>
         <run_address>0x56c0</run_address>
         <size>0x3e0</size>
         <input_file_ref idref="fl-28"/>
      </object_component>
      <object_component id="oc-34a">
         <name>.kernelTEXT</name>
         <load_address>0x5aa0</load_address>
         <run_address>0x5aa0</run_address>
         <size>0x380</size>
         <input_file_ref idref="fl-26"/>
      </object_component>
      <object_component id="oc-847">
         <name>.cinit..data.load</name>
         <load_address>0x6620</load_address>
         <run_address>0x6620</run_address>
         <size>0x82</size>
      </object_component>
      <object_component id="oc-842">
         <name>__TI_handler_table</name>
         <load_address>0x66a4</load_address>
         <run_address>0x66a4</run_address>
         <size>0xc</size>
      </object_component>
      <object_component id="oc-844">
         <name>.cinit..kernelBSS.load</name>
         <load_address>0x66b0</load_address>
         <run_address>0x66b0</run_address>
         <size>0x9</size>
      </object_component>
      <object_component id="oc-846">
         <name>.cinit..bss.load</name>
         <load_address>0x66c0</load_address>
         <run_address>0x66c0</run_address>
         <size>0x8</size>
      </object_component>
      <object_component id="oc-845">
         <name>.cinit..kernelHEAP.load</name>
         <load_address>0x66c8</load_address>
         <run_address>0x66c8</run_address>
         <size>0x8</size>
      </object_component>
      <object_component id="oc-843">
         <name>__TI_cinit_table</name>
         <load_address>0x66d0</load_address>
         <run_address>0x66d0</run_address>
         <size>0x20</size>
      </object_component>
      <object_component id="oc-79">
         <name>.text</name>
         <load_address>0x8020</load_address>
         <run_address>0x8020</run_address>
         <size>0x28dc</size>
         <input_file_ref idref="fl-2d"/>
      </object_component>
      <object_component id="oc-121">
         <name>.text</name>
         <load_address>0xa8fc</load_address>
         <run_address>0xa8fc</run_address>
         <size>0xec0</size>
         <input_file_ref idref="fl-c"/>
      </object_component>
      <object_component id="oc-146">
         <name>.text</name>
         <load_address>0xb7bc</load_address>
         <run_address>0xb7bc</run_address>
         <size>0xc0c</size>
         <input_file_ref idref="fl-a"/>
      </object_component>
      <object_component id="oc-73">
         <name>.text</name>
         <load_address>0xc3c8</load_address>
         <run_address>0xc3c8</run_address>
         <size>0xb0c</size>
         <input_file_ref idref="fl-17"/>
      </object_component>
      <object_component id="oc-566">
         <name>.text:__TI_scanfi</name>
         <load_address>0xced4</load_address>
         <run_address>0xced4</run_address>
         <size>0xafc</size>
         <input_file_ref idref="fl-5b"/>
      </object_component>
      <object_component id="oc-14c">
         <name>.text</name>
         <load_address>0xd9d0</load_address>
         <run_address>0xd9d0</run_address>
         <size>0xadc</size>
         <input_file_ref idref="fl-12"/>
      </object_component>
      <object_component id="oc-26">
         <name>.text</name>
         <load_address>0xe4ac</load_address>
         <run_address>0xe4ac</run_address>
         <size>0xa58</size>
         <input_file_ref idref="fl-16"/>
      </object_component>
      <object_component id="oc-274">
         <name>.text:__TI_printfi</name>
         <load_address>0xef04</load_address>
         <run_address>0xef04</run_address>
         <size>0xa4a</size>
         <input_file_ref idref="fl-31"/>
      </object_component>
      <object_component id="oc-457">
         <name>.text:_nop</name>
         <load_address>0xf94e</load_address>
         <run_address>0xf94e</run_address>
         <size>0x2</size>
         <input_file_ref idref="fl-46"/>
      </object_component>
      <object_component id="oc-db">
         <name>.text</name>
         <load_address>0xf950</load_address>
         <run_address>0xf950</run_address>
         <size>0x8ac</size>
         <input_file_ref idref="fl-2a"/>
      </object_component>
      <object_component id="oc-139">
         <name>.text</name>
         <load_address>0x101fc</load_address>
         <run_address>0x101fc</run_address>
         <size>0x890</size>
         <input_file_ref idref="fl-10"/>
      </object_component>
      <object_component id="oc-164">
         <name>.text</name>
         <load_address>0x10a8c</load_address>
         <run_address>0x10a8c</run_address>
         <size>0x734</size>
         <input_file_ref idref="fl-f"/>
      </object_component>
      <object_component id="oc-248">
         <name>.text</name>
         <load_address>0x111c0</load_address>
         <run_address>0x111c0</run_address>
         <size>0x728</size>
         <input_file_ref idref="fl-19"/>
      </object_component>
      <object_component id="oc-152">
         <name>.text</name>
         <load_address>0x118e8</load_address>
         <run_address>0x118e8</run_address>
         <size>0x6ec</size>
         <input_file_ref idref="fl-11"/>
      </object_component>
      <object_component id="oc-67">
         <name>.text</name>
         <load_address>0x11fd4</load_address>
         <run_address>0x11fd4</run_address>
         <size>0x664</size>
         <input_file_ref idref="fl-22"/>
      </object_component>
      <object_component id="oc-133">
         <name>.text</name>
         <load_address>0x12638</load_address>
         <run_address>0x12638</run_address>
         <size>0x638</size>
         <input_file_ref idref="fl-9"/>
      </object_component>
      <object_component id="oc-7f">
         <name>.text</name>
         <load_address>0x12c70</load_address>
         <run_address>0x12c70</run_address>
         <size>0x5bc</size>
         <input_file_ref idref="fl-23"/>
      </object_component>
      <object_component id="oc-686">
         <name>.text:strtod</name>
         <load_address>0x1322c</load_address>
         <run_address>0x1322c</run_address>
         <size>0x3e8</size>
         <input_file_ref idref="fl-63"/>
      </object_component>
      <object_component id="oc-86">
         <name>.text</name>
         <load_address>0x13614</load_address>
         <run_address>0x13614</run_address>
         <size>0x388</size>
         <input_file_ref idref="fl-2"/>
      </object_component>
      <object_component id="oc-62">
         <name>.text</name>
         <load_address>0x1399c</load_address>
         <run_address>0x1399c</run_address>
         <size>0x34c</size>
         <input_file_ref idref="fl-2b"/>
      </object_component>
      <object_component id="oc-242">
         <name>.text</name>
         <load_address>0x13ce8</load_address>
         <run_address>0x13ce8</run_address>
         <size>0x348</size>
         <input_file_ref idref="fl-21"/>
      </object_component>
      <object_component id="oc-2ba">
         <name>.text</name>
         <load_address>0x14030</load_address>
         <run_address>0x14030</run_address>
         <size>0x2d4</size>
         <input_file_ref idref="fl-1e"/>
      </object_component>
      <object_component id="oc-21">
         <name>.text:retain</name>
         <load_address>0x14304</load_address>
         <run_address>0x14304</run_address>
         <size>0x2cc</size>
         <input_file_ref idref="fl-16"/>
      </object_component>
      <object_component id="oc-5a6">
         <name>.text</name>
         <load_address>0x145d0</load_address>
         <run_address>0x145d0</run_address>
         <size>0x2b8</size>
         <input_file_ref idref="fl-3d"/>
      </object_component>
      <object_component id="oc-23c">
         <name>.text</name>
         <load_address>0x14888</load_address>
         <run_address>0x14888</run_address>
         <size>0x288</size>
         <input_file_ref idref="fl-e"/>
      </object_component>
      <object_component id="oc-503">
         <name>.text</name>
         <load_address>0x14b10</load_address>
         <run_address>0x14b10</run_address>
         <size>0x278</size>
         <input_file_ref idref="fl-26"/>
      </object_component>
      <object_component id="oc-24e">
         <name>.text</name>
         <load_address>0x14d88</load_address>
         <run_address>0x14d88</run_address>
         <size>0x270</size>
         <input_file_ref idref="fl-b"/>
      </object_component>
      <object_component id="oc-433">
         <name>.text:_pconv_a</name>
         <load_address>0x14ff8</load_address>
         <run_address>0x14ff8</run_address>
         <size>0x248</size>
         <input_file_ref idref="fl-31"/>
      </object_component>
      <object_component id="oc-350">
         <name>.text</name>
         <load_address>0x15240</load_address>
         <run_address>0x15240</run_address>
         <size>0x238</size>
         <input_file_ref idref="fl-27"/>
      </object_component>
      <object_component id="oc-127">
         <name>.text</name>
         <load_address>0x15478</load_address>
         <run_address>0x15478</run_address>
         <size>0x22c</size>
         <input_file_ref idref="fl-d"/>
      </object_component>
      <object_component id="oc-2d1">
         <name>.text</name>
         <load_address>0x156a4</load_address>
         <run_address>0x156a4</run_address>
         <size>0x208</size>
         <input_file_ref idref="fl-1d"/>
      </object_component>
      <object_component id="oc-1b">
         <name>.text:retain</name>
         <load_address>0x158ac</load_address>
         <run_address>0x158ac</run_address>
         <size>0x200</size>
         <input_file_ref idref="fl-15"/>
      </object_component>
      <object_component id="oc-692">
         <name>.text:strtoll</name>
         <load_address>0x15aac</load_address>
         <run_address>0x15aac</run_address>
         <size>0x1e0</size>
         <input_file_ref idref="fl-65"/>
      </object_component>
      <object_component id="oc-513">
         <name>.text</name>
         <load_address>0x15c8c</load_address>
         <run_address>0x15c8c</run_address>
         <size>0x1b4</size>
         <input_file_ref idref="fl-28"/>
      </object_component>
      <object_component id="oc-421">
         <name>.text:_pconv_g</name>
         <load_address>0x15e40</load_address>
         <run_address>0x15e40</run_address>
         <size>0x1a0</size>
         <input_file_ref idref="fl-31"/>
      </object_component>
      <object_component id="oc-307">
         <name>.text</name>
         <load_address>0x15fe0</load_address>
         <run_address>0x15fe0</run_address>
         <size>0x164</size>
         <input_file_ref idref="fl-14"/>
      </object_component>
      <object_component id="oc-680">
         <name>.text:strtoull</name>
         <load_address>0x16144</load_address>
         <run_address>0x16144</run_address>
         <size>0x164</size>
         <input_file_ref idref="fl-67"/>
      </object_component>
      <object_component id="oc-68c">
         <name>.text:strtol</name>
         <load_address>0x162a8</load_address>
         <run_address>0x162a8</run_address>
         <size>0x130</size>
         <input_file_ref idref="fl-64"/>
      </object_component>
      <object_component id="oc-254">
         <name>.text</name>
         <load_address>0x163d8</load_address>
         <run_address>0x163d8</run_address>
         <size>0x120</size>
         <input_file_ref idref="fl-1c"/>
      </object_component>
      <object_component id="oc-461">
         <name>.text:fputs</name>
         <load_address>0x164f8</load_address>
         <run_address>0x164f8</run_address>
         <size>0x118</size>
         <input_file_ref idref="fl-37"/>
      </object_component>
      <object_component id="oc-2d">
         <name>.text:retain</name>
         <load_address>0x16610</load_address>
         <run_address>0x16610</run_address>
         <size>0x114</size>
         <input_file_ref idref="fl-23"/>
      </object_component>
      <object_component id="oc-67a">
         <name>.text:strtoul</name>
         <load_address>0x16724</load_address>
         <run_address>0x16724</run_address>
         <size>0x110</size>
         <input_file_ref idref="fl-66"/>
      </object_component>
      <object_component id="oc-42d">
         <name>.text:_pconv_e</name>
         <load_address>0x16834</load_address>
         <run_address>0x16834</run_address>
         <size>0x104</size>
         <input_file_ref idref="fl-31"/>
      </object_component>
      <object_component id="oc-5bf">
         <name>.text:fcvt</name>
         <load_address>0x16938</load_address>
         <run_address>0x16938</run_address>
         <size>0xfc</size>
         <input_file_ref idref="fl-31"/>
      </object_component>
      <object_component id="oc-54e">
         <name>.text:aligned_alloc</name>
         <load_address>0x16a34</load_address>
         <run_address>0x16a34</run_address>
         <size>0xf8</size>
         <input_file_ref idref="fl-4d"/>
      </object_component>
      <object_component id="oc-5d3">
         <name>.text:scalbn</name>
         <load_address>0x16b2c</load_address>
         <run_address>0x16b2c</run_address>
         <size>0xf0</size>
         <input_file_ref idref="fl-5a"/>
      </object_component>
      <object_component id="oc-734">
         <name>.text:free</name>
         <load_address>0x16c1c</load_address>
         <run_address>0x16c1c</run_address>
         <size>0xe8</size>
         <input_file_ref idref="fl-4d"/>
      </object_component>
      <object_component id="oc-e3">
         <name>.text</name>
         <load_address>0x16d04</load_address>
         <run_address>0x16d04</run_address>
         <size>0xe0</size>
         <input_file_ref idref="fl-2e"/>
      </object_component>
      <object_component id="oc-6e7">
         <name>.text:setvbuf</name>
         <load_address>0x16de4</load_address>
         <run_address>0x16de4</run_address>
         <size>0xdc</size>
         <input_file_ref idref="fl-39"/>
      </object_component>
      <object_component id="oc-33a">
         <name>.text</name>
         <load_address>0x16ec0</load_address>
         <run_address>0x16ec0</run_address>
         <size>0xd4</size>
         <input_file_ref idref="fl-1a"/>
      </object_component>
      <object_component id="oc-41b">
         <name>.text:_ltostr</name>
         <load_address>0x16f94</load_address>
         <run_address>0x16f94</run_address>
         <size>0xad</size>
         <input_file_ref idref="fl-31"/>
      </object_component>
      <object_component id="oc-4b4">
         <name>.text</name>
         <load_address>0x17042</load_address>
         <run_address>0x17042</run_address>
         <size>0x2</size>
         <input_file_ref idref="fl-5f"/>
      </object_component>
      <object_component id="oc-8e">
         <name>.text</name>
         <load_address>0x17044</load_address>
         <run_address>0x17044</run_address>
         <size>0xa8</size>
         <input_file_ref idref="fl-24"/>
      </object_component>
      <object_component id="oc-4a">
         <name>.text</name>
         <load_address>0x170ec</load_address>
         <run_address>0x170ec</run_address>
         <size>0x9c</size>
         <input_file_ref idref="fl-3f"/>
      </object_component>
      <object_component id="oc-468">
         <name>.text:fputc</name>
         <load_address>0x17188</load_address>
         <run_address>0x17188</run_address>
         <size>0x90</size>
         <input_file_ref idref="fl-36"/>
      </object_component>
      <object_component id="oc-668">
         <name>.text:split</name>
         <load_address>0x17218</load_address>
         <run_address>0x17218</run_address>
         <size>0x7c</size>
         <input_file_ref idref="fl-4d"/>
      </object_component>
      <object_component id="oc-5b8">
         <name>.text:_mcpy</name>
         <load_address>0x17294</load_address>
         <run_address>0x17294</run_address>
         <size>0x7a</size>
         <input_file_ref idref="fl-31"/>
      </object_component>
      <object_component id="oc-cd">
         <name>.text</name>
         <load_address>0x1730e</load_address>
         <run_address>0x1730e</run_address>
         <size>0x7a</size>
         <input_file_ref idref="fl-3e"/>
      </object_component>
      <object_component id="oc-771">
         <name>.text:__TI_closefile</name>
         <load_address>0x17388</load_address>
         <run_address>0x17388</run_address>
         <size>0x74</size>
         <input_file_ref idref="fl-73"/>
      </object_component>
      <object_component id="oc-5cd">
         <name>.text:frexp</name>
         <load_address>0x173fc</load_address>
         <run_address>0x173fc</run_address>
         <size>0x74</size>
         <input_file_ref idref="fl-59"/>
      </object_component>
      <object_component id="oc-7a1">
         <name>.text:HOSTrename</name>
         <load_address>0x17470</load_address>
         <run_address>0x17470</run_address>
         <size>0x6c</size>
         <input_file_ref idref="fl-6c"/>
      </object_component>
      <object_component id="oc-e">
         <name>.text:decompress:lzss:__TI_decompress_lzss</name>
         <load_address>0x174dc</load_address>
         <run_address>0x174dc</run_address>
         <size>0x6c</size>
         <input_file_ref idref="fl-44"/>
      </object_component>
      <object_component id="oc-795">
         <name>.text:HOSTlseek</name>
         <load_address>0x17548</load_address>
         <run_address>0x17548</run_address>
         <size>0x68</size>
         <input_file_ref idref="fl-69"/>
      </object_component>
      <object_component id="oc-578">
         <name>.text:_chkmbc</name>
         <load_address>0x175b0</load_address>
         <run_address>0x175b0</run_address>
         <size>0x68</size>
         <input_file_ref idref="fl-35"/>
      </object_component>
      <object_component id="oc-2e8">
         <name>.text:printf</name>
         <load_address>0x17618</load_address>
         <run_address>0x17618</run_address>
         <size>0x68</size>
         <input_file_ref idref="fl-2f"/>
      </object_component>
      <object_component id="oc-5fd">
         <name>.text:__TI_wrt_ok</name>
         <load_address>0x17680</load_address>
         <run_address>0x17680</run_address>
         <size>0x64</size>
         <input_file_ref idref="fl-38"/>
      </object_component>
      <object_component id="oc-12d">
         <name>.text:fprintf</name>
         <load_address>0x176e4</load_address>
         <run_address>0x176e4</run_address>
         <size>0x64</size>
         <input_file_ref idref="fl-30"/>
      </object_component>
      <object_component id="oc-6e1">
         <name>.text:fseek</name>
         <load_address>0x17748</load_address>
         <run_address>0x17748</run_address>
         <size>0x64</size>
         <input_file_ref idref="fl-5e"/>
      </object_component>
      <object_component id="oc-16a">
         <name>.text</name>
         <load_address>0x177ac</load_address>
         <run_address>0x177ac</run_address>
         <size>0x60</size>
         <input_file_ref idref="fl-8"/>
      </object_component>
      <object_component id="oc-77d">
         <name>.text:HOSTopen</name>
         <load_address>0x1780c</load_address>
         <run_address>0x1780c</run_address>
         <size>0x5c</size>
         <input_file_ref idref="fl-6a"/>
      </object_component>
      <object_component id="oc-789">
         <name>.text:HOSTread</name>
         <load_address>0x17868</load_address>
         <run_address>0x17868</run_address>
         <size>0x5c</size>
         <input_file_ref idref="fl-6b"/>
      </object_component>
      <object_component id="oc-78f">
         <name>.text:HOSTwrite</name>
         <load_address>0x178c4</load_address>
         <run_address>0x178c4</run_address>
         <size>0x58</size>
         <input_file_ref idref="fl-6e"/>
      </object_component>
      <object_component id="oc-7ad">
         <name>.text:close</name>
         <load_address>0x1791c</load_address>
         <run_address>0x1791c</run_address>
         <size>0x58</size>
         <input_file_ref idref="fl-78"/>
      </object_component>
      <object_component id="oc-3fd">
         <name>.text</name>
         <load_address>0x17974</load_address>
         <run_address>0x17974</run_address>
         <size>0x54</size>
         <input_file_ref idref="fl-18"/>
      </object_component>
      <object_component id="oc-5b2">
         <name>.text:_ecpy</name>
         <load_address>0x179c8</load_address>
         <run_address>0x179c8</run_address>
         <size>0x54</size>
         <input_file_ref idref="fl-31"/>
      </object_component>
      <object_component id="oc-5ac">
         <name>.text:ltoa</name>
         <load_address>0x17a1c</load_address>
         <run_address>0x17a1c</run_address>
         <size>0x54</size>
         <input_file_ref idref="fl-4a"/>
      </object_component>
      <object_component id="oc-2e3">
         <name>.text</name>
         <load_address>0x17a70</load_address>
         <run_address>0x17a70</run_address>
         <size>0x54</size>
         <input_file_ref idref="fl-3b"/>
      </object_component>
      <object_component id="oc-3dd">
         <name>.text:vprintf</name>
         <load_address>0x17ac4</load_address>
         <run_address>0x17ac4</run_address>
         <size>0x54</size>
         <input_file_ref idref="fl-34"/>
      </object_component>
      <object_component id="oc-427">
         <name>.text:_pconv_f</name>
         <load_address>0x17b18</load_address>
         <run_address>0x17b18</run_address>
         <size>0x50</size>
         <input_file_ref idref="fl-31"/>
      </object_component>
      <object_component id="oc-415">
         <name>.text:atoi</name>
         <load_address>0x17b68</load_address>
         <run_address>0x17b68</run_address>
         <size>0x50</size>
         <input_file_ref idref="fl-47"/>
      </object_component>
      <object_component id="oc-491">
         <name>.text</name>
         <load_address>0x17bb8</load_address>
         <run_address>0x17bb8</run_address>
         <size>0x50</size>
         <input_file_ref idref="fl-3c"/>
      </object_component>
      <object_component id="oc-603">
         <name>.text:__TI_doflush</name>
         <load_address>0x17c08</load_address>
         <run_address>0x17c08</run_address>
         <size>0x4c</size>
         <input_file_ref idref="fl-5c"/>
      </object_component>
      <object_component id="oc-2ee">
         <name>.text:snprintf</name>
         <load_address>0x17c54</load_address>
         <run_address>0x17c54</run_address>
         <size>0x4c</size>
         <input_file_ref idref="fl-32"/>
      </object_component>
      <object_component id="oc-783">
         <name>.text:HOSTclose</name>
         <load_address>0x17ca0</load_address>
         <run_address>0x17ca0</run_address>
         <size>0x44</size>
         <input_file_ref idref="fl-68"/>
      </object_component>
      <object_component id="oc-79b">
         <name>.text:HOSTunlink</name>
         <load_address>0x17ce4</load_address>
         <run_address>0x17ce4</run_address>
         <size>0x44</size>
         <input_file_ref idref="fl-6d"/>
      </object_component>
      <object_component id="oc-f1">
         <name>.text:__TI_auto_init_nobinit_nopinit:__TI_auto_init_nobinit_nopinit</name>
         <load_address>0x17d28</load_address>
         <run_address>0x17d28</run_address>
         <size>0x44</size>
         <input_file_ref idref="fl-40"/>
      </object_component>
      <object_component id="oc-188">
         <name>.text:exit</name>
         <load_address>0x17d6c</load_address>
         <run_address>0x17d6c</run_address>
         <size>0x44</size>
         <input_file_ref idref="fl-45"/>
      </object_component>
      <object_component id="oc-7dc">
         <name>.text:getdevice</name>
         <load_address>0x17db0</load_address>
         <run_address>0x17db0</run_address>
         <size>0x44</size>
         <input_file_ref idref="fl-74"/>
      </object_component>
      <object_component id="oc-2c0">
         <name>.text</name>
         <load_address>0x17df4</load_address>
         <run_address>0x17df4</run_address>
         <size>0x40</size>
         <input_file_ref idref="fl-1f"/>
      </object_component>
      <object_component id="oc-5c5">
         <name>.text:_fcpy</name>
         <load_address>0x17e34</load_address>
         <run_address>0x17e34</run_address>
         <size>0x40</size>
         <input_file_ref idref="fl-31"/>
      </object_component>
      <object_component id="oc-35f">
         <name>.text:sprintf</name>
         <load_address>0x17e74</load_address>
         <run_address>0x17e74</run_address>
         <size>0x40</size>
         <input_file_ref idref="fl-33"/>
      </object_component>
      <object_component id="oc-3cc">
         <name>.text:strtok</name>
         <load_address>0x17eb4</load_address>
         <run_address>0x17eb4</run_address>
         <size>0x40</size>
         <input_file_ref idref="fl-55"/>
      </object_component>
      <object_component id="oc-7be">
         <name>.text:__TI_writemsg</name>
         <load_address>0x17ef4</load_address>
         <run_address>0x17ef4</run_address>
         <size>0x3c</size>
         <input_file_ref idref="fl-6f"/>
      </object_component>
      <object_component id="oc-3d2">
         <name>.text:sscanf</name>
         <load_address>0x17f30</load_address>
         <run_address>0x17f30</run_address>
         <size>0x38</size>
         <input_file_ref idref="fl-35"/>
      </object_component>
      <object_component id="oc-2a6">
         <name>.text:strncpy</name>
         <load_address>0x17f68</load_address>
         <run_address>0x17f68</run_address>
         <size>0x36</size>
         <input_file_ref idref="fl-54"/>
      </object_component>
      <object_component id="oc-73a">
         <name>.text:__TI_cleanup</name>
         <load_address>0x17fa0</load_address>
         <run_address>0x17fa0</run_address>
         <size>0x34</size>
         <input_file_ref idref="fl-5d"/>
      </object_component>
      <object_component id="oc-7c4">
         <name>.text:__TI_readmsg</name>
         <load_address>0x17fd4</load_address>
         <run_address>0x17fd4</run_address>
         <size>0x34</size>
         <input_file_ref idref="fl-6f"/>
      </object_component>
      <object_component id="oc-7fc">
         <name>.text:finddevice</name>
         <load_address>0x18008</load_address>
         <run_address>0x18008</run_address>
         <size>0x34</size>
         <input_file_ref idref="fl-74"/>
      </object_component>
      <object_component id="oc-2dd">
         <name>.text:rand</name>
         <load_address>0x1803c</load_address>
         <run_address>0x1803c</run_address>
         <size>0x34</size>
         <input_file_ref idref="fl-4e"/>
      </object_component>
      <object_component id="oc-4c8">
         <name>.text:_outs</name>
         <load_address>0x18070</load_address>
         <run_address>0x18070</run_address>
         <size>0x30</size>
         <input_file_ref idref="fl-32"/>
      </object_component>
      <object_component id="oc-2f4">
         <name>.text:strncat</name>
         <load_address>0x180a0</load_address>
         <run_address>0x180a0</run_address>
         <size>0x30</size>
         <input_file_ref idref="fl-52"/>
      </object_component>
      <object_component id="oc-7b3">
         <name>.text:unlink</name>
         <load_address>0x180d0</load_address>
         <run_address>0x180d0</run_address>
         <size>0x2c</size>
         <input_file_ref idref="fl-79"/>
      </object_component>
      <object_component id="oc-3bb">
         <name>.text:strncmp</name>
         <load_address>0x180fc</load_address>
         <run_address>0x180fc</run_address>
         <size>0x2a</size>
         <input_file_ref idref="fl-53"/>
      </object_component>
      <object_component id="oc-555">
         <name>.text:strspn</name>
         <load_address>0x18126</load_address>
         <run_address>0x18126</run_address>
         <size>0x2a</size>
         <input_file_ref idref="fl-62"/>
      </object_component>
      <object_component id="oc-290">
         <name>.text</name>
         <load_address>0x18150</load_address>
         <run_address>0x18150</run_address>
         <size>0x28</size>
         <input_file_ref idref="fl-1b"/>
      </object_component>
      <object_component id="oc-662">
         <name>.text:free_list_insert</name>
         <load_address>0x18178</load_address>
         <run_address>0x18178</run_address>
         <size>0x28</size>
         <input_file_ref idref="fl-4d"/>
      </object_component>
      <object_component id="oc-72c">
         <name>.text:lseek</name>
         <load_address>0x181a0</load_address>
         <run_address>0x181a0</run_address>
         <size>0x28</size>
         <input_file_ref idref="fl-71"/>
      </object_component>
      <object_component id="oc-609">
         <name>.text:write</name>
         <load_address>0x181c8</load_address>
         <run_address>0x181c8</run_address>
         <size>0x28</size>
         <input_file_ref idref="fl-57"/>
      </object_component>
      <object_component id="oc-2d7">
         <name>.text:srand</name>
         <load_address>0x181f0</load_address>
         <run_address>0x181f0</run_address>
         <size>0x24</size>
         <input_file_ref idref="fl-4e"/>
      </object_component>
      <object_component id="oc-55b">
         <name>.text:strcspn</name>
         <load_address>0x18214</load_address>
         <run_address>0x18214</run_address>
         <size>0x22</size>
         <input_file_ref idref="fl-60"/>
      </object_component>
      <object_component id="oc-2a0">
         <name>.text:memchr</name>
         <load_address>0x18236</load_address>
         <run_address>0x18236</run_address>
         <size>0x20</size>
         <input_file_ref idref="fl-4c"/>
      </object_component>
      <object_component id="oc-6c5">
         <name>.text:copysign</name>
         <load_address>0x18256</load_address>
         <run_address>0x18256</run_address>
         <size>0x1e</size>
         <input_file_ref idref="fl-72"/>
      </object_component>
      <object_component id="oc-13f">
         <name>.text:csp_conn_dport</name>
         <load_address>0x18274</load_address>
         <run_address>0x18274</run_address>
         <size>0x1c</size>
         <input_file_ref idref="fl-a"/>
      </object_component>
      <object_component id="oc-65c">
         <name>.text:free_list_remove</name>
         <load_address>0x18290</load_address>
         <run_address>0x18290</run_address>
         <size>0x1c</size>
         <input_file_ref idref="fl-4d"/>
      </object_component>
      <object_component id="oc-439">
         <name>.text:memccpy</name>
         <load_address>0x182ac</load_address>
         <run_address>0x182ac</run_address>
         <size>0x1c</size>
         <input_file_ref idref="fl-4b"/>
      </object_component>
      <object_component id="oc-51d">
         <name>.text:_outs</name>
         <load_address>0x182c8</load_address>
         <run_address>0x182c8</run_address>
         <size>0x1a</size>
         <input_file_ref idref="fl-33"/>
      </object_component>
      <object_component id="oc-4ce">
         <name>.text:_outc</name>
         <load_address>0x182e2</load_address>
         <run_address>0x182e2</run_address>
         <size>0x18</size>
         <input_file_ref idref="fl-32"/>
      </object_component>
      <object_component id="oc-707">
         <name>.text</name>
         <load_address>0x182fa</load_address>
         <run_address>0x182fa</run_address>
         <size>0x18</size>
         <input_file_ref idref="fl-75"/>
      </object_component>
      <object_component id="oc-80f">
         <name>.text:strcmp</name>
         <load_address>0x18312</load_address>
         <run_address>0x18312</run_address>
         <size>0x18</size>
         <input_file_ref idref="fl-76"/>
      </object_component>
      <object_component id="oc-698">
         <name>.text:strrchr</name>
         <load_address>0x1832a</load_address>
         <run_address>0x1832a</run_address>
         <size>0x18</size>
         <input_file_ref idref="fl-61"/>
      </object_component>
      <object_component id="oc-5d9">
         <name>.text:strchr</name>
         <load_address>0x18342</load_address>
         <run_address>0x18342</run_address>
         <size>0x16</size>
         <input_file_ref idref="fl-4f"/>
      </object_component>
      <object_component id="oc-15e">
         <name>.text:strlen</name>
         <load_address>0x18358</load_address>
         <run_address>0x18358</run_address>
         <size>0x16</size>
         <input_file_ref idref="fl-51"/>
      </object_component>
      <object_component id="oc-2ac">
         <name>.text:csp_hton32</name>
         <load_address>0x18370</load_address>
         <run_address>0x18370</run_address>
         <size>0x14</size>
         <input_file_ref idref="fl-20"/>
      </object_component>
      <object_component id="oc-2b3">
         <name>.text:csp_ntoh32</name>
         <load_address>0x18384</load_address>
         <run_address>0x18384</run_address>
         <size>0x14</size>
         <input_file_ref idref="fl-20"/>
      </object_component>
      <object_component id="oc-158">
         <name>.text:strcpy</name>
         <load_address>0x18398</load_address>
         <run_address>0x18398</run_address>
         <size>0x14</size>
         <input_file_ref idref="fl-50"/>
      </object_component>
      <object_component id="oc-56c">
         <name>.text:_inpchar</name>
         <load_address>0x183ac</load_address>
         <run_address>0x183ac</run_address>
         <size>0x12</size>
         <input_file_ref idref="fl-35"/>
      </object_component>
      <object_component id="oc-43f">
         <name>.text:wcslen</name>
         <load_address>0x183be</load_address>
         <run_address>0x183be</run_address>
         <size>0x12</size>
         <input_file_ref idref="fl-3a"/>
      </object_component>
      <object_component id="oc-14">
         <name>.text:decompress:none:__TI_decompress_none</name>
         <load_address>0x183d0</load_address>
         <run_address>0x183d0</run_address>
         <size>0xe</size>
         <input_file_ref idref="fl-43"/>
      </object_component>
      <object_component id="oc-5c">
         <name>.text:decompress:ZI:__TI_zero_init</name>
         <load_address>0x183de</load_address>
         <run_address>0x183de</run_address>
         <size>0xc</size>
         <input_file_ref idref="fl-42"/>
      </object_component>
      <object_component id="oc-523">
         <name>.text:_outc</name>
         <load_address>0x183ea</load_address>
         <run_address>0x183ea</run_address>
         <size>0xa</size>
         <input_file_ref idref="fl-33"/>
      </object_component>
      <object_component id="oc-445">
         <name>.text:__aeabi_errno_addr</name>
         <load_address>0x183f4</load_address>
         <run_address>0x183f4</run_address>
         <size>0x8</size>
         <input_file_ref idref="fl-56"/>
      </object_component>
      <object_component id="oc-572">
         <name>.text:_uninpchar</name>
         <load_address>0x183fc</load_address>
         <run_address>0x183fc</run_address>
         <size>0x8</size>
         <input_file_ref idref="fl-35"/>
      </object_component>
      <object_component id="oc-3c6">
         <name>.text:malloc</name>
         <load_address>0x18404</load_address>
         <run_address>0x18404</run_address>
         <size>0x8</size>
         <input_file_ref idref="fl-4d"/>
      </object_component>
      <object_component id="oc-6d">
         <name>.text</name>
         <load_address>0x1840c</load_address>
         <run_address>0x1840c</run_address>
         <size>0x4</size>
         <input_file_ref idref="fl-15"/>
      </object_component>
      <object_component id="oc-283">
         <name>.text:_outc</name>
         <load_address>0x18410</load_address>
         <run_address>0x18410</run_address>
         <size>0x4</size>
         <input_file_ref idref="fl-30"/>
      </object_component>
      <object_component id="oc-4c0">
         <name>.text:_outc</name>
         <load_address>0x18414</load_address>
         <run_address>0x18414</run_address>
         <size>0x4</size>
         <input_file_ref idref="fl-2f"/>
      </object_component>
      <object_component id="oc-58f">
         <name>.text:_outc</name>
         <load_address>0x18418</load_address>
         <run_address>0x18418</run_address>
         <size>0x4</size>
         <input_file_ref idref="fl-34"/>
      </object_component>
      <object_component id="oc-27d">
         <name>.text:_outs</name>
         <load_address>0x1841c</load_address>
         <run_address>0x1841c</run_address>
         <size>0x4</size>
         <input_file_ref idref="fl-30"/>
      </object_component>
      <object_component id="oc-4ba">
         <name>.text:_outs</name>
         <load_address>0x18420</load_address>
         <run_address>0x18420</run_address>
         <size>0x4</size>
         <input_file_ref idref="fl-2f"/>
      </object_component>
      <object_component id="oc-589">
         <name>.text:_outs</name>
         <load_address>0x18424</load_address>
         <run_address>0x18424</run_address>
         <size>0x4</size>
         <input_file_ref idref="fl-34"/>
      </object_component>
      <object_component id="oc-182">
         <name>.text:abort:abort</name>
         <load_address>0x18428</load_address>
         <run_address>0x18428</run_address>
         <size>0x4</size>
         <input_file_ref idref="fl-45"/>
      </object_component>
      <object_component id="oc-36">
         <name>.text:retain</name>
         <load_address>0x1842c</load_address>
         <run_address>0x1842c</run_address>
         <size>0x4</size>
         <input_file_ref idref="fl-2c"/>
      </object_component>
      <object_component id="oc-2e">
         <name>.const:s_vim_init</name>
         <load_address>0x18430</load_address>
         <run_address>0x18430</run_address>
         <size>0x200</size>
         <input_file_ref idref="fl-16"/>
      </object_component>
      <object_component id="oc-5a1">
         <name>.const:.string:_ctypes_</name>
         <load_address>0x18630</load_address>
         <run_address>0x18630</run_address>
         <size>0x101</size>
         <input_file_ref idref="fl-48"/>
      </object_component>
      <object_component id="oc-70e">
         <name>.const:$O1$$</name>
         <load_address>0x18738</load_address>
         <run_address>0x18738</run_address>
         <size>0xc8</size>
         <input_file_ref idref="fl-63"/>
      </object_component>
      <object_component id="oc-69e">
         <name>.const:$O1$$</name>
         <load_address>0x18800</load_address>
         <run_address>0x18800</run_address>
         <size>0x10</size>
         <input_file_ref idref="fl-5b"/>
      </object_component>
      <object_component id="oc-3fc">
         <name>.const:.string</name>
         <load_address>0x18810</load_address>
         <run_address>0x18810</run_address>
         <size>0x8</size>
         <input_file_ref idref="fl-18"/>
      </object_component>
      <object_component id="oc-3f9">
         <name>.const:.string</name>
         <load_address>0x18818</load_address>
         <run_address>0x18818</run_address>
         <size>0x8</size>
         <input_file_ref idref="fl-c"/>
      </object_component>
      <object_component id="oc-1c5">
         <name>.kernelBSS:init</name>
         <load_address>0x80248d0</load_address>
         <run_address>0x80248d0</run_address>
         <size>0x34</size>
         <input_file_ref idref="fl-14"/>
      </object_component>
      <object_component id="oc-35c">
         <name>.kernelBSS:uninit</name>
         <load_address>0x8024800</load_address>
         <run_address>0x8024800</run_address>
         <size>0xd0</size>
         <input_file_ref idref="fl-14"/>
      </object_component>
      <object_component id="oc-642">
         <name>.kernelHEAP</name>
         <uninitialized>true</uninitialized>
         <run_address>0x8025000</run_address>
         <size>0x1f40</size>
         <input_file_ref idref="fl-26"/>
      </object_component>
      <object_component id="oc-296">
         <name>.bss</name>
         <uninitialized>true</uninitialized>
         <run_address>0x8027348</run_address>
         <size>0x10</size>
         <input_file_ref idref="fl-9"/>
      </object_component>
      <object_component id="oc-2fd">
         <name>.bss:arr_conn</name>
         <uninitialized>true</uninitialized>
         <run_address>0x8026f40</run_address>
         <size>0x140</size>
         <input_file_ref idref="fl-a"/>
      </object_component>
      <object_component id="oc-2fa">
         <name>.bss</name>
         <uninitialized>true</uninitialized>
         <run_address>0x8027358</run_address>
         <size>0xc</size>
         <input_file_ref idref="fl-a"/>
      </object_component>
      <object_component id="oc-25a">
         <name>.bss</name>
         <uninitialized>true</uninitialized>
         <run_address>0x8027380</run_address>
         <size>0x1</size>
         <input_file_ref idref="fl-c"/>
      </object_component>
      <object_component id="oc-26a">
         <name>.bss:ports</name>
         <uninitialized>true</uninitialized>
         <run_address>0x80271a0</run_address>
         <size>0x108</size>
         <input_file_ref idref="fl-d"/>
      </object_component>
      <object_component id="oc-3b6">
         <name>.bss:qfifo</name>
         <uninitialized>true</uninitialized>
         <run_address>0x8027378</run_address>
         <size>0x4</size>
         <input_file_ref idref="fl-e"/>
      </object_component>
      <object_component id="oc-340">
         <name>.bss</name>
         <uninitialized>true</uninitialized>
         <run_address>0x8027374</run_address>
         <size>0x4</size>
         <input_file_ref idref="fl-f"/>
      </object_component>
      <object_component id="oc-50c">
         <name>.bss:xStart</name>
         <uninitialized>true</uninitialized>
         <run_address>0x8027364</run_address>
         <size>0x8</size>
         <input_file_ref idref="fl-26"/>
      </object_component>
      <object_component id="oc-7e6">
         <name>.bss:_CIOBUF_</name>
         <uninitialized>true</uninitialized>
         <run_address>0x8027080</run_address>
         <size>0x120</size>
         <input_file_ref idref="fl-6f"/>
      </object_component>
      <object_component id="oc-179">
         <name>.common:xTask1Handle</name>
         <uninitialized>true</uninitialized>
         <run_address>0x802737c</run_address>
         <size>0x4</size>
      </object_component>
      <object_component id="oc-7b9">
         <name>.common:__TI_tmpnams</name>
         <uninitialized>true</uninitialized>
         <run_address>0x80272a8</run_address>
         <size>0xa0</size>
      </object_component>
      <object_component id="oc-7ca">
         <name>.common:parmbuf</name>
         <uninitialized>true</uninitialized>
         <run_address>0x802736c</run_address>
         <size>0x8</size>
      </object_component>
      <object_component id="oc-300">
         <name>.data</name>
         <load_address>0x80275cf</load_address>
         <run_address>0x80275cf</run_address>
         <size>0x1</size>
         <input_file_ref idref="fl-a"/>
      </object_component>
      <object_component id="oc-3e3">
         <name>.data</name>
         <load_address>0x80275d0</load_address>
         <run_address>0x80275d0</run_address>
         <size>0x4</size>
         <input_file_ref idref="fl-b"/>
      </object_component>
      <object_component id="oc-3e6">
         <name>.data:csp_debug_level_enabled</name>
         <load_address>0x80275c8</load_address>
         <run_address>0x80275c8</run_address>
         <size>0x7</size>
         <input_file_ref idref="fl-b"/>
      </object_component>
      <object_component id="oc-25d">
         <name>.data</name>
         <load_address>0x80275a4</load_address>
         <run_address>0x80275a4</run_address>
         <size>0xc</size>
         <input_file_ref idref="fl-c"/>
      </object_component>
      <object_component id="oc-2c6">
         <name>.data</name>
         <load_address>0x80275dc</load_address>
         <run_address>0x80275dc</run_address>
         <size>0x4</size>
         <input_file_ref idref="fl-10"/>
      </object_component>
      <object_component id="oc-260">
         <name>.data:csp_if_lo</name>
         <load_address>0x802753c</load_address>
         <run_address>0x802753c</run_address>
         <size>0x3c</size>
         <input_file_ref idref="fl-18"/>
      </object_component>
      <object_component id="oc-3d8">
         <name>.data</name>
         <load_address>0x80275d8</load_address>
         <run_address>0x80275d8</run_address>
         <size>0x4</size>
         <input_file_ref idref="fl-19"/>
      </object_component>
      <object_component id="oc-3c1">
         <name>.data</name>
         <load_address>0x80275d4</load_address>
         <run_address>0x80275d4</run_address>
         <size>0x4</size>
         <input_file_ref idref="fl-21"/>
      </object_component>
      <object_component id="oc-509">
         <name>.data</name>
         <load_address>0x8027578</load_address>
         <run_address>0x8027578</run_address>
         <size>0x10</size>
         <input_file_ref idref="fl-26"/>
      </object_component>
      <object_component id="oc-1c8">
         <name>.data</name>
         <load_address>0x80275c0</load_address>
         <run_address>0x80275c0</run_address>
         <size>0x8</size>
         <input_file_ref idref="fl-28"/>
      </object_component>
      <object_component id="oc-382">
         <name>.data:$O1$$</name>
         <load_address>0x8027598</load_address>
         <run_address>0x8027598</run_address>
         <size>0xc</size>
         <input_file_ref idref="fl-45"/>
      </object_component>
      <object_component id="oc-27a">
         <name>.data:$O1$$</name>
         <load_address>0x80275b0</load_address>
         <run_address>0x80275b0</run_address>
         <size>0x8</size>
         <input_file_ref idref="fl-46"/>
      </object_component>
      <object_component id="oc-176">
         <name>.data:_ftable</name>
         <load_address>0x8027384</load_address>
         <run_address>0x8027384</run_address>
         <size>0xf0</size>
         <input_file_ref idref="fl-49"/>
      </object_component>
      <object_component id="oc-777">
         <name>.data</name>
         <load_address>0x8027588</load_address>
         <run_address>0x8027588</run_address>
         <size>0x10</size>
         <input_file_ref idref="fl-49"/>
      </object_component>
      <object_component id="oc-66e">
         <name>.data:$O1$$</name>
         <load_address>0x80275b8</load_address>
         <run_address>0x80275b8</run_address>
         <size>0x8</size>
         <input_file_ref idref="fl-4d"/>
      </object_component>
      <object_component id="oc-4ae">
         <name>.data</name>
         <load_address>0x80275e4</load_address>
         <run_address>0x80275e4</run_address>
         <size>0x4</size>
         <input_file_ref idref="fl-4e"/>
      </object_component>
      <object_component id="oc-561">
         <name>.data</name>
         <load_address>0x80275e8</load_address>
         <run_address>0x80275e8</run_address>
         <size>0x4</size>
         <input_file_ref idref="fl-55"/>
      </object_component>
      <object_component id="oc-5e9">
         <name>.data</name>
         <load_address>0x80275e0</load_address>
         <run_address>0x80275e0</run_address>
         <size>0x4</size>
         <input_file_ref idref="fl-56"/>
      </object_component>
      <object_component id="oc-74b">
         <name>.data:_device</name>
         <load_address>0x8027474</load_address>
         <run_address>0x8027474</run_address>
         <size>0x78</size>
         <input_file_ref idref="fl-58"/>
      </object_component>
      <object_component id="oc-6f1">
         <name>.data:_stream</name>
         <load_address>0x80274ec</load_address>
         <run_address>0x80274ec</run_address>
         <size>0x50</size>
         <input_file_ref idref="fl-58"/>
      </object_component>
      <object_component id="oc-17a">
         <name>.debug_info</name>
         <load_address>0x0</load_address>
         <run_address>0x0</run_address>
         <size>0x934</size>
         <input_file_ref idref="fl-2"/>
      </object_component>
      <object_component id="oc-87">
         <name>.debug_info</name>
         <load_address>0x934</load_address>
         <run_address>0x934</run_address>
         <size>0x5db</size>
         <input_file_ref idref="fl-2"/>
      </object_component>
      <object_component id="oc-325">
         <name>.debug_info</name>
         <load_address>0xf0f</load_address>
         <run_address>0xf0f</run_address>
         <size>0x30c</size>
         <input_file_ref idref="fl-2"/>
      </object_component>
      <object_component id="oc-36d">
[...]
         <value>0x16d60</value>
         <object_component_ref idref="oc-e3"/>
      </symbol>
      <symbol id="sm-fab">
         <name>_pmuStartCounters_</name>
         <value>0x16da0</value>
         <object_component_ref idref="oc-e3"/>
      </symbol>
      <symbol id="sm-fd7">
         <name>printf</name>
         <value>0x17619</value>
         <object_component_ref idref="oc-2e8"/>
      </symbol>
      <symbol id="sm-ffd">
         <name>fprintf</name>
         <value>0x176e5</value>
         <object_component_ref idref="oc-12d"/>
      </symbol>
      <symbol id="sm-1159">
         <name>__TI_printfi</name>
         <value>0xef05</value>
         <object_component_ref idref="oc-274"/>
      </symbol>
      <symbol id="sm-1183">
         <name>snprintf</name>
         <value>0x17c55</value>
         <object_component_ref idref="oc-2ee"/>
      </symbol>
      <symbol id="sm-11a5">
         <name>sprintf</name>
         <value>0x17e75</value>
         <object_component_ref idref="oc-35f"/>
      </symbol>
      <symbol id="sm-11cb">
         <name>vprintf</name>
         <value>0x17ac5</value>
         <object_component_ref idref="oc-3dd"/>
      </symbol>
      <symbol id="sm-1202">
         <name>sscanf</name>
         <value>0x17f31</value>
         <object_component_ref idref="oc-3d2"/>
      </symbol>
      <symbol id="sm-1217">
         <name>putc</name>
         <value>0x17189</value>
         <object_component_ref idref="oc-468"/>
      </symbol>
      <symbol id="sm-1218">
         <name>fputc</name>
         <value>0x17189</value>
         <object_component_ref idref="oc-468"/>
      </symbol>
      <symbol id="sm-1236">
         <name>fputs</name>
         <value>0x164f9</value>
         <object_component_ref idref="oc-461"/>
      </symbol>
      <symbol id="sm-124e">
         <name>__TI_wrt_ok</name>
         <value>0x17681</value>
         <object_component_ref idref="oc-5fd"/>
      </symbol>
      <symbol id="sm-126a">
         <name>setvbuf</name>
         <value>0x16de5</value>
         <object_component_ref idref="oc-6e7"/>
      </symbol>
      <symbol id="sm-1283">
         <name>wcslen</name>
         <value>0x183bf</value>
         <object_component_ref idref="oc-43f"/>
      </symbol>
      <symbol id="sm-128f">
         <name>__aeabi_idivmod</name>
         <value>0x17a70</value>
         <object_component_ref idref="oc-2e3"/>
      </symbol>
      <symbol id="sm-1290">
         <name>__aeabi_idiv</name>
         <value>0x17a70</value>
         <object_component_ref idref="oc-2e3"/>
      </symbol>
      <symbol id="sm-129c">
         <name>__aeabi_uidivmod</name>
         <value>0x17bb8</value>
         <object_component_ref idref="oc-491"/>
      </symbol>
      <symbol id="sm-129d">
         <name>__aeabi_uidiv</name>
         <value>0x17bb8</value>
         <object_component_ref idref="oc-491"/>
      </symbol>
      <symbol id="sm-12b9">
         <name>__aeabi_uldivmod</name>
         <value>0x145d0</value>
         <object_component_ref idref="oc-5a6"/>
      </symbol>
      <symbol id="sm-12c8">
         <name>__aeabi_memset</name>
         <value>0x17311</value>
         <object_component_ref idref="oc-cd"/>
      </symbol>
      <symbol id="sm-12c9">
         <name>memset</name>
         <value>0x17317</value>
         <object_component_ref idref="oc-cd"/>
      </symbol>
      <symbol id="sm-12ca">
         <name>__aeabi_memset8</name>
         <value>0x17311</value>
         <object_component_ref idref="oc-cd"/>
      </symbol>
      <symbol id="sm-12cb">
         <name>__aeabi_memset4</name>
         <value>0x17311</value>
         <object_component_ref idref="oc-cd"/>
      </symbol>
      <symbol id="sm-12cc">
         <name>__aeabi_memclr8</name>
         <value>0x1730f</value>
         <object_component_ref idref="oc-cd"/>
      </symbol>
      <symbol id="sm-12cd">
         <name>__aeabi_memclr4</name>
         <value>0x1730f</value>
         <object_component_ref idref="oc-cd"/>
      </symbol>
      <symbol id="sm-12ce">
         <name>__aeabi_memclr</name>
         <value>0x1730f</value>
         <object_component_ref idref="oc-cd"/>
      </symbol>
      <symbol id="sm-12e9">
         <name>memcpy</name>
         <value>0x170ed</value>
         <object_component_ref idref="oc-4a"/>
      </symbol>
      <symbol id="sm-12ea">
         <name>__aeabi_memcpy</name>
         <value>0x170ed</value>
         <object_component_ref idref="oc-4a"/>
      </symbol>
      <symbol id="sm-12eb">
         <name>__aeabi_memcpy8</name>
         <value>0x170ed</value>
         <object_component_ref idref="oc-4a"/>
      </symbol>
      <symbol id="sm-12ec">
         <name>__aeabi_memcpy4</name>
         <value>0x170ed</value>
         <object_component_ref idref="oc-4a"/>
      </symbol>
      <symbol id="sm-1314">
         <name>__TI_auto_init_nobinit_nopinit</name>
         <value>0x17d29</value>
         <object_component_ref idref="oc-f1"/>
      </symbol>
      <symbol id="sm-1327">
         <name>__TI_zero_init</name>
         <value>0x183df</value>
         <object_component_ref idref="oc-5c"/>
      </symbol>
      <symbol id="sm-133e">
         <name>__TI_decompress_none</name>
         <value>0x183d1</value>
         <object_component_ref idref="oc-14"/>
      </symbol>
      <symbol id="sm-1361">
         <name>__TI_decompress_lzss</name>
         <value>0x174dd</value>
         <object_component_ref idref="oc-e"/>
      </symbol>
      <symbol id="sm-1387">
         <name>C$$EXIT</name>
         <value>0x18429</value>
         <object_component_ref idref="oc-182"/>
      </symbol>
      <symbol id="sm-1388">
         <name>abort</name>
         <value>0x18429</value>
         <object_component_ref idref="oc-182"/>
      </symbol>
      <symbol id="sm-1389">
         <name>__TI_dtors_ptr</name>
         <value>0x802759c</value>
         <object_component_ref idref="oc-382"/>
      </symbol>
      <symbol id="sm-138a">
         <name>__TI_cleanup_ptr</name>
         <value>0x8027598</value>
         <object_component_ref idref="oc-382"/>
      </symbol>
      <symbol id="sm-138b">
         <name>__TI_enable_exit_profile_output</name>
         <value>0x80275a0</value>
         <object_component_ref idref="oc-382"/>
      </symbol>
      <symbol id="sm-138c">
         <name>exit</name>
         <value>0x17d6d</value>
         <object_component_ref idref="oc-188"/>
      </symbol>
      <symbol id="sm-13a1">
         <name>_nop</name>
         <value>0xf94f</value>
         <object_component_ref idref="oc-457"/>
      </symbol>
      <symbol id="sm-13a2">
         <name>_lock</name>
         <value>0x80275b0</value>
         <object_component_ref idref="oc-27a"/>
      </symbol>
      <symbol id="sm-13a3">
         <name>_unlock</name>
         <value>0x80275b4</value>
         <object_component_ref idref="oc-27a"/>
      </symbol>
      <symbol id="sm-13b8">
         <name>atoi</name>
         <value>0x17b69</value>
         <object_component_ref idref="oc-415"/>
      </symbol>
      <symbol id="sm-13c3">
         <name>_ctypes_</name>
         <value>0x18630</value>
         <object_component_ref idref="oc-5a1"/>
      </symbol>
      <symbol id="sm-13d8">
         <name>__TI_tmpnams</name>
         <value>0x80272a8</value>
      </symbol>
      <symbol id="sm-13d9">
         <name>__aeabi_stdout</name>
         <value>0x8027590</value>
         <object_component_ref idref="oc-777"/>
      </symbol>
      <symbol id="sm-13da">
         <name>__aeabi_stderr</name>
         <value>0x8027594</value>
         <object_component_ref idref="oc-777"/>
      </symbol>
      <symbol id="sm-13db">
         <name>__aeabi_stdin</name>
         <value>0x802758c</value>
         <object_component_ref idref="oc-777"/>
      </symbol>
      <symbol id="sm-13dc">
         <name>_ftable</name>
         <value>0x8027384</value>
         <object_component_ref idref="oc-176"/>
      </symbol>
      <symbol id="sm-13dd">
         <name>__TI_ft_end</name>
         <value>0x8027588</value>
         <object_component_ref idref="oc-777"/>
      </symbol>
      <symbol id="sm-13ec">
         <name>ltoa</name>
         <value>0x17a1d</value>
         <object_component_ref idref="oc-5ac"/>
      </symbol>
      <symbol id="sm-13fc">
         <name>memccpy</name>
         <value>0x182ad</value>
         <object_component_ref idref="oc-439"/>
      </symbol>
      <symbol id="sm-140c">
         <name>memchr</name>
         <value>0x18237</value>
         <object_component_ref idref="oc-2a0"/>
      </symbol>
      <symbol id="sm-1492">
         <name>_sys_memory</name>
         <value>0x5e20</value>
         <object_component_ref idref="oc-3c"/>
      </symbol>
      <symbol id="sm-1493">
         <name>free</name>
         <value>0x16c1d</value>
         <object_component_ref idref="oc-734"/>
      </symbol>
      <symbol id="sm-1494">
         <name>memalign</name>
         <value>0x16a35</value>
         <object_component_ref idref="oc-54e"/>
      </symbol>
      <symbol id="sm-1495">
         <name>malloc</name>
         <value>0x18405</value>
         <object_component_ref idref="oc-3c6"/>
      </symbol>
      <symbol id="sm-1496">
         <name>aligned_alloc</name>
         <value>0x16a35</value>
         <object_component_ref idref="oc-54e"/>
      </symbol>
      <symbol id="sm-14bb">
         <name>rand</name>
         <value>0x1803d</value>
         <object_component_ref idref="oc-2dd"/>
      </symbol>
      <symbol id="sm-14bc">
         <name>srand</name>
         <value>0x181f1</value>
         <object_component_ref idref="oc-2d7"/>
      </symbol>
      <symbol id="sm-14cc">
         <name>strchr</name>
         <value>0x18343</value>
         <object_component_ref idref="oc-5d9"/>
      </symbol>
      <symbol id="sm-14da">
         <name>strcpy</name>
         <value>0x18399</value>
         <object_component_ref idref="oc-158"/>
      </symbol>
      <symbol id="sm-14e8">
         <name>strlen</name>
         <value>0x18359</value>
         <object_component_ref idref="oc-15e"/>
      </symbol>
      <symbol id="sm-14f9">
         <name>strncat</name>
         <value>0x180a1</value>
         <object_component_ref idref="oc-2f4"/>
      </symbol>
      <symbol id="sm-1509">
         <name>strncmp</name>
         <value>0x180fd</value>
         <object_component_ref idref="oc-3bb"/>
      </symbol>
      <symbol id="sm-1519">
         <name>strncpy</name>
         <value>0x17f69</value>
         <object_component_ref idref="oc-2a6"/>
      </symbol>
      <symbol id="sm-1531">
         <name>strtok</name>
         <value>0x17eb5</value>
         <object_component_ref idref="oc-3cc"/>
      </symbol>
      <symbol id="sm-1547">
         <name>__aeabi_errno_addr</name>
         <value>0x183f5</value>
         <object_component_ref idref="oc-445"/>
      </symbol>
      <symbol id="sm-1548">
         <name>errno</name>
         <value>0x80275e0</value>
         <object_component_ref idref="oc-5e9"/>
      </symbol>
      <symbol id="sm-1562">
         <name>write</name>
         <value>0x181c9</value>
         <object_component_ref idref="oc-609"/>
      </symbol>
      <symbol id="sm-1573">
         <name>_stream</name>
         <value>0x80274ec</value>
         <object_component_ref idref="oc-6f1"/>
      </symbol>
      <symbol id="sm-1574">
         <name>_device</name>
         <value>0x8027474</value>
         <object_component_ref idref="oc-74b"/>
      </symbol>
      <symbol id="sm-1592">
         <name>frexpl</name>
         <value>0x173fd</value>
         <object_component_ref idref="oc-5cd"/>
      </symbol>
      <symbol id="sm-1593">
         <name>frexp</name>
         <value>0x173fd</value>
         <object_component_ref idref="oc-5cd"/>
      </symbol>
      <symbol id="sm-15b0">
         <name>scalbn</name>
         <value>0x16b2d</value>
         <object_component_ref idref="oc-5d3"/>
      </symbol>
      <symbol id="sm-15b1">
         <name>scalbnl</name>
         <value>0x16b2d</value>
         <object_component_ref idref="oc-5d3"/>
      </symbol>
      <symbol id="sm-15b2">
         <name>ldexpl</name>
         <value>0x16b2d</value>
         <object_component_ref idref="oc-5d3"/>
      </symbol>
      <symbol id="sm-15b3">
         <name>ldexp</name>
         <value>0x16b2d</value>
         <object_component_ref idref="oc-5d3"/>
      </symbol>
      <symbol id="sm-1666">
         <name>__TI_scanfi</name>
         <value>0xced5</value>
         <object_component_ref idref="oc-566"/>
      </symbol>
      <symbol id="sm-1676">
         <name>__TI_doflush</name>
         <value>0x17c09</value>
         <object_component_ref idref="oc-603"/>
      </symbol>
      <symbol id="sm-1686">
         <name>__TI_cleanup</name>
         <value>0x17fa1</value>
         <object_component_ref idref="oc-73a"/>
      </symbol>
      <symbol id="sm-1698">
         <name>fseek</name>
         <value>0x17749</value>
         <object_component_ref idref="oc-6e1"/>
      </symbol>
      <symbol id="sm-16a2">
         <name>__aeabi_idiv0</name>
         <value>0x17043</value>
         <object_component_ref idref="oc-4b4"/>
      </symbol>
      <symbol id="sm-16a3">
         <name>__aeabi_ldiv0</name>
         <value>0x17043</value>
         <object_component_ref idref="oc-4b4"/>
      </symbol>
      <symbol id="sm-16b4">
         <name>strcspn</name>
         <value>0x18215</value>
         <object_component_ref idref="oc-55b"/>
      </symbol>
      <symbol id="sm-16c2">
         <name>strrchr</name>
         <value>0x1832b</value>
         <object_component_ref idref="oc-698"/>
      </symbol>
      <symbol id="sm-16d4">
         <name>strspn</name>
         <value>0x18127</value>
         <object_component_ref idref="oc-555"/>
      </symbol>
      <symbol id="sm-1729">
         <name>strtold</name>
         <value>0x1322d</value>
         <object_component_ref idref="oc-686"/>
      </symbol>
      <symbol id="sm-172a">
         <name>strtod</name>
         <value>0x1322d</value>
         <object_component_ref idref="oc-686"/>
      </symbol>
      <symbol id="sm-174c">
         <name>strtol</name>
         <value>0x162a9</value>
         <object_component_ref idref="oc-68c"/>
      </symbol>
      <symbol id="sm-1772">
         <name>strtoll</name>
         <value>0x15aad</value>
         <object_component_ref idref="oc-692"/>
      </symbol>
      <symbol id="sm-1792">
         <name>strtoul</name>
         <value>0x16725</value>
         <object_component_ref idref="oc-67a"/>
      </symbol>
      <symbol id="sm-17b5">
         <name>strtoull</name>
         <value>0x16145</value>
         <object_component_ref idref="oc-680"/>
      </symbol>
      <symbol id="sm-17c6">
         <name>HOSTclose</name>
         <value>0x17ca1</value>
         <object_component_ref idref="oc-783"/>
      </symbol>
      <symbol id="sm-17d7">
         <name>HOSTlseek</name>
         <value>0x17549</value>
         <object_component_ref idref="oc-795"/>
      </symbol>
      <symbol id="sm-17e9">
         <name>parmbuf</name>
         <value>0x802736c</value>
      </symbol>
      <symbol id="sm-17ea">
         <name>HOSTopen</name>
         <value>0x1780d</value>
         <object_component_ref idref="oc-77d"/>
      </symbol>
      <symbol id="sm-17fb">
         <name>HOSTread</name>
         <value>0x17869</value>
         <object_component_ref idref="oc-789"/>
      </symbol>
      <symbol id="sm-180c">
         <name>HOSTrename</name>
         <value>0x17471</value>
         <object_component_ref idref="oc-7a1"/>
      </symbol>
      <symbol id="sm-181d">
         <name>HOSTunlink</name>
         <value>0x17ce5</value>
         <object_component_ref idref="oc-79b"/>
      </symbol>
      <symbol id="sm-182e">
         <name>HOSTwrite</name>
         <value>0x178c5</value>
         <object_component_ref idref="oc-78f"/>
      </symbol>
      <symbol id="sm-1852">
         <name>__TI_readmsg</name>
         <value>0x17fd5</value>
         <object_component_ref idref="oc-7c4"/>
      </symbol>
      <symbol id="sm-1853">
         <name>C$$IO$$</name>
         <value>0x17f27</value>
         <object_component_ref idref="oc-7be"/>
      </symbol>
      <symbol id="sm-1854">
         <name>__CIOBUF_</name>
         <value>0x8027080</value>
         <object_component_ref idref="oc-7e6"/>
      </symbol>
      <symbol id="sm-1855">
         <name>__TI_writemsg</name>
         <value>0x17ef5</value>
         <object_component_ref idref="oc-7be"/>
      </symbol>
      <symbol id="sm-1866">
         <name>lseek</name>
         <value>0x181a1</value>
         <object_component_ref idref="oc-72c"/>
      </symbol>
      <symbol id="sm-1870">
         <name>copysign</name>
         <value>0x18257</value>
         <object_component_ref idref="oc-6c5"/>
      </symbol>
      <symbol id="sm-1871">
         <name>copysignl</name>
         <value>0x18257</value>
         <object_component_ref idref="oc-6c5"/>
      </symbol>
      <symbol id="sm-1886">
         <name>__TI_closefile</name>
         <value>0x17389</value>
         <object_component_ref idref="oc-771"/>
      </symbol>
      <symbol id="sm-18a9">
         <name>finddevice</name>
         <value>0x18009</value>
         <object_component_ref idref="oc-7fc"/>
      </symbol>
      <symbol id="sm-18aa">
         <name>getdevice</name>
         <value>0x17db1</value>
         <object_component_ref idref="oc-7dc"/>
      </symbol>
      <symbol id="sm-18b3">
         <name>__aeabi_lmul</name>
         <value>0x182fb</value>
         <object_component_ref idref="oc-707"/>
      </symbol>
      <symbol id="sm-18c2">
         <name>strcmp</name>
         <value>0x18313</value>
         <object_component_ref idref="oc-80f"/>
      </symbol>
      <symbol id="sm-18d7">
         <name>close</name>
         <value>0x1791d</value>
         <object_component_ref idref="oc-7ad"/>
      </symbol>
      <symbol id="sm-18e7">
         <name>unlink</name>
         <value>0x180d1</value>
         <object_component_ref idref="oc-7b3"/>
      </symbol>
      <symbol id="sm-18e8">
         <name>__TI_static_base__</name>
         <value>0x6620</value>
      </symbol>
      <symbol id="sm-18ec">
         <name>clock_set_time</name>
         <value>0x0</value>
      </symbol>
      <symbol id="sm-18ed">
         <name>clock_get_time</name>
         <value>0x0</value>
      </symbol>
      <symbol id="sm-18ee">
         <name>cpu_set_reset_cause</name>
         <value>0x0</value>
      </symbol>
      <symbol id="sm-18ef">
         <name>cpu_reset</name>
         <value>0x0</value>
      </symbol>
      <symbol id="sm-18f0">
         <name>cpu_shutdown</name>
         <value>0x0</value>
      </symbol>
      <symbol id="sm-18f1">
         <name>SHT$$INIT_ARRAY$$Base</name>
         <value>0x0</value>
      </symbol>
      <symbol id="sm-18f2">
         <name>SHT$$INIT_ARRAY$$Limit</name>
         <value>0x0</value>
      </symbol>
      <symbol id="sm-18f3">
         <name>_system_post_cinit</name>
         <value>0x0</value>
      </symbol>
      <symbol id="sm-18f4">
         <name>remove</name>
         <value>0x180d1</value>
      </symbol>
   </symbol_table>
   <title>Link successful</title>
</link_info>
