<?xml version="1.0" encoding="ISO-8859-1" ?>
<link_info>
   <banner>TI ARM Linker PC v18.12.3.LTS</banner>
   <copyright>Copyright (c) 1996-2018 Texas Instruments Incorporated</copyright>
   <link_time>0x5e267da1</link_time>
   <link_errors>0x0</link_errors>
   <output_file>RTOSSanity.out</output_file>
   <entry_point>
      <name>_c_int00</name>
      <address>0x13cd0</address>
   </entry_point>
   <input_file_list>
      <input_file id="fl-2">
         <path>.\source\</path>
         <kind>object</kind>
         <file>adc.obj</file>
         <name>adc.obj</name>
      </input_file>
      <input_file id="fl-3">
         <path>.\source\</path>
         <kind>object</kind>
         <file>can.obj</file>
         <name>can.obj</name>
      </input_file>
      <input_file id="fl-4">
         <path>.\source\</path>
         <kind>object</kind>
         <file>crc.obj</file>
         <name>crc.obj</name>
      </input_file>
      <input_file id="fl-5">
         <path>.\source\</path>
         <kind>object</kind>
         <file>csp_bridge.obj</file>
         <name>csp_bridge.obj</name>
      </input_file>
      <input_file id="fl-6">
         <path>.\source\</path>
         <kind>object</kind>
         <file>csp_buffer.obj</file>
         <name>csp_buffer.obj</name>
      </input_file>
      <input_file id="fl-7">
         <path>.\source\</path>
         <kind>object</kind>
         <file>csp_conn.obj</file>
         <name>csp_conn.obj</name>
      </input_file>
      <input_file id="fl-8">
         <path>.\source\</path>
         <kind>object</kind>
         <file>csp_crc32.obj</file>
         <name>csp_crc32.obj</name>
      </input_file>
      <input_file id="fl-9">
         <path>.\source\</path>
         <kind>object</kind>
         <file>csp_debug.obj</file>
         <name>csp_debug.obj</name>
      </input_file>
      <input_file id="fl-a">
         <path>.\source\</path>
         <kind>object</kind>
         <file>csp_dedup.obj</file>
         <name>csp_dedup.obj</name>
      </input_file>
      <input_file id="fl-b">
         <path>.\source\</path>
         <kind>object</kind>
         <file>csp_endian.obj</file>
         <name>csp_endian.obj</name>
      </input_file>
      <input_file id="fl-c">
         <path>.\source\</path>
         <kind>object</kind>
         <file>csp_iflist.obj</file>
         <name>csp_iflist.obj</name>
      </input_file>
      <input_file id="fl-d">
         <path>.\source\</path>
         <kind>object</kind>
         <file>csp_io.obj</file>
         <name>csp_io.obj</name>
      </input_file>
      <input_file id="fl-e">
         <path>.\source\</path>
         <kind>object</kind>
         <file>csp_port.obj</file>
         <name>csp_port.obj</name>
      </input_file>
      <input_file id="fl-f">
         <path>.\source\</path>
         <kind>object</kind>
         <file>csp_promisc.obj</file>
         <name>csp_promisc.obj</name>
      </input_file>
      <input_file id="fl-10">
         <path>.\source\</path>
         <kind>object</kind>
         <file>csp_qfifo.obj</file>
         <name>csp_qfifo.obj</name>
      </input_file>
      <input_file id="fl-11">
         <path>.\source\</path>
         <kind>object</kind>
         <file>csp_route.obj</file>
         <name>csp_route.obj</name>
      </input_file>
      <input_file id="fl-12">
         <path>.\source\</path>
         <kind>object</kind>
         <file>csp_service_handler.obj</file>
         <name>csp_service_handler.obj</name>
      </input_file>
      <input_file id="fl-13">
         <path>.\source\</path>
         <kind>object</kind>
         <file>csp_services.obj</file>
         <name>csp_services.obj</name>
      </input_file>
      <input_file id="fl-14">
         <path>.\source\</path>
         <kind>object</kind>
         <file>csp_sfp.obj</file>
         <name>csp_sfp.obj</name>
      </input_file>
      <input_file id="fl-15">
         <path>.\source\</path>
         <kind>object</kind>
         <file>dabort.obj</file>
         <name>dabort.obj</name>
      </input_file>
      <input_file id="fl-16">
         <path>.\source\</path>
         <kind>object</kind>
         <file>dcc.obj</file>
         <name>dcc.obj</name>
      </input_file>
      <input_file id="fl-17">
         <path>.\source\</path>
         <kind>object</kind>
         <file>ecap.obj</file>
         <name>ecap.obj</name>
      </input_file>
      <input_file id="fl-18">
         <path>.\source\</path>
         <kind>object</kind>
         <file>eqep.obj</file>
         <name>eqep.obj</name>
      </input_file>
      <input_file id="fl-19">
         <path>.\source\</path>
         <kind>object</kind>
         <file>errata_SSWF021_45.obj</file>
         <name>errata_SSWF021_45.obj</name>
      </input_file>
      <input_file id="fl-1a">
         <path>.\source\</path>
         <kind>object</kind>
         <file>esm.obj</file>
         <name>esm.obj</name>
      </input_file>
      <input_file id="fl-1b">
         <path>.\source\</path>
         <kind>object</kind>
         <file>etpwm.obj</file>
         <name>etpwm.obj</name>
      </input_file>
      <input_file id="fl-1c">
         <path>.\source\</path>
         <kind>object</kind>
         <file>gio.obj</file>
         <name>gio.obj</name>
      </input_file>
      <input_file id="fl-1d">
         <path>.\source\</path>
         <kind>object</kind>
         <file>het.obj</file>
         <name>het.obj</name>
      </input_file>
      <input_file id="fl-1e">
         <path>.\source\</path>
         <kind>object</kind>
         <file>i2c.obj</file>
         <name>i2c.obj</name>
      </input_file>
      <input_file id="fl-1f">
         <path>.\source\</path>
         <kind>object</kind>
         <file>lin.obj</file>
         <name>lin.obj</name>
      </input_file>
      <input_file id="fl-20">
         <path>.\source\</path>
         <kind>object</kind>
         <file>mibspi.obj</file>
         <name>mibspi.obj</name>
      </input_file>
      <input_file id="fl-21">
         <path>.\source\</path>
         <kind>object</kind>
         <file>notification.obj</file>
         <name>notification.obj</name>
      </input_file>
      <input_file id="fl-22">
         <path>.\source\</path>
         <kind>object</kind>
         <file>os_croutine.obj</file>
         <name>os_croutine.obj</name>
      </input_file>
      <input_file id="fl-23">
         <path>.\source\</path>
         <kind>object</kind>
         <file>os_event_groups.obj</file>
         <name>os_event_groups.obj</name>
      </input_file>
      <input_file id="fl-24">
         <path>.\source\</path>
         <kind>object</kind>
         <file>os_heap.obj</file>
         <name>os_heap.obj</name>
      </input_file>
      <input_file id="fl-25">
         <path>.\source\</path>
         <kind>object</kind>
         <file>os_list.obj</file>
         <name>os_list.obj</name>
      </input_file>
      <input_file id="fl-26">
         <path>.\source\</path>
         <kind>object</kind>
         <file>os_mpu_wrappers.obj</file>
         <name>os_mpu_wrappers.obj</name>
      </input_file>
      <input_file id="fl-27">
         <path>.\source\</path>
         <kind>object</kind>
         <file>os_port.obj</file>
         <name>os_port.obj</name>
      </input_file>
      <input_file id="fl-28">
         <path>.\source\</path>
         <kind>object</kind>
         <file>os_portasm.obj</file>
         <name>os_portasm.obj</name>
      </input_file>
      <input_file id="fl-29">
         <path>.\source\</path>
         <kind>object</kind>
         <file>os_queue.obj</file>
         <name>os_queue.obj</name>
      </input_file>
      <input_file id="fl-2a">
         <path>.\source\</path>
         <kind>object</kind>
         <file>os_tasks.obj</file>
         <name>os_tasks.obj</name>
      </input_file>
      <input_file id="fl-2b">
         <path>.\source\</path>
         <kind>object</kind>
         <file>os_timer.obj</file>
         <name>os_timer.obj</name>
      </input_file>
      <input_file id="fl-2c">
         <path>.\source\</path>
         <kind>object</kind>
         <file>pinmux.obj</file>
         <name>pinmux.obj</name>
      </input_file>
      <input_file id="fl-2d">
         <path>.\source\</path>
         <kind>object</kind>
         <file>sci.obj</file>
         <name>sci.obj</name>
      </input_file>
      <input_file id="fl-2e">
         <path>.\source\</path>
         <kind>object</kind>
         <file>spi.obj</file>
         <name>spi.obj</name>
      </input_file>
      <input_file id="fl-2f">
         <path>.\source\</path>
         <kind>object</kind>
         <file>sys_core.obj</file>
         <name>sys_core.obj</name>
      </input_file>
      <input_file id="fl-30">
         <path>.\source\</path>
         <kind>object</kind>
         <file>sys_dma.obj</file>
         <name>sys_dma.obj</name>
      </input_file>
      <input_file id="fl-31">
         <path>.\source\</path>
         <kind>object</kind>
         <file>sys_intvecs.obj</file>
         <name>sys_intvecs.obj</name>
      </input_file>
      <input_file id="fl-32">
         <path>.\source\</path>
         <kind>object</kind>
         <file>sys_main.obj</file>
         <name>sys_main.obj</name>
      </input_file>
      <input_file id="fl-33">
         <path>.\source\</path>
         <kind>object</kind>
         <file>sys_mpu.obj</file>
         <name>sys_mpu.obj</name>
      </input_file>
      <input_file id="fl-34">
         <path>.\source\</path>
         <kind>object</kind>
         <file>sys_pcr.obj</file>
         <name>sys_pcr.obj</name>
      </input_file>
      <input_file id="fl-35">
         <path>.\source\</path>
         <kind>object</kind>
         <file>sys_phantom.obj</file>
         <name>sys_phantom.obj</name>
      </input_file>
      <input_file id="fl-36">
         <path>.\source\</path>
         <kind>object</kind>
         <file>sys_pmm.obj</file>
         <name>sys_pmm.obj</name>
      </input_file>
      <input_file id="fl-37">
         <path>.\source\</path>
         <kind>object</kind>
         <file>sys_pmu.obj</file>
         <name>sys_pmu.obj</name>
      </input_file>
      <input_file id="fl-38">
         <path>.\source\</path>
         <kind>object</kind>
         <file>sys_selftest.obj</file>
         <name>sys_selftest.obj</name>
      </input_file>
      <input_file id="fl-39">
         <path>.\source\</path>
         <kind>object</kind>
         <file>sys_startup.obj</file>
         <name>sys_startup.obj</name>
      </input_file>
      <input_file id="fl-3a">
         <path>.\source\</path>
         <kind>object</kind>
         <file>sys_vim.obj</file>
         <name>sys_vim.obj</name>
      </input_file>
      <input_file id="fl-3b">
         <path>.\source\</path>
         <kind>object</kind>
         <file>system.obj</file>
         <name>system.obj</name>
      </input_file>
      <input_file id="fl-3c">
         <path>.\source\arch\freertos\</path>
         <kind>object</kind>
         <file>csp_malloc.obj</file>
         <name>csp_malloc.obj</name>
      </input_file>
      <input_file id="fl-3d">
         <path>.\source\arch\freertos\</path>
         <kind>object</kind>
         <file>csp_queue.obj</file>
         <name>csp_queue.obj</name>
      </input_file>
      <input_file id="fl-3e">
         <path>.\source\arch\freertos\</path>
         <kind>object</kind>
         <file>csp_semaphore.obj</file>
         <name>csp_semaphore.obj</name>
      </input_file>
      <input_file id="fl-3f">
         <path>.\source\arch\freertos\</path>
         <kind>object</kind>
         <file>csp_system.obj</file>
         <name>csp_system.obj</name>
      </input_file>
      <input_file id="fl-40">
         <path>.\source\arch\freertos\</path>
         <kind>object</kind>
         <file>csp_thread.obj</file>
         <name>csp_thread.obj</name>
      </input_file>
      <input_file id="fl-41">
         <path>.\source\arch\freertos\</path>
         <kind>object</kind>
         <file>csp_time.obj</file>
         <name>csp_time.obj</name>
      </input_file>
      <input_file id="fl-42">
         <path>.\source\crypto\</path>
         <kind>object</kind>
         <file>csp_hmac.obj</file>
         <name>csp_hmac.obj</name>
      </input_file>
      <input_file id="fl-43">
         <path>.\source\crypto\</path>
         <kind>object</kind>
         <file>csp_sha1.obj</file>
         <name>csp_sha1.obj</name>
      </input_file>
      <input_file id="fl-44">
         <path>.\source\crypto\</path>
         <kind>object</kind>
         <file>csp_xtea.obj</file>
         <name>csp_xtea.obj</name>
      </input_file>
      <input_file id="fl-45">
         <path>.\source\drivers\can\</path>
         <kind>object</kind>
         <file>halcogen_can.obj</file>
         <name>halcogen_can.obj</name>
      </input_file>
      <input_file id="fl-46">
         <path>.\source\interfaces\</path>
         <kind>object</kind>
         <file>csp_if_can.obj</file>
         <name>csp_if_can.obj</name>
      </input_file>
      <input_file id="fl-47">
         <path>.\source\interfaces\</path>
         <kind>object</kind>
         <file>csp_if_i2c.obj</file>
         <name>csp_if_i2c.obj</name>
      </input_file>
      <input_file id="fl-48">
         <path>.\source\interfaces\</path>
         <kind>object</kind>
         <file>csp_if_kiss.obj</file>
         <name>csp_if_kiss.obj</name>
      </input_file>
      <input_file id="fl-49">
         <path>.\source\interfaces\</path>
         <kind>object</kind>
         <file>csp_if_lo.obj</file>
         <name>csp_if_lo.obj</name>
      </input_file>
      <input_file id="fl-4a">
         <path>.\source\rtable\</path>
         <kind>object</kind>
         <file>csp_rtable_static.obj</file>
         <name>csp_rtable_static.obj</name>
      </input_file>
      <input_file id="fl-4b">
         <path>.\source\transport\</path>
         <kind>object</kind>
         <file>csp_rdp.obj</file>
         <name>csp_rdp.obj</name>
      </input_file>
      <input_file id="fl-4c">
         <path>.\source\transport\</path>
         <kind>object</kind>
         <file>csp_udp.obj</file>
         <name>csp_udp.obj</name>
      </input_file>
      <input_file id="fl-50">
         <kind>object</kind>
         <file>&lt;internal&gt;</file>
         <name>&lt;internal&gt;</name>
      </input_file>
      <input_file id="fl-51">
         <path>C:\ti\ccs920\ccs\tools\compiler\ti-cgt-arm_18.12.3.LTS\lib\</path>
         <kind>archive</kind>
         <file>rtsv7R4_T_be_v3D16_eabi.lib</file>
         <name>s_floor.c.obj</name>
      </input_file>
      <input_file id="fl-52">
         <path>C:\ti\ccs920\ccs\tools\compiler\ti-cgt-arm_18.12.3.LTS\lib\</path>
         <kind>archive</kind>
         <file>rtsv7R4_T_be_v3D16_eabi.lib</file>
         <name>printf.c.obj</name>
      </input_file>
      <input_file id="fl-53">
         <path>C:\ti\ccs920\ccs\tools\compiler\ti-cgt-arm_18.12.3.LTS\lib\</path>
         <kind>archive</kind>
         <file>rtsv7R4_T_be_v3D16_eabi.lib</file>
         <name>fprintf.c.obj</name>
      </input_file>
      <input_file id="fl-54">
         <path>C:\ti\ccs920\ccs\tools\compiler\ti-cgt-arm_18.12.3.LTS\lib\</path>
         <kind>archive</kind>
         <file>rtsv7R4_T_be_v3D16_eabi.lib</file>
         <name>_printfi.c.obj</name>
      </input_file>
      <input_file id="fl-55">
         <path>C:\ti\ccs920\ccs\tools\compiler\ti-cgt-arm_18.12.3.LTS\lib\</path>
         <kind>archive</kind>
         <file>rtsv7R4_T_be_v3D16_eabi.lib</file>
         <name>snprintf.c.obj</name>
      </input_file>
      <input_file id="fl-56">
         <path>C:\ti\ccs920\ccs\tools\compiler\ti-cgt-arm_18.12.3.LTS\lib\</path>
         <kind>archive</kind>
         <file>rtsv7R4_T_be_v3D16_eabi.lib</file>
         <name>sprintf.c.obj</name>
      </input_file>
      <input_file id="fl-57">
         <path>C:\ti\ccs920\ccs\tools\compiler\ti-cgt-arm_18.12.3.LTS\lib\</path>
         <kind>archive</kind>
         <file>rtsv7R4_T_be_v3D16_eabi.lib</file>
         <name>vprintf.c.obj</name>
      </input_file>
      <input_file id="fl-58">
         <path>C:\ti\ccs920\ccs\tools\compiler\ti-cgt-arm_18.12.3.LTS\lib\</path>
         <kind>archive</kind>
         <file>rtsv7R4_T_be_v3D16_eabi.lib</file>
         <name>fputc.c.obj</name>
      </input_file>
      <input_file id="fl-59">
         <path>C:\ti\ccs920\ccs\tools\compiler\ti-cgt-arm_18.12.3.LTS\lib\</path>
         <kind>archive</kind>
         <file>rtsv7R4_T_be_v3D16_eabi.lib</file>
         <name>fputs.c.obj</name>
      </input_file>
      <input_file id="fl-5a">
         <path>C:\ti\ccs920\ccs\tools\compiler\ti-cgt-arm_18.12.3.LTS\lib\</path>
         <kind>archive</kind>
         <file>rtsv7R4_T_be_v3D16_eabi.lib</file>
         <name>_io_perm.c.obj</name>
      </input_file>
      <input_file id="fl-5b">
         <path>C:\ti\ccs920\ccs\tools\compiler\ti-cgt-arm_18.12.3.LTS\lib\</path>
         <kind>archive</kind>
         <file>rtsv7R4_T_be_v3D16_eabi.lib</file>
         <name>setvbuf.c.obj</name>
      </input_file>
      <input_file id="fl-5c">
         <path>C:\ti\ccs920\ccs\tools\compiler\ti-cgt-arm_18.12.3.LTS\lib\</path>
         <kind>archive</kind>
         <file>rtsv7R4_T_be_v3D16_eabi.lib</file>
         <name>wcslen.c.obj</name>
      </input_file>
      <input_file id="fl-5d">
         <path>C:\ti\ccs920\ccs\tools\compiler\ti-cgt-arm_18.12.3.LTS\lib\</path>
         <kind>archive</kind>
         <file>rtsv7R4_T_be_v3D16_eabi.lib</file>
         <name>i_div32.asm.obj</name>
      </input_file>
      <input_file id="fl-5e">
         <path>C:\ti\ccs920\ccs\tools\compiler\ti-cgt-arm_18.12.3.LTS\lib\</path>
         <kind>archive</kind>
         <file>rtsv7R4_T_be_v3D16_eabi.lib</file>
         <name>u_div32.asm.obj</name>
      </input_file>
      <input_file id="fl-5f">
         <path>C:\ti\ccs920\ccs\tools\compiler\ti-cgt-arm_18.12.3.LTS\lib\</path>
         <kind>archive</kind>
         <file>rtsv7R4_T_be_v3D16_eabi.lib</file>
         <name>ull_div32.asm.obj</name>
      </input_file>
      <input_file id="fl-60">
         <path>C:\ti\ccs920\ccs\tools\compiler\ti-cgt-arm_18.12.3.LTS\lib\</path>
         <kind>archive</kind>
         <file>rtsv7R4_T_be_v3D16_eabi.lib</file>
         <name>memset_t2.asm.obj</name>
      </input_file>
      <input_file id="fl-61">
         <path>C:\ti\ccs920\ccs\tools\compiler\ti-cgt-arm_18.12.3.LTS\lib\</path>
         <kind>archive</kind>
         <file>rtsv7R4_T_be_v3D16_eabi.lib</file>
         <name>memcpy_t2.asm.obj</name>
      </input_file>
      <input_file id="fl-62">
         <path>C:\ti\ccs920\ccs\tools\compiler\ti-cgt-arm_18.12.3.LTS\lib\</path>
         <kind>archive</kind>
         <file>rtsv7R4_T_be_v3D16_eabi.lib</file>
         <name>autoinit.c.obj</name>
      </input_file>
      <input_file id="fl-63">
         <path>C:\ti\ccs920\ccs\tools\compiler\ti-cgt-arm_18.12.3.LTS\lib\</path>
         <kind>archive</kind>
         <file>rtsv7R4_T_be_v3D16_eabi.lib</file>
         <name>cpy_tbl.c.obj</name>
      </input_file>
      <input_file id="fl-64">
         <path>C:\ti\ccs920\ccs\tools\compiler\ti-cgt-arm_18.12.3.LTS\lib\</path>
         <kind>archive</kind>
         <file>rtsv7R4_T_be_v3D16_eabi.lib</file>
         <name>copy_zero_init.c.obj</name>
      </input_file>
      <input_file id="fl-65">
         <path>C:\ti\ccs920\ccs\tools\compiler\ti-cgt-arm_18.12.3.LTS\lib\</path>
         <kind>archive</kind>
         <file>rtsv7R4_T_be_v3D16_eabi.lib</file>
         <name>copy_decompress_none.c.obj</name>
      </input_file>
      <input_file id="fl-66">
         <path>C:\ti\ccs920\ccs\tools\compiler\ti-cgt-arm_18.12.3.LTS\lib\</path>
         <kind>archive</kind>
         <file>rtsv7R4_T_be_v3D16_eabi.lib</file>
         <name>copy_decompress_lzss.c.obj</name>
      </input_file>
      <input_file id="fl-67">
         <path>C:\ti\ccs920\ccs\tools\compiler\ti-cgt-arm_18.12.3.LTS\lib\</path>
         <kind>archive</kind>
         <file>rtsv7R4_T_be_v3D16_eabi.lib</file>
         <name>exit.c.obj</name>
      </input_file>
      <input_file id="fl-68">
         <path>C:\ti\ccs920\ccs\tools\compiler\ti-cgt-arm_18.12.3.LTS\lib\</path>
         <kind>archive</kind>
         <file>rtsv7R4_T_be_v3D16_eabi.lib</file>
         <name>_lock.c.obj</name>
      </input_file>
      <input_file id="fl-69">
         <path>C:\ti\ccs920\ccs\tools\compiler\ti-cgt-arm_18.12.3.LTS\lib\</path>
         <kind>archive</kind>
         <file>rtsv7R4_T_be_v3D16_eabi.lib</file>
         <name>atoi.c.obj</name>
      </input_file>
      <input_file id="fl-6a">
         <path>C:\ti\ccs920\ccs\tools\compiler\ti-cgt-arm_18.12.3.LTS\lib\</path>
         <kind>archive</kind>
         <file>rtsv7R4_T_be_v3D16_eabi.lib</file>
         <name>ctype.c.obj</name>
      </input_file>
      <input_file id="fl-6b">
         <path>C:\ti\ccs920\ccs\tools\compiler\ti-cgt-arm_18.12.3.LTS\lib\</path>
         <kind>archive</kind>
         <file>rtsv7R4_T_be_v3D16_eabi.lib</file>
         <name>defs.c.obj</name>
      </input_file>
      <input_file id="fl-6c">
         <path>C:\ti\ccs920\ccs\tools\compiler\ti-cgt-arm_18.12.3.LTS\lib\</path>
         <kind>archive</kind>
         <file>rtsv7R4_T_be_v3D16_eabi.lib</file>
         <name>ltoa.c.obj</name>
      </input_file>
      <input_file id="fl-6d">
         <path>C:\ti\ccs920\ccs\tools\compiler\ti-cgt-arm_18.12.3.LTS\lib\</path>
         <kind>archive</kind>
         <file>rtsv7R4_T_be_v3D16_eabi.lib</file>
         <name>memccpy.c.obj</name>
      </input_file>
      <input_file id="fl-6e">
         <path>C:\ti\ccs920\ccs\tools\compiler\ti-cgt-arm_18.12.3.LTS\lib\</path>
         <kind>archive</kind>
         <file>rtsv7R4_T_be_v3D16_eabi.lib</file>
         <name>memchr.c.obj</name>
      </input_file>
      <input_file id="fl-6f">
         <path>C:\ti\ccs920\ccs\tools\compiler\ti-cgt-arm_18.12.3.LTS\lib\</path>
         <kind>archive</kind>
         <file>rtsv7R4_T_be_v3D16_eabi.lib</file>
         <name>memory.c.obj</name>
      </input_file>
      <input_file id="fl-70">
         <path>C:\ti\ccs920\ccs\tools\compiler\ti-cgt-arm_18.12.3.LTS\lib\</path>
         <kind>archive</kind>
         <file>rtsv7R4_T_be_v3D16_eabi.lib</file>
         <name>rand.c.obj</name>
      </input_file>
      <input_file id="fl-71">
         <path>C:\ti\ccs920\ccs\tools\compiler\ti-cgt-arm_18.12.3.LTS\lib\</path>
         <kind>archive</kind>
         <file>rtsv7R4_T_be_v3D16_eabi.lib</file>
         <name>strchr.c.obj</name>
      </input_file>
      <input_file id="fl-72">
         <path>C:\ti\ccs920\ccs\tools\compiler\ti-cgt-arm_18.12.3.LTS\lib\</path>
         <kind>archive</kind>
         <file>rtsv7R4_T_be_v3D16_eabi.lib</file>
         <name>strcpy.c.obj</name>
      </input_file>
      <input_file id="fl-73">
         <path>C:\ti\ccs920\ccs\tools\compiler\ti-cgt-arm_18.12.3.LTS\lib\</path>
         <kind>archive</kind>
         <file>rtsv7R4_T_be_v3D16_eabi.lib</file>
         <name>strlen.c.obj</name>
      </input_file>
      <input_file id="fl-74">
         <path>C:\ti\ccs920\ccs\tools\compiler\ti-cgt-arm_18.12.3.LTS\lib\</path>
         <kind>archive</kind>
         <file>rtsv7R4_T_be_v3D16_eabi.lib</file>
         <name>strncat.c.obj</name>
      </input_file>
      <input_file id="fl-75">
         <path>C:\ti\ccs920\ccs\tools\compiler\ti-cgt-arm_18.12.3.LTS\lib\</path>
         <kind>archive</kind>
         <file>rtsv7R4_T_be_v3D16_eabi.lib</file>
         <name>strncmp.c.obj</name>
      </input_file>
      <input_file id="fl-76">
         <path>C:\ti\ccs920\ccs\tools\compiler\ti-cgt-arm_18.12.3.LTS\lib\</path>
         <kind>archive</kind>
         <file>rtsv7R4_T_be_v3D16_eabi.lib</file>
         <name>strncpy.c.obj</name>
      </input_file>
      <input_file id="fl-77">
         <path>C:\ti\ccs920\ccs\tools\compiler\ti-cgt-arm_18.12.3.LTS\lib\</path>
         <kind>archive</kind>
         <file>rtsv7R4_T_be_v3D16_eabi.lib</file>
         <name>errno.c.obj</name>
      </input_file>
      <input_file id="fl-78">
         <path>C:\ti\ccs920\ccs\tools\compiler\ti-cgt-arm_18.12.3.LTS\lib\</path>
         <kind>archive</kind>
         <file>rtsv7R4_T_be_v3D16_eabi.lib</file>
         <name>write.c.obj</name>
      </input_file>
      <input_file id="fl-79">
         <path>C:\ti\ccs920\ccs\tools\compiler\ti-cgt-arm_18.12.3.LTS\lib\</path>
         <kind>archive</kind>
         <file>rtsv7R4_T_be_v3D16_eabi.lib</file>
         <name>host_device.c.obj</name>
      </input_file>
      <input_file id="fl-7a">
         <path>C:\ti\ccs920\ccs\tools\compiler\ti-cgt-arm_18.12.3.LTS\lib\</path>
         <kind>archive</kind>
         <file>rtsv7R4_T_be_v3D16_eabi.lib</file>
         <name>s_frexp.c.obj</name>
      </input_file>
      <input_file id="fl-7b">
         <path>C:\ti\ccs920\ccs\tools\compiler\ti-cgt-arm_18.12.3.LTS\lib\</path>
         <kind>archive</kind>
         <file>rtsv7R4_T_be_v3D16_eabi.lib</file>
         <name>s_scalbn.c.obj</name>
      </input_file>
      <input_file id="fl-7c">
         <path>C:\ti\ccs920\ccs\tools\compiler\ti-cgt-arm_18.12.3.LTS\lib\</path>
         <kind>archive</kind>
         <file>rtsv7R4_T_be_v3D16_eabi.lib</file>
         <name>fflush.c.obj</name>
      </input_file>
      <input_file id="fl-7d">
         <path>C:\ti\ccs920\ccs\tools\compiler\ti-cgt-arm_18.12.3.LTS\lib\</path>
         <kind>archive</kind>
         <file>rtsv7R4_T_be_v3D16_eabi.lib</file>
         <name>fopen.c.obj</name>
      </input_file>
      <input_file id="fl-7e">
         <path>C:\ti\ccs920\ccs\tools\compiler\ti-cgt-arm_18.12.3.LTS\lib\</path>
         <kind>archive</kind>
         <file>rtsv7R4_T_be_v3D16_eabi.lib</file>
         <name>fseek.c.obj</name>
      </input_file>
      <input_file id="fl-7f">
         <path>C:\ti\ccs920\ccs\tools\compiler\ti-cgt-arm_18.12.3.LTS\lib\</path>
         <kind>archive</kind>
         <file>rtsv7R4_T_be_v3D16_eabi.lib</file>
         <name>div0.asm.obj</name>
      </input_file>
      <input_file id="fl-80">
         <path>C:\ti\ccs920\ccs\tools\compiler\ti-cgt-arm_18.12.3.LTS\lib\</path>
         <kind>archive</kind>
         <file>rtsv7R4_T_be_v3D16_eabi.lib</file>
         <name>hostclose.c.obj</name>
      </input_file>
      <input_file id="fl-81">
         <path>C:\ti\ccs920\ccs\tools\compiler\ti-cgt-arm_18.12.3.LTS\lib\</path>
         <kind>archive</kind>
         <file>rtsv7R4_T_be_v3D16_eabi.lib</file>
         <name>hostlseek.c.obj</name>
      </input_file>
      <input_file id="fl-82">
         <path>C:\ti\ccs920\ccs\tools\compiler\ti-cgt-arm_18.12.3.LTS\lib\</path>
         <kind>archive</kind>
         <file>rtsv7R4_T_be_v3D16_eabi.lib</file>
         <name>hostopen.c.obj</name>
      </input_file>
      <input_file id="fl-83">
         <path>C:\ti\ccs920\ccs\tools\compiler\ti-cgt-arm_18.12.3.LTS\lib\</path>
         <kind>archive</kind>
         <file>rtsv7R4_T_be_v3D16_eabi.lib</file>
         <name>hostread.c.obj</name>
      </input_file>
      <input_file id="fl-84">
         <path>C:\ti\ccs920\ccs\tools\compiler\ti-cgt-arm_18.12.3.LTS\lib\</path>
         <kind>archive</kind>
         <file>rtsv7R4_T_be_v3D16_eabi.lib</file>
         <name>hostrename.c.obj</name>
      </input_file>
      <input_file id="fl-85">
         <path>C:\ti\ccs920\ccs\tools\compiler\ti-cgt-arm_18.12.3.LTS\lib\</path>
         <kind>archive</kind>
         <file>rtsv7R4_T_be_v3D16_eabi.lib</file>
         <name>hostunlink.c.obj</name>
      </input_file>
      <input_file id="fl-86">
         <path>C:\ti\ccs920\ccs\tools\compiler\ti-cgt-arm_18.12.3.LTS\lib\</path>
         <kind>archive</kind>
         <file>rtsv7R4_T_be_v3D16_eabi.lib</file>
         <name>hostwrite.c.obj</name>
      </input_file>
      <input_file id="fl-87">
         <path>C:\ti\ccs920\ccs\tools\compiler\ti-cgt-arm_18.12.3.LTS\lib\</path>
         <kind>archive</kind>
         <file>rtsv7R4_T_be_v3D16_eabi.lib</file>
         <name>trgmsg.c.obj</name>
      </input_file>
      <input_file id="fl-88">
         <path>C:\ti\ccs920\ccs\tools\compiler\ti-cgt-arm_18.12.3.LTS\lib\</path>
         <kind>archive</kind>
         <file>rtsv7R4_T_be_v3D16_eabi.lib</file>
         <name>open.c.obj</name>
      </input_file>
      <input_file id="fl-89">
         <path>C:\ti\ccs920\ccs\tools\compiler\ti-cgt-arm_18.12.3.LTS\lib\</path>
         <kind>archive</kind>
         <file>rtsv7R4_T_be_v3D16_eabi.lib</file>
         <name>lseek.c.obj</name>
      </input_file>
      <input_file id="fl-8a">
         <path>C:\ti\ccs920\ccs\tools\compiler\ti-cgt-arm_18.12.3.LTS\lib\</path>
         <kind>archive</kind>
         <file>rtsv7R4_T_be_v3D16_eabi.lib</file>
         <name>s_copysign.c.obj</name>
      </input_file>
      <input_file id="fl-8b">
         <path>C:\ti\ccs920\ccs\tools\compiler\ti-cgt-arm_18.12.3.LTS\lib\</path>
         <kind>archive</kind>
         <file>rtsv7R4_T_be_v3D16_eabi.lib</file>
         <name>fclose.c.obj</name>
      </input_file>
      <input_file id="fl-8c">
         <path>C:\ti\ccs920\ccs\tools\compiler\ti-cgt-arm_18.12.3.LTS\lib\</path>
         <kind>archive</kind>
         <file>rtsv7R4_T_be_v3D16_eabi.lib</file>
         <name>getdevice.c.obj</name>
      </input_file>
      <input_file id="fl-8d">
         <path>C:\ti\ccs920\ccs\tools\compiler\ti-cgt-arm_18.12.3.LTS\lib\</path>
         <kind>archive</kind>
         <file>rtsv7R4_T_be_v3D16_eabi.lib</file>
         <name>strcmp.c.obj</name>
      </input_file>
      <input_file id="fl-8e">
         <path>C:\ti\ccs920\ccs\tools\compiler\ti-cgt-arm_18.12.3.LTS\lib\</path>
         <kind>archive</kind>
         <file>rtsv7R4_T_be_v3D16_eabi.lib</file>
         <name>remove.c.obj</name>
      </input_file>
      <input_file id="fl-8f">
         <path>C:\ti\ccs920\ccs\tools\compiler\ti-cgt-arm_18.12.3.LTS\lib\</path>
         <kind>archive</kind>
         <file>rtsv7R4_T_be_v3D16_eabi.lib</file>
         <name>close.c.obj</name>
      </input_file>
      <input_file id="fl-90">
         <path>C:\ti\ccs920\ccs\tools\compiler\ti-cgt-arm_18.12.3.LTS\lib\</path>
         <kind>archive</kind>
         <file>rtsv7R4_T_be_v3D16_eabi.lib</file>
         <name>unlink.c.obj</name>
      </input_file>
   </input_file_list>
   <object_component_list>
      <object_component id="oc-2a">
         <name>.intvecs</name>
         <load_address>0x0</load_address>
         <run_address>0x0</run_address>
         <size>0x20</size>
         <input_file_ref idref="fl-31"/>
      </object_component>
      <object_component id="oc-18d">
         <name>.kernelTEXT</name>
         <load_address>0x20</load_address>
         <run_address>0x20</run_address>
         <size>0x35c8</size>
         <input_file_ref idref="fl-2a"/>
      </object_component>
      <object_component id="oc-31d">
         <name>.kernelTEXT</name>
         <load_address>0x35e8</load_address>
         <run_address>0x35e8</run_address>
         <size>0x15d8</size>
         <input_file_ref idref="fl-29"/>
      </object_component>
      <object_component id="oc-323">
         <name>.kernelTEXT</name>
         <load_address>0x4bc0</load_address>
         <run_address>0x4bc0</run_address>
         <size>0x85c</size>
         <input_file_ref idref="fl-23"/>
      </object_component>
      <object_component id="oc-a4">
         <name>.kernelTEXT</name>
         <load_address>0x541c</load_address>
         <run_address>0x541c</run_address>
         <size>0x4b0</size>
         <input_file_ref idref="fl-28"/>
      </object_component>
      <object_component id="oc-376">
         <name>.kernelTEXT</name>
         <load_address>0x58cc</load_address>
         <run_address>0x58cc</run_address>
         <size>0x3e0</size>
         <input_file_ref idref="fl-27"/>
      </object_component>
      <object_component id="oc-36a">
         <name>.kernelTEXT</name>
         <load_address>0x5cac</load_address>
         <run_address>0x5cac</run_address>
         <size>0x380</size>
         <input_file_ref idref="fl-24"/>
      </object_component>
      <object_component id="oc-856">
         <name>.cinit..data.load</name>
         <load_address>0x6830</load_address>
         <run_address>0x6830</run_address>
         <size>0x82</size>
      </object_component>
      <object_component id="oc-851">
         <name>__TI_handler_table</name>
         <load_address>0x68b4</load_address>
         <run_address>0x68b4</run_address>
         <size>0xc</size>
      </object_component>
      <object_component id="oc-853">
         <name>.cinit..kernelBSS.load</name>
         <load_address>0x68c0</load_address>
         <run_address>0x68c0</run_address>
         <size>0x9</size>
      </object_component>
      <object_component id="oc-855">
         <name>.cinit..bss.load</name>
         <load_address>0x68d0</load_address>
         <run_address>0x68d0</run_address>
         <size>0x8</size>
      </object_component>
      <object_component id="oc-854">
         <name>.cinit..kernelHEAP.load</name>
         <load_address>0x68d8</load_address>
         <run_address>0x68d8</run_address>
         <size>0x8</size>
      </object_component>
      <object_component id="oc-852">
         <name>__TI_cinit_table</name>
         <load_address>0x68e0</load_address>
         <run_address>0x68e0</run_address>
         <size>0x20</size>
      </object_component>
      <object_component id="oc-7e">
         <name>.text</name>
         <load_address>0x8020</load_address>
         <run_address>0x8020</run_address>
         <size>0x2cdc</size>
         <input_file_ref idref="fl-38"/>
      </object_component>
      <object_component id="oc-132">
         <name>.text</name>
         <load_address>0xacfc</load_address>
         <run_address>0xacfc</run_address>
         <size>0xec0</size>
         <input_file_ref idref="fl-d"/>
      </object_component>
      <object_component id="oc-157">
         <name>.text</name>
         <load_address>0xbbbc</load_address>
         <run_address>0xbbbc</run_address>
         <size>0xc0c</size>
         <input_file_ref idref="fl-7"/>
      </object_component>
      <object_component id="oc-15d">
         <name>.text</name>
         <load_address>0xc7c8</load_address>
         <run_address>0xc7c8</run_address>
         <size>0xba4</size>
         <input_file_ref idref="fl-26"/>
      </object_component>
      <object_component id="oc-78">
         <name>.text</name>
         <load_address>0xd36c</load_address>
         <run_address>0xd36c</run_address>
         <size>0xb64</size>
         <input_file_ref idref="fl-3b"/>
      </object_component>
      <object_component id="oc-36">
         <name>.text</name>
         <load_address>0xded0</load_address>
         <run_address>0xded0</run_address>
         <size>0xa58</size>
         <input_file_ref idref="fl-3a"/>
      </object_component>
      <object_component id="oc-284">
         <name>.text:__TI_printfi</name>
         <load_address>0xe928</load_address>
         <run_address>0xe928</run_address>
         <size>0xa4a</size>
         <input_file_ref idref="fl-54"/>
      </object_component>
      <object_component id="oc-48d">
         <name>.text:_nop</name>
         <load_address>0xf372</load_address>
         <run_address>0xf372</run_address>
         <size>0x2</size>
         <input_file_ref idref="fl-68"/>
      </object_component>
      <object_component id="oc-eb">
         <name>.text</name>
         <load_address>0xf374</load_address>
         <run_address>0xf374</run_address>
         <size>0x8ac</size>
         <input_file_ref idref="fl-2c"/>
      </object_component>
      <object_component id="oc-14a">
         <name>.text</name>
         <load_address>0xfc20</load_address>
         <run_address>0xfc20</run_address>
         <size>0x890</size>
         <input_file_ref idref="fl-12"/>
      </object_component>
      <object_component id="oc-175">
         <name>.text</name>
         <load_address>0x104b0</load_address>
         <run_address>0x104b0</run_address>
         <size>0x734</size>
         <input_file_ref idref="fl-11"/>
      </object_component>
      <object_component id="oc-163">
         <name>.text</name>
         <load_address>0x10be4</load_address>
         <run_address>0x10be4</run_address>
         <size>0x6ec</size>
         <input_file_ref idref="fl-13"/>
      </object_component>
      <object_component id="oc-6c">
         <name>.text</name>
         <load_address>0x112d0</load_address>
         <run_address>0x112d0</run_address>
         <size>0x664</size>
         <input_file_ref idref="fl-19"/>
      </object_component>
      <object_component id="oc-144">
         <name>.text</name>
         <load_address>0x11934</load_address>
         <run_address>0x11934</run_address>
         <size>0x638</size>
         <input_file_ref idref="fl-6"/>
      </object_component>
      <object_component id="oc-89">
         <name>.text</name>
         <load_address>0x11f6c</load_address>
         <run_address>0x11f6c</run_address>
         <size>0x5bc</size>
         <input_file_ref idref="fl-1a"/>
      </object_component>
      <object_component id="oc-67">
         <name>.text</name>
         <load_address>0x12528</load_address>
         <run_address>0x12528</run_address>
         <size>0x34c</size>
         <input_file_ref idref="fl-2f"/>
      </object_component>
      <object_component id="oc-17b">
         <name>.text</name>
         <load_address>0x12874</load_address>
         <run_address>0x12874</run_address>
         <size>0x348</size>
         <input_file_ref idref="fl-c"/>
      </object_component>
      <object_component id="oc-90">
         <name>.text</name>
         <load_address>0x12bbc</load_address>
         <run_address>0x12bbc</run_address>
         <size>0x314</size>
         <input_file_ref idref="fl-32"/>
      </object_component>
      <object_component id="oc-84">
         <name>.text</name>
         <load_address>0x12ed0</load_address>
         <run_address>0x12ed0</run_address>
         <size>0x2d8</size>
         <input_file_ref idref="fl-33"/>
      </object_component>
      <object_component id="oc-2ca">
         <name>.text</name>
         <load_address>0x131a8</load_address>
         <run_address>0x131a8</run_address>
         <size>0x2d4</size>
         <input_file_ref idref="fl-3f"/>
      </object_component>
      <object_component id="oc-181">
         <name>.text</name>
         <load_address>0x1347c</load_address>
         <run_address>0x1347c</run_address>
         <size>0x2d0</size>
         <input_file_ref idref="fl-4a"/>
      </object_component>
      <object_component id="oc-35">
         <name>.text:retain</name>
         <load_address>0x1374c</load_address>
         <run_address>0x1374c</run_address>
         <size>0x2cc</size>
         <input_file_ref idref="fl-3a"/>
      </object_component>
      <object_component id="oc-5de">
         <name>.text</name>
         <load_address>0x13a18</load_address>
         <run_address>0x13a18</run_address>
         <size>0x2b8</size>
         <input_file_ref idref="fl-5f"/>
      </object_component>
      <object_component id="oc-1b">
         <name>.text:retain</name>
         <load_address>0x13cd0</load_address>
         <run_address>0x13cd0</run_address>
         <size>0x294</size>
         <input_file_ref idref="fl-39"/>
      </object_component>
      <object_component id="oc-25b">
         <name>.text</name>
         <load_address>0x13f64</load_address>
         <run_address>0x13f64</run_address>
         <size>0x288</size>
         <input_file_ref idref="fl-10"/>
      </object_component>
      <object_component id="oc-54c">
         <name>.text</name>
         <load_address>0x141ec</load_address>
         <run_address>0x141ec</run_address>
         <size>0x27c</size>
         <input_file_ref idref="fl-24"/>
      </object_component>
      <object_component id="oc-261">
         <name>.text</name>
         <load_address>0x14468</load_address>
         <run_address>0x14468</run_address>
         <size>0x270</size>
         <input_file_ref idref="fl-9"/>
      </object_component>
      <object_component id="oc-469">
         <name>.text:_pconv_a</name>
         <load_address>0x146d8</load_address>
         <run_address>0x146d8</run_address>
         <size>0x248</size>
         <input_file_ref idref="fl-54"/>
      </object_component>
      <object_component id="oc-370">
         <name>.text</name>
         <load_address>0x14920</load_address>
         <run_address>0x14920</run_address>
         <size>0x238</size>
         <input_file_ref idref="fl-25"/>
      </object_component>
      <object_component id="oc-138">
         <name>.text</name>
         <load_address>0x14b58</load_address>
         <run_address>0x14b58</run_address>
         <size>0x22c</size>
         <input_file_ref idref="fl-e"/>
      </object_component>
      <object_component id="oc-98">
         <name>.text</name>
         <load_address>0x14d84</load_address>
         <run_address>0x14d84</run_address>
         <size>0x20c</size>
         <input_file_ref idref="fl-21"/>
      </object_component>
      <object_component id="oc-2e1">
         <name>.text</name>
         <load_address>0x14f90</load_address>
         <run_address>0x14f90</run_address>
         <size>0x208</size>
         <input_file_ref idref="fl-3e"/>
      </object_component>
      <object_component id="oc-55c">
         <name>.text</name>
         <load_address>0x15198</load_address>
         <run_address>0x15198</run_address>
         <size>0x1b4</size>
         <input_file_ref idref="fl-27"/>
      </object_component>
      <object_component id="oc-457">
         <name>.text:_pconv_g</name>
         <load_address>0x1534c</load_address>
         <run_address>0x1534c</run_address>
         <size>0x1a0</size>
         <input_file_ref idref="fl-54"/>
      </object_component>
      <object_component id="oc-317">
         <name>.text</name>
         <load_address>0x154ec</load_address>
         <run_address>0x154ec</run_address>
         <size>0x164</size>
         <input_file_ref idref="fl-2a"/>
      </object_component>
      <object_component id="oc-267">
         <name>.text</name>
         <load_address>0x15650</load_address>
         <run_address>0x15650</run_address>
         <size>0x120</size>
         <input_file_ref idref="fl-3d"/>
      </object_component>
      <object_component id="oc-497">
         <name>.text:fputs</name>
         <load_address>0x15770</load_address>
         <run_address>0x15770</run_address>
         <size>0x118</size>
         <input_file_ref idref="fl-59"/>
      </object_component>
      <object_component id="oc-21">
         <name>.text:retain</name>
         <load_address>0x15888</load_address>
         <run_address>0x15888</run_address>
         <size>0x114</size>
         <input_file_ref idref="fl-1a"/>
      </object_component>
      <object_component id="oc-463">
         <name>.text:_pconv_e</name>
         <load_address>0x1599c</load_address>
         <run_address>0x1599c</run_address>
         <size>0x104</size>
         <input_file_ref idref="fl-54"/>
      </object_component>
      <object_component id="oc-5f7">
         <name>.text:fcvt</name>
         <load_address>0x15aa0</load_address>
         <run_address>0x15aa0</run_address>
         <size>0xfc</size>
         <input_file_ref idref="fl-54"/>
      </object_component>
      <object_component id="oc-76a">
         <name>.text:aligned_alloc</name>
         <load_address>0x15b9c</load_address>
         <run_address>0x15b9c</run_address>
         <size>0xf8</size>
         <input_file_ref idref="fl-6f"/>
      </object_component>
      <object_component id="oc-60b">
         <name>.text:scalbn</name>
         <load_address>0x15c94</load_address>
         <run_address>0x15c94</run_address>
         <size>0xf0</size>
         <input_file_ref idref="fl-7b"/>
      </object_component>
      <object_component id="oc-ac">
         <name>.text</name>
         <load_address>0x15d84</load_address>
         <run_address>0x15d84</run_address>
         <size>0xe8</size>
         <input_file_ref idref="fl-15"/>
      </object_component>
      <object_component id="oc-72a">
         <name>.text:free</name>
         <load_address>0x15e6c</load_address>
         <run_address>0x15e6c</run_address>
         <size>0xe8</size>
         <input_file_ref idref="fl-6f"/>
      </object_component>
      <object_component id="oc-f3">
         <name>.text</name>
         <load_address>0x15f54</load_address>
         <run_address>0x15f54</run_address>
         <size>0xe0</size>
         <input_file_ref idref="fl-37"/>
      </object_component>
      <object_component id="oc-6fd">
         <name>.text:setvbuf</name>
         <load_address>0x16034</load_address>
         <run_address>0x16034</run_address>
         <size>0xdc</size>
         <input_file_ref idref="fl-5b"/>
      </object_component>
      <object_component id="oc-34a">
         <name>.text</name>
         <load_address>0x16110</load_address>
         <run_address>0x16110</run_address>
         <size>0xd4</size>
         <input_file_ref idref="fl-4c"/>
      </object_component>
      <object_component id="oc-451">
         <name>.text:_ltostr</name>
         <load_address>0x161e4</load_address>
         <run_address>0x161e4</run_address>
         <size>0xad</size>
         <input_file_ref idref="fl-54"/>
      </object_component>
      <object_component id="oc-4f">
         <name>.text</name>
         <load_address>0x16292</load_address>
         <run_address>0x16292</run_address>
         <size>0x9c</size>
         <input_file_ref idref="fl-61"/>
      </object_component>
      <object_component id="oc-4ea">
         <name>.text</name>
         <load_address>0x1632e</load_address>
         <run_address>0x1632e</run_address>
         <size>0x2</size>
         <input_file_ref idref="fl-7f"/>
      </object_component>
      <object_component id="oc-49e">
         <name>.text:fputc</name>
         <load_address>0x16330</load_address>
         <run_address>0x16330</run_address>
         <size>0x90</size>
         <input_file_ref idref="fl-58"/>
      </object_component>
      <object_component id="oc-7b2">
         <name>.text:split</name>
         <load_address>0x163c0</load_address>
         <run_address>0x163c0</run_address>
         <size>0x7c</size>
         <input_file_ref idref="fl-6f"/>
      </object_component>
      <object_component id="oc-5f0">
         <name>.text:_mcpy</name>
         <load_address>0x1643c</load_address>
         <run_address>0x1643c</run_address>
         <size>0x7a</size>
         <input_file_ref idref="fl-54"/>
      </object_component>
      <object_component id="oc-dd">
         <name>.text</name>
         <load_address>0x164b6</load_address>
         <run_address>0x164b6</run_address>
         <size>0x7a</size>
         <input_file_ref idref="fl-60"/>
      </object_component>
      <object_component id="oc-771">
         <name>.text:__TI_closefile</name>
         <load_address>0x16530</load_address>
         <run_address>0x16530</run_address>
         <size>0x74</size>
         <input_file_ref idref="fl-8b"/>
      </object_component>
      <object_component id="oc-605">
         <name>.text:frexp</name>
         <load_address>0x165a4</load_address>
         <run_address>0x165a4</run_address>
         <size>0x74</size>
         <input_file_ref idref="fl-7a"/>
      </object_component>
      <object_component id="oc-7a1">
         <name>.text:HOSTrename</name>
         <load_address>0x16618</load_address>
         <run_address>0x16618</run_address>
         <size>0x6c</size>
         <input_file_ref idref="fl-84"/>
      </object_component>
      <object_component id="oc-e">
         <name>.text:decompress:lzss:__TI_decompress_lzss</name>
         <load_address>0x16684</load_address>
         <run_address>0x16684</run_address>
         <size>0x6c</size>
         <input_file_ref idref="fl-66"/>
      </object_component>
      <object_component id="oc-795">
         <name>.text:HOSTlseek</name>
         <load_address>0x166f0</load_address>
         <run_address>0x166f0</run_address>
         <size>0x68</size>
         <input_file_ref idref="fl-81"/>
      </object_component>
      <object_component id="oc-2f8">
         <name>.text:printf</name>
         <load_address>0x16758</load_address>
         <run_address>0x16758</run_address>
         <size>0x68</size>
         <input_file_ref idref="fl-52"/>
      </object_component>
      <object_component id="oc-635">
         <name>.text:__TI_wrt_ok</name>
         <load_address>0x167c0</load_address>
         <run_address>0x167c0</run_address>
         <size>0x64</size>
         <input_file_ref idref="fl-5a"/>
      </object_component>
      <object_component id="oc-13e">
         <name>.text:fprintf</name>
         <load_address>0x16824</load_address>
         <run_address>0x16824</run_address>
         <size>0x64</size>
         <input_file_ref idref="fl-53"/>
      </object_component>
      <object_component id="oc-6f7">
         <name>.text:fseek</name>
         <load_address>0x16888</load_address>
         <run_address>0x16888</run_address>
         <size>0x64</size>
         <input_file_ref idref="fl-7e"/>
      </object_component>
      <object_component id="oc-187">
         <name>.text</name>
         <load_address>0x168ec</load_address>
         <run_address>0x168ec</run_address>
         <size>0x60</size>
         <input_file_ref idref="fl-40"/>
      </object_component>
      <object_component id="oc-77d">
         <name>.text:HOSTopen</name>
         <load_address>0x1694c</load_address>
         <run_address>0x1694c</run_address>
         <size>0x5c</size>
         <input_file_ref idref="fl-82"/>
      </object_component>
      <object_component id="oc-789">
         <name>.text:HOSTread</name>
         <load_address>0x169a8</load_address>
         <run_address>0x169a8</run_address>
         <size>0x5c</size>
         <input_file_ref idref="fl-83"/>
      </object_component>
      <object_component id="oc-78f">
         <name>.text:HOSTwrite</name>
         <load_address>0x16a04</load_address>
         <run_address>0x16a04</run_address>
         <size>0x58</size>
         <input_file_ref idref="fl-86"/>
      </object_component>
      <object_component id="oc-7b9">
         <name>.text:close</name>
         <load_address>0x16a5c</load_address>
         <run_address>0x16a5c</run_address>
         <size>0x58</size>
         <input_file_ref idref="fl-8f"/>
      </object_component>
      <object_component id="oc-5ea">
         <name>.text:_ecpy</name>
         <load_address>0x16ab4</load_address>
         <run_address>0x16ab4</run_address>
         <size>0x54</size>
         <input_file_ref idref="fl-54"/>
      </object_component>
      <object_component id="oc-38c">
         <name>.text</name>
         <load_address>0x16b08</load_address>
         <run_address>0x16b08</run_address>
         <size>0x54</size>
         <input_file_ref idref="fl-49"/>
      </object_component>
      <object_component id="oc-5e4">
         <name>.text:ltoa</name>
         <load_address>0x16b5c</load_address>
         <run_address>0x16b5c</run_address>
         <size>0x54</size>
         <input_file_ref idref="fl-6c"/>
      </object_component>
      <object_component id="oc-2f3">
         <name>.text</name>
         <load_address>0x16bb0</load_address>
         <run_address>0x16bb0</run_address>
         <size>0x54</size>
         <input_file_ref idref="fl-5d"/>
      </object_component>
      <object_component id="oc-41c">
         <name>.text:vprintf</name>
         <load_address>0x16c04</load_address>
         <run_address>0x16c04</run_address>
         <size>0x54</size>
         <input_file_ref idref="fl-57"/>
      </object_component>
      <object_component id="oc-45d">
         <name>.text:_pconv_f</name>
         <load_address>0x16c58</load_address>
         <run_address>0x16c58</run_address>
         <size>0x50</size>
         <input_file_ref idref="fl-54"/>
      </object_component>
      <object_component id="oc-44b">
         <name>.text:atoi</name>
         <load_address>0x16ca8</load_address>
         <run_address>0x16ca8</run_address>
         <size>0x50</size>
         <input_file_ref idref="fl-69"/>
      </object_component>
      <object_component id="oc-4c7">
         <name>.text</name>
         <load_address>0x16cf8</load_address>
         <run_address>0x16cf8</run_address>
         <size>0x50</size>
         <input_file_ref idref="fl-5e"/>
      </object_component>
      <object_component id="oc-63b">
         <name>.text:__TI_doflush</name>
         <load_address>0x16d48</load_address>
         <run_address>0x16d48</run_address>
         <size>0x4c</size>
         <input_file_ref idref="fl-7c"/>
      </object_component>
      <object_component id="oc-2fe">
         <name>.text:snprintf</name>
         <load_address>0x16d94</load_address>
         <run_address>0x16d94</run_address>
         <size>0x4c</size>
         <input_file_ref idref="fl-55"/>
      </object_component>
      <object_component id="oc-783">
         <name>.text:HOSTclose</name>
         <load_address>0x16de0</load_address>
         <run_address>0x16de0</run_address>
         <size>0x44</size>
         <input_file_ref idref="fl-80"/>
      </object_component>
      <object_component id="oc-79b">
         <name>.text:HOSTunlink</name>
         <load_address>0x16e24</load_address>
         <run_address>0x16e24</run_address>
         <size>0x44</size>
         <input_file_ref idref="fl-85"/>
      </object_component>
      <object_component id="oc-102">
         <name>.text:__TI_auto_init_nobinit_nopinit:__TI_auto_init_nobinit_nopinit</name>
         <load_address>0x16e68</load_address>
         <run_address>0x16e68</run_address>
         <size>0x44</size>
         <input_file_ref idref="fl-62"/>
      </object_component>
      <object_component id="oc-1a6">
         <name>.text:exit</name>
         <load_address>0x16eac</load_address>
         <run_address>0x16eac</run_address>
         <size>0x44</size>
         <input_file_ref idref="fl-67"/>
      </object_component>
      <object_component id="oc-7eb">
         <name>.text:getdevice</name>
         <load_address>0x16ef0</load_address>
         <run_address>0x16ef0</run_address>
         <size>0x44</size>
         <input_file_ref idref="fl-8c"/>
      </object_component>
      <object_component id="oc-5fd">
         <name>.text:_fcpy</name>
         <load_address>0x16f34</load_address>
         <run_address>0x16f34</run_address>
         <size>0x40</size>
         <input_file_ref idref="fl-54"/>
      </object_component>
      <object_component id="oc-2d0">
         <name>.text</name>
         <load_address>0x16f74</load_address>
         <run_address>0x16f74</run_address>
         <size>0x40</size>
         <input_file_ref idref="fl-41"/>
      </object_component>
      <object_component id="oc-37f">
         <name>.text:sprintf</name>
         <load_address>0x16fb4</load_address>
         <run_address>0x16fb4</run_address>
         <size>0x40</size>
         <input_file_ref idref="fl-56"/>
      </object_component>
      <object_component id="oc-7ca">
         <name>.text:__TI_writemsg</name>
         <load_address>0x16ff4</load_address>
         <run_address>0x16ff4</run_address>
         <size>0x3c</size>
         <input_file_ref idref="fl-87"/>
      </object_component>
      <object_component id="oc-2b6">
         <name>.text:strncpy</name>
         <load_address>0x17030</load_address>
         <run_address>0x17030</run_address>
         <size>0x36</size>
         <input_file_ref idref="fl-76"/>
      </object_component>
      <object_component id="oc-736">
         <name>.text:__TI_cleanup</name>
         <load_address>0x17068</load_address>
         <run_address>0x17068</run_address>
         <size>0x34</size>
         <input_file_ref idref="fl-7d"/>
      </object_component>
      <object_component id="oc-7d0">
         <name>.text:__TI_readmsg</name>
         <load_address>0x1709c</load_address>
         <run_address>0x1709c</run_address>
         <size>0x34</size>
         <input_file_ref idref="fl-87"/>
      </object_component>
      <object_component id="oc-80b">
         <name>.text:finddevice</name>
         <load_address>0x170d0</load_address>
         <run_address>0x170d0</run_address>
         <size>0x34</size>
         <input_file_ref idref="fl-8c"/>
      </object_component>
      <object_component id="oc-2ed">
         <name>.text:rand</name>
         <load_address>0x17104</load_address>
         <run_address>0x17104</run_address>
         <size>0x34</size>
         <input_file_ref idref="fl-70"/>
      </object_component>
      <object_component id="oc-4fe">
         <name>.text:_outs</name>
         <load_address>0x17138</load_address>
         <run_address>0x17138</run_address>
         <size>0x30</size>
         <input_file_ref idref="fl-55"/>
      </object_component>
      <object_component id="oc-304">
         <name>.text:strncat</name>
         <load_address>0x17168</load_address>
         <run_address>0x17168</run_address>
         <size>0x30</size>
         <input_file_ref idref="fl-74"/>
      </object_component>
      <object_component id="oc-7bf">
         <name>.text:unlink</name>
         <load_address>0x17198</load_address>
         <run_address>0x17198</run_address>
         <size>0x2c</size>
         <input_file_ref idref="fl-90"/>
      </object_component>
      <object_component id="oc-358">
         <name>.text:strncmp</name>
         <load_address>0x171c4</load_address>
         <run_address>0x171c4</run_address>
         <size>0x2a</size>
         <input_file_ref idref="fl-75"/>
      </object_component>
      <object_component id="oc-2a0">
         <name>.text</name>
         <load_address>0x171f0</load_address>
         <run_address>0x171f0</run_address>
         <size>0x28</size>
         <input_file_ref idref="fl-3c"/>
      </object_component>
      <object_component id="oc-763">
         <name>.text:free_list_insert</name>
         <load_address>0x17218</load_address>
         <run_address>0x17218</run_address>
         <size>0x28</size>
         <input_file_ref idref="fl-6f"/>
      </object_component>
      <object_component id="oc-722">
         <name>.text:lseek</name>
         <load_address>0x17240</load_address>
         <run_address>0x17240</run_address>
         <size>0x28</size>
         <input_file_ref idref="fl-89"/>
      </object_component>
      <object_component id="oc-641">
         <name>.text:write</name>
         <load_address>0x17268</load_address>
         <run_address>0x17268</run_address>
         <size>0x28</size>
         <input_file_ref idref="fl-78"/>
      </object_component>
      <object_component id="oc-2e7">
         <name>.text:srand</name>
         <load_address>0x17290</load_address>
         <run_address>0x17290</run_address>
         <size>0x24</size>
         <input_file_ref idref="fl-70"/>
      </object_component>
      <object_component id="oc-2b0">
         <name>.text:memchr</name>
         <load_address>0x172b4</load_address>
         <run_address>0x172b4</run_address>
         <size>0x20</size>
         <input_file_ref idref="fl-6e"/>
      </object_component>
      <object_component id="oc-6db">
         <name>.text:copysign</name>
         <load_address>0x172d4</load_address>
         <run_address>0x172d4</run_address>
         <size>0x1e</size>
         <input_file_ref idref="fl-8a"/>
      </object_component>
      <object_component id="oc-150">
         <name>.text:csp_conn_dport</name>
         <load_address>0x172f4</load_address>
         <run_address>0x172f4</run_address>
         <size>0x1c</size>
         <input_file_ref idref="fl-7"/>
      </object_component>
      <object_component id="oc-75d">
         <name>.text:free_list_remove</name>
         <load_address>0x17310</load_address>
         <run_address>0x17310</run_address>
         <size>0x1c</size>
         <input_file_ref idref="fl-6f"/>
      </object_component>
      <object_component id="oc-46f">
         <name>.text:memccpy</name>
         <load_address>0x1732c</load_address>
         <run_address>0x1732c</run_address>
         <size>0x1c</size>
         <input_file_ref idref="fl-6d"/>
      </object_component>
      <object_component id="oc-566">
         <name>.text:_outs</name>
         <load_address>0x17348</load_address>
         <run_address>0x17348</run_address>
         <size>0x1a</size>
         <input_file_ref idref="fl-56"/>
      </object_component>
      <object_component id="oc-504">
         <name>.text:_outc</name>
         <load_address>0x17362</load_address>
         <run_address>0x17362</run_address>
         <size>0x18</size>
         <input_file_ref idref="fl-55"/>
      </object_component>
      <object_component id="oc-81e">
         <name>.text:strcmp</name>
         <load_address>0x1737a</load_address>
         <run_address>0x1737a</run_address>
         <size>0x18</size>
         <input_file_ref idref="fl-8d"/>
      </object_component>
      <object_component id="oc-611">
         <name>.text:strchr</name>
         <load_address>0x17392</load_address>
         <run_address>0x17392</run_address>
         <size>0x16</size>
         <input_file_ref idref="fl-71"/>
      </object_component>
      <object_component id="oc-16f">
         <name>.text:strlen</name>
         <load_address>0x173a8</load_address>
         <run_address>0x173a8</run_address>
         <size>0x16</size>
         <input_file_ref idref="fl-73"/>
      </object_component>
      <object_component id="oc-2bc">
         <name>.text:csp_hton32</name>
         <load_address>0x173c0</load_address>
         <run_address>0x173c0</run_address>
         <size>0x14</size>
         <input_file_ref idref="fl-b"/>
      </object_component>
      <object_component id="oc-2c3">
         <name>.text:csp_ntoh32</name>
         <load_address>0x173d4</load_address>
         <run_address>0x173d4</run_address>
         <size>0x14</size>
         <input_file_ref idref="fl-b"/>
      </object_component>
      <object_component id="oc-169">
         <name>.text:strcpy</name>
         <load_address>0x173e8</load_address>
         <run_address>0x173e8</run_address>
         <size>0x14</size>
         <input_file_ref idref="fl-72"/>
      </object_component>
      <object_component id="oc-475">
         <name>.text:wcslen</name>
         <load_address>0x173fc</load_address>
         <run_address>0x173fc</run_address>
         <size>0x12</size>
         <input_file_ref idref="fl-5c"/>
      </object_component>
      <object_component id="oc-14">
         <name>.text:decompress:none:__TI_decompress_none</name>
         <load_address>0x1740e</load_address>
         <run_address>0x1740e</run_address>
         <size>0xe</size>
         <input_file_ref idref="fl-65"/>
      </object_component>
      <object_component id="oc-61">
         <name>.text:decompress:ZI:__TI_zero_init</name>
         <load_address>0x1741c</load_address>
         <run_address>0x1741c</run_address>
         <size>0xc</size>
         <input_file_ref idref="fl-64"/>
      </object_component>
      <object_component id="oc-56c">
         <name>.text:_outc</name>
         <load_address>0x17428</load_address>
         <run_address>0x17428</run_address>
         <size>0xa</size>
         <input_file_ref idref="fl-56"/>
      </object_component>
      <object_component id="oc-47b">
         <name>.text:__aeabi_errno_addr</name>
         <load_address>0x17434</load_address>
         <run_address>0x17434</run_address>
         <size>0x8</size>
         <input_file_ref idref="fl-77"/>
      </object_component>
      <object_component id="oc-730">
         <name>.text:malloc</name>
         <load_address>0x1743c</load_address>
         <run_address>0x1743c</run_address>
         <size>0x8</size>
         <input_file_ref idref="fl-6f"/>
      </object_component>
      <object_component id="oc-293">
         <name>.text:_outc</name>
         <load_address>0x17444</load_address>
         <run_address>0x17444</run_address>
         <size>0x4</size>
         <input_file_ref idref="fl-53"/>
      </object_component>
      <object_component id="oc-4f6">
         <name>.text:_outc</name>
         <load_address>0x17448</load_address>
         <run_address>0x17448</run_address>
         <size>0x4</size>
         <input_file_ref idref="fl-52"/>
      </object_component>
      <object_component id="oc-5c9">
         <name>.text:_outc</name>
         <load_address>0x1744c</load_address>
         <run_address>0x1744c</run_address>
         <size>0x4</size>
         <input_file_ref idref="fl-57"/>
      </object_component>
      <object_component id="oc-28d">
         <name>.text:_outs</name>
         <load_address>0x17450</load_address>
         <run_address>0x17450</run_address>
         <size>0x4</size>
         <input_file_ref idref="fl-53"/>
      </object_component>
      <object_component id="oc-4f0">
         <name>.text:_outs</name>
         <load_address>0x17454</load_address>
         <run_address>0x17454</run_address>
         <size>0x4</size>
         <input_file_ref idref="fl-52"/>
      </object_component>
      <object_component id="oc-5c3">
         <name>.text:_outs</name>
         <load_address>0x17458</load_address>
         <run_address>0x17458</run_address>
         <size>0x4</size>
         <input_file_ref idref="fl-57"/>
      </object_component>
      <object_component id="oc-1a0">
         <name>.text:abort:abort</name>
         <load_address>0x1745c</load_address>
         <run_address>0x1745c</run_address>
         <size>0x4</size>
         <input_file_ref idref="fl-67"/>
      </object_component>
      <object_component id="oc-2f">
         <name>.text:retain</name>
         <load_address>0x17460</load_address>
         <run_address>0x17460</run_address>
         <size>0x4</size>
         <input_file_ref idref="fl-35"/>
      </object_component>
      <object_component id="oc-72">
         <name>.text</name>
         <load_address>0x17464</load_address>
         <run_address>0x17464</run_address>
         <size>0x4</size>
         <input_file_ref idref="fl-39"/>
      </object_component>
      <object_component id="oc-27">
         <name>.const:s_vim_init</name>
         <load_address>0x17468</load_address>
         <run_address>0x17468</run_address>
         <size>0x200</size>
         <input_file_ref idref="fl-3a"/>
      </object_component>
      <object_component id="oc-5d9">
         <name>.const:.string:_ctypes_</name>
         <load_address>0x17668</load_address>
         <run_address>0x17668</run_address>
         <size>0x101</size>
         <input_file_ref idref="fl-6a"/>
      </object_component>
      <object_component id="oc-38b">
         <name>.const:.string</name>
         <load_address>0x1776c</load_address>
         <run_address>0x1776c</run_address>
         <size>0x8</size>
         <input_file_ref idref="fl-49"/>
      </object_component>
      <object_component id="oc-438">
         <name>.const:.string</name>
         <load_address>0x17774</load_address>
         <run_address>0x17774</run_address>
         <size>0x8</size>
         <input_file_ref idref="fl-d"/>
      </object_component>
      <object_component id="oc-51d">
         <name>.kernelBSS</name>
         <load_address>0x80145d0</load_address>
         <run_address>0x80145d0</run_address>
         <size>0x50</size>
         <input_file_ref idref="fl-29"/>
      </object_component>
      <object_component id="oc-1b8">
         <name>.kernelBSS:init</name>
         <load_address>0x8014620</load_address>
         <run_address>0x8014620</run_address>
         <size>0x34</size>
         <input_file_ref idref="fl-2a"/>
      </object_component>
      <object_component id="oc-37c">
         <name>.kernelBSS:uninit</name>
         <load_address>0x8014500</load_address>
         <run_address>0x8014500</run_address>
         <size>0xd0</size>
         <input_file_ref idref="fl-2a"/>
      </object_component>
      <object_component id="oc-680">
         <name>.kernelHEAP</name>
         <uninitialized>true</uninitialized>
         <run_address>0x8014d00</run_address>
         <size>0x13880</size>
         <input_file_ref idref="fl-24"/>
      </object_component>
      <object_component id="oc-2a6">
         <name>.bss</name>
         <uninitialized>true</uninitialized>
         <run_address>0x8028a30</run_address>
         <size>0x10</size>
         <input_file_ref idref="fl-6"/>
      </object_component>
      <object_component id="oc-30d">
         <name>.bss:arr_conn</name>
         <uninitialized>true</uninitialized>
         <run_address>0x8028580</run_address>
         <size>0x140</size>
         <input_file_ref idref="fl-7"/>
      </object_component>
      <object_component id="oc-30a">
         <name>.bss</name>
         <uninitialized>true</uninitialized>
         <run_address>0x8028a40</run_address>
         <size>0xc</size>
         <input_file_ref idref="fl-7"/>
      </object_component>
      <object_component id="oc-26d">
         <name>.bss</name>
         <uninitialized>true</uninitialized>
         <run_address>0x8028a64</run_address>
         <size>0x1</size>
         <input_file_ref idref="fl-d"/>
      </object_component>
      <object_component id="oc-27a">
         <name>.bss:ports</name>
         <uninitialized>true</uninitialized>
         <run_address>0x80287e0</run_address>
         <size>0x108</size>
         <input_file_ref idref="fl-e"/>
      </object_component>
      <object_component id="oc-417">
         <name>.bss:qfifo</name>
         <uninitialized>true</uninitialized>
         <run_address>0x8028a60</run_address>
         <size>0x4</size>
         <input_file_ref idref="fl-10"/>
      </object_component>
      <object_component id="oc-350">
         <name>.bss</name>
         <uninitialized>true</uninitialized>
         <run_address>0x8028a5c</run_address>
         <size>0x4</size>
         <input_file_ref idref="fl-11"/>
      </object_component>
      <object_component id="oc-555">
         <name>.bss:xStart</name>
         <uninitialized>true</uninitialized>
         <run_address>0x8028a4c</run_address>
         <size>0x8</size>
         <input_file_ref idref="fl-24"/>
      </object_component>
      <object_component id="oc-363">
         <name>.bss:routes</name>
         <uninitialized>true</uninitialized>
         <run_address>0x80288e8</run_address>
         <size>0xa8</size>
         <input_file_ref idref="fl-4a"/>
      </object_component>
      <object_component id="oc-7f5">
         <name>.bss:_CIOBUF_</name>
         <uninitialized>true</uninitialized>
         <run_address>0x80286c0</run_address>
         <size>0x120</size>
         <input_file_ref idref="fl-87"/>
      </object_component>
      <object_component id="oc-7c5">
         <name>.common:__TI_tmpnams</name>
         <uninitialized>true</uninitialized>
         <run_address>0x8028990</run_address>
         <size>0xa0</size>
      </object_component>
      <object_component id="oc-7d6">
         <name>.common:parmbuf</name>
         <uninitialized>true</uninitialized>
         <run_address>0x8028a54</run_address>
         <size>0x8</size>
      </object_component>
      <object_component id="oc-310">
         <name>.data</name>
         <load_address>0x8028cb3</load_address>
         <run_address>0x8028cb3</run_address>
         <size>0x1</size>
         <input_file_ref idref="fl-7"/>
      </object_component>
      <object_component id="oc-422">
         <name>.data</name>
         <load_address>0x8028cb4</load_address>
         <run_address>0x8028cb4</run_address>
         <size>0x4</size>
         <input_file_ref idref="fl-9"/>
      </object_component>
      <object_component id="oc-425">
         <name>.data:csp_debug_level_enabled</name>
         <load_address>0x8028cac</load_address>
         <run_address>0x8028cac</run_address>
         <size>0x7</size>
         <input_file_ref idref="fl-9"/>
      </object_component>
      <object_component id="oc-35e">
         <name>.data</name>
         <load_address>0x8028cb8</load_address>
         <run_address>0x8028cb8</run_address>
         <size>0x4</size>
         <input_file_ref idref="fl-c"/>
      </object_component>
      <object_component id="oc-270">
         <name>.data</name>
         <load_address>0x8028c88</load_address>
         <run_address>0x8028c88</run_address>
         <size>0xc</size>
         <input_file_ref idref="fl-d"/>
      </object_component>
      <object_component id="oc-2d6">
         <name>.data</name>
         <load_address>0x8028cbc</load_address>
         <run_address>0x8028cbc</run_address>
         <size>0x4</size>
         <input_file_ref idref="fl-12"/>
      </object_component>
      <object_component id="oc-552">
         <name>.data</name>
         <load_address>0x8028c5c</load_address>
         <run_address>0x8028c5c</run_address>
         <size>0x10</size>
         <input_file_ref idref="fl-24"/>
      </object_component>
      <object_component id="oc-1bb">
         <name>.data</name>
         <load_address>0x8028ca4</load_address>
         <run_address>0x8028ca4</run_address>
         <size>0x8</size>
         <input_file_ref idref="fl-27"/>
      </object_component>
      <object_component id="oc-196">
         <name>.data:csp_if_lo</name>
         <load_address>0x8028c20</load_address>
         <run_address>0x8028c20</run_address>
         <size>0x3c</size>
         <input_file_ref idref="fl-49"/>
      </object_component>
      <object_component id="oc-3ab">
         <name>.data:$O1$$</name>
         <load_address>0x8028c7c</load_address>
         <run_address>0x8028c7c</run_address>
         <size>0xc</size>
         <input_file_ref idref="fl-67"/>
      </object_component>
      <object_component id="oc-28a">
         <name>.data:$O1$$</name>
         <load_address>0x8028c94</load_address>
         <run_address>0x8028c94</run_address>
         <size>0x8</size>
         <input_file_ref idref="fl-68"/>
      </object_component>
      <object_component id="oc-193">
         <name>.data:_ftable</name>
         <load_address>0x8028a68</load_address>
         <run_address>0x8028a68</run_address>
         <size>0xf0</size>
         <input_file_ref idref="fl-6b"/>
      </object_component>
      <object_component id="oc-777">
         <name>.data</name>
         <load_address>0x8028c6c</load_address>
         <run_address>0x8028c6c</run_address>
         <size>0x10</size>
         <input_file_ref idref="fl-6b"/>
      </object_component>
      <object_component id="oc-7ad">
         <name>.data:$O1$$</name>
         <load_address>0x8028c9c</load_address>
         <run_address>0x8028c9c</run_address>
         <size>0x8</size>
         <input_file_ref idref="fl-6f"/>
      </object_component>
      <object_component id="oc-4e4">
         <name>.data</name>
         <load_address>0x8028cc4</load_address>
         <run_address>0x8028cc4</run_address>
         <size>0x4</size>
         <input_file_ref idref="fl-70"/>
      </object_component>
      <object_component id="oc-621">
         <name>.data</name>
         <load_address>0x8028cc0</load_address>
         <run_address>0x8028cc0</run_address>
         <size>0x4</size>
         <input_file_ref idref="fl-77"/>
      </object_component>
      <object_component id="oc-747">
         <name>.data:_device</name>
         <load_address>0x8028b58</load_address>
         <run_address>0x8028b58</run_address>
         <size>0x78</size>
         <input_file_ref idref="fl-79"/>
      </object_component>
      <object_component id="oc-707">
         <name>.data:_stream</name>
         <load_address>0x8028bd0</load_address>
         <run_address>0x8028bd0</run_address>
         <size>0x50</size>
         <input_file_ref idref="fl-79"/>
      </object_component>
      <object_component id="oc-1ea">
         <name>.debug_info</name>
         <load_address>0x0</load_address>
         <run_address>0x0</run_address>
         <size>0x306</size>
         <input_file_ref idref="fl-2"/>
      </object_component>
      <object_component id="oc-20b">
         <name>.debug_info</name>
         <load_address>0x306</load_address>
         <run_address>0x306</run_address>
         <size>0x791</size>
         <input_file_ref idref="fl-2"/>
      </object_component>
      <object_component id="oc-1c1">
         <name>.debug_info</name>
         <load_address>0xa97</load_address>
         <run_address>0xa97</run_address>
         <size>0x26b</size>
         <input_file_ref idref="fl-2"/>
      </object_component>
      <object_component id="oc-9f">
         <name>.debug_info</name>
         <load_address>0xd02</load_address>
         <run_address>0xd02</run_address>
         <size>0x157</size>
         <input_file_ref idref="fl-2"/>
      </object_component>
      <object_component id="oc-b9">
         <name>.debug_info</name>
         <load_address>0xe59</load_address>
         <run_address>0xe59</run_address>
         <size>0x8b</size>
         <input_file_ref idref="fl-2"/>
      </object_component>
      <object_component id="oc-b4">
         <name>.debug_info</name>
         <load_address>0xee4</load_address>
         <run_address>0xee4</run_address>
         <size>0x18c</size>
         <input_file_ref idref="fl-2"/>
      </object_component>
      <object_component id="oc-3e5">
         <name>.debug_info</name>
         <load_address>0x1070</load_address>
         <run_address>0x1070</run_address>
         <size>0x297</size>
         <input_file_ref idref="fl-2"/>
      </object_component>
      <object_component id="oc-1b3">
         <name>.debug_info</name>
         <load_address>0x1307</load_address>
         <run_address>0x1307</run_address>
         <size>0xbb</size>
         <input_file_ref idref="fl-2"/>
      </object_component>
      <object_component id="oc-be">
         <name>.debug_info</name>
         <load_address>0x13c2</load_address>
         <run_address>0x13c2</run_address>
         <size>0x86</size>
         <input_file_ref idref="fl-2"/>
      </object_component>
      <object_component id="oc-3f1">
         <name>.debug_info</name>
         <load_address>0x1448</load_address>
         <run_address>0x1448</run_address>
         <size>0x38f</size>
         <input_file_ref idref="fl-2"/>
      </object_component>
      <object_component id="oc-1df">
         <name>.debug_info</name>
         <load_address>0x17d7</load_address>
         <run_address>0x17d7</run_address>
         <size>0x2d0</size>
         <input_file_ref idref="fl-2"/>
      </object_component>
      <object_component id="oc-400">
         <name>.debug_info</name>
         <load_address>0x1aa7</load_address>
         <run_address>0x1aa7</run_address>
         <size>0x308</size>
         <input_file_ref idref="fl-3"/>
      </object_component>
      <object_component id="oc-21a">
         <name>.debug_info</name>
         <load_address>0x1daf</load_address>
         <run_address>0x1daf</run_address>
         <size>0x437</size>
         <input_file_ref idref="fl-3"/>
      </object_component>
      <object_component id="oc-599">
         <name>.debug_info</name>
         <load_address>0x21e6</load_address>
         <run_address>0x21e6</run_address>
         <size>0x15f</size>
         <input_file_ref idref="fl-3"/>
      </object_component>
      <object_component id="oc-583">
         <name>.debug_info</name>
         <load_address>0x2345</load_address>
         <run_address>0x2345</run_address>
         <size>0x2b6</size>
         <input_file_ref idref="fl-4"/>
      </object_component>
      <object_component id="oc-3b8">
         <name>.debug_info</name>
         <load_address>0x25fb</load_address>
         <run_address>0x25fb</run_address>
         <size>0x3b8</size>
[...]
         <name>csp_sys_set_color</name>
         <value>0x132f4</value>
         <object_component_ref idref="oc-2ca"/>
      </symbol>
      <symbol id="sm-1069">
         <name>csp_sys_shutdown</name>
         <value>0x132c8</value>
         <object_component_ref idref="oc-2ca"/>
      </symbol>
      <symbol id="sm-106a">
         <name>csp_sys_memfree</name>
         <value>0x131d4</value>
         <object_component_ref idref="oc-2ca"/>
      </symbol>
      <symbol id="sm-106b">
         <name>csp_sys_tasklist_size</name>
         <value>0x131c0</value>
         <object_component_ref idref="oc-2ca"/>
      </symbol>
      <symbol id="sm-107a">
         <name>csp_thread_create</name>
         <value>0x168ec</value>
         <object_component_ref idref="oc-187"/>
      </symbol>
      <symbol id="sm-1087">
         <name>csp_get_ms</name>
         <value>0x16f74</value>
         <object_component_ref idref="oc-2d0"/>
      </symbol>
      <symbol id="sm-1088">
         <name>csp_get_ms_isr</name>
         <value>0x16f80</value>
         <object_component_ref idref="oc-2d0"/>
      </symbol>
      <symbol id="sm-1089">
         <name>csp_get_s_isr</name>
         <value>0x16fa0</value>
         <object_component_ref idref="oc-2d0"/>
      </symbol>
      <symbol id="sm-108a">
         <name>csp_get_s</name>
         <value>0x16f8c</value>
         <object_component_ref idref="oc-2d0"/>
      </symbol>
      <symbol id="sm-10ac">
         <name>csp_if_lo</name>
         <value>0x8028c20</value>
         <object_component_ref idref="oc-196"/>
      </symbol>
      <symbol id="sm-10e6">
         <name>csp_route_table_save</name>
         <value>0x13570</value>
         <object_component_ref idref="oc-181"/>
      </symbol>
      <symbol id="sm-10e7">
         <name>csp_rtable_clear</name>
         <value>0x1353c</value>
         <object_component_ref idref="oc-181"/>
      </symbol>
      <symbol id="sm-10e8">
         <name>csp_rtable_print</name>
         <value>0x13614</value>
         <object_component_ref idref="oc-181"/>
      </symbol>
      <symbol id="sm-10e9">
         <name>csp_rtable_find_mac</name>
         <value>0x13508</value>
         <object_component_ref idref="oc-181"/>
      </symbol>
      <symbol id="sm-10ea">
         <name>csp_rtable_find_iface</name>
         <value>0x134d4</value>
         <object_component_ref idref="oc-181"/>
      </symbol>
      <symbol id="sm-10eb">
         <name>csp_route_table_load</name>
         <value>0x13554</value>
         <object_component_ref idref="oc-181"/>
      </symbol>
      <symbol id="sm-10ec">
         <name>csp_rtable_set</name>
         <value>0x1358c</value>
         <object_component_ref idref="oc-181"/>
      </symbol>
      <symbol id="sm-1100">
         <name>csp_udp_new_packet</name>
         <value>0x16110</value>
         <object_component_ref idref="oc-34a"/>
      </symbol>
      <symbol id="sm-112d">
         <name>printf</name>
         <value>0x16759</value>
         <object_component_ref idref="oc-2f8"/>
      </symbol>
      <symbol id="sm-1153">
         <name>fprintf</name>
         <value>0x16825</value>
         <object_component_ref idref="oc-13e"/>
      </symbol>
      <symbol id="sm-12af">
         <name>__TI_printfi</name>
         <value>0xe929</value>
         <object_component_ref idref="oc-284"/>
      </symbol>
      <symbol id="sm-12d9">
         <name>snprintf</name>
         <value>0x16d95</value>
         <object_component_ref idref="oc-2fe"/>
      </symbol>
      <symbol id="sm-12fb">
         <name>sprintf</name>
         <value>0x16fb5</value>
         <object_component_ref idref="oc-37f"/>
      </symbol>
      <symbol id="sm-1321">
         <name>vprintf</name>
         <value>0x16c05</value>
         <object_component_ref idref="oc-41c"/>
      </symbol>
      <symbol id="sm-1336">
         <name>putc</name>
         <value>0x16331</value>
         <object_component_ref idref="oc-49e"/>
      </symbol>
      <symbol id="sm-1337">
         <name>fputc</name>
         <value>0x16331</value>
         <object_component_ref idref="oc-49e"/>
      </symbol>
      <symbol id="sm-1355">
         <name>fputs</name>
         <value>0x15771</value>
         <object_component_ref idref="oc-497"/>
      </symbol>
      <symbol id="sm-136d">
         <name>__TI_wrt_ok</name>
         <value>0x167c1</value>
         <object_component_ref idref="oc-635"/>
      </symbol>
      <symbol id="sm-1389">
         <name>setvbuf</name>
         <value>0x16035</value>
         <object_component_ref idref="oc-6fd"/>
      </symbol>
      <symbol id="sm-13a2">
         <name>wcslen</name>
         <value>0x173fd</value>
         <object_component_ref idref="oc-475"/>
      </symbol>
      <symbol id="sm-13ae">
         <name>__aeabi_idivmod</name>
         <value>0x16bb0</value>
         <object_component_ref idref="oc-2f3"/>
      </symbol>
      <symbol id="sm-13af">
         <name>__aeabi_idiv</name>
         <value>0x16bb0</value>
         <object_component_ref idref="oc-2f3"/>
      </symbol>
      <symbol id="sm-13bb">
         <name>__aeabi_uidivmod</name>
         <value>0x16cf8</value>
         <object_component_ref idref="oc-4c7"/>
      </symbol>
      <symbol id="sm-13bc">
         <name>__aeabi_uidiv</name>
         <value>0x16cf8</value>
         <object_component_ref idref="oc-4c7"/>
      </symbol>
      <symbol id="sm-13d8">
         <name>__aeabi_uldivmod</name>
         <value>0x13a18</value>
         <object_component_ref idref="oc-5de"/>
      </symbol>
      <symbol id="sm-13e7">
         <name>__aeabi_memset</name>
         <value>0x164b9</value>
         <object_component_ref idref="oc-dd"/>
      </symbol>
      <symbol id="sm-13e8">
         <name>memset</name>
         <value>0x164bf</value>
         <object_component_ref idref="oc-dd"/>
      </symbol>
      <symbol id="sm-13e9">
         <name>__aeabi_memset8</name>
         <value>0x164b9</value>
         <object_component_ref idref="oc-dd"/>
      </symbol>
      <symbol id="sm-13ea">
         <name>__aeabi_memset4</name>
         <value>0x164b9</value>
         <object_component_ref idref="oc-dd"/>
      </symbol>
      <symbol id="sm-13eb">
         <name>__aeabi_memclr8</name>
         <value>0x164b7</value>
         <object_component_ref idref="oc-dd"/>
      </symbol>
      <symbol id="sm-13ec">
         <name>__aeabi_memclr4</name>
         <value>0x164b7</value>
         <object_component_ref idref="oc-dd"/>
      </symbol>
      <symbol id="sm-13ed">
         <name>__aeabi_memclr</name>
         <value>0x164b7</value>
         <object_component_ref idref="oc-dd"/>
      </symbol>
      <symbol id="sm-1408">
         <name>memcpy</name>
         <value>0x16293</value>
         <object_component_ref idref="oc-4f"/>
      </symbol>
      <symbol id="sm-1409">
         <name>__aeabi_memcpy</name>
         <value>0x16293</value>
         <object_component_ref idref="oc-4f"/>
      </symbol>
      <symbol id="sm-140a">
         <name>__aeabi_memcpy8</name>
         <value>0x16293</value>
         <object_component_ref idref="oc-4f"/>
      </symbol>
      <symbol id="sm-140b">
         <name>__aeabi_memcpy4</name>
         <value>0x16293</value>
         <object_component_ref idref="oc-4f"/>
      </symbol>
      <symbol id="sm-1433">
         <name>__TI_auto_init_nobinit_nopinit</name>
         <value>0x16e69</value>
         <object_component_ref idref="oc-102"/>
      </symbol>
      <symbol id="sm-1446">
         <name>__TI_zero_init</name>
         <value>0x1741d</value>
         <object_component_ref idref="oc-61"/>
      </symbol>
      <symbol id="sm-145d">
         <name>__TI_decompress_none</name>
         <value>0x1740f</value>
         <object_component_ref idref="oc-14"/>
      </symbol>
      <symbol id="sm-1480">
         <name>__TI_decompress_lzss</name>
         <value>0x16685</value>
         <object_component_ref idref="oc-e"/>
      </symbol>
      <symbol id="sm-14a6">
         <name>C$$EXIT</name>
         <value>0x1745d</value>
         <object_component_ref idref="oc-1a0"/>
      </symbol>
      <symbol id="sm-14a7">
         <name>abort</name>
         <value>0x1745d</value>
         <object_component_ref idref="oc-1a0"/>
      </symbol>
      <symbol id="sm-14a8">
         <name>__TI_dtors_ptr</name>
         <value>0x8028c80</value>
         <object_component_ref idref="oc-3ab"/>
      </symbol>
      <symbol id="sm-14a9">
         <name>__TI_cleanup_ptr</name>
         <value>0x8028c7c</value>
         <object_component_ref idref="oc-3ab"/>
      </symbol>
      <symbol id="sm-14aa">
         <name>__TI_enable_exit_profile_output</name>
         <value>0x8028c84</value>
         <object_component_ref idref="oc-3ab"/>
      </symbol>
      <symbol id="sm-14ab">
         <name>exit</name>
         <value>0x16ead</value>
         <object_component_ref idref="oc-1a6"/>
      </symbol>
      <symbol id="sm-14c0">
         <name>_nop</name>
         <value>0xf373</value>
         <object_component_ref idref="oc-48d"/>
      </symbol>
      <symbol id="sm-14c1">
         <name>_lock</name>
         <value>0x8028c94</value>
         <object_component_ref idref="oc-28a"/>
      </symbol>
      <symbol id="sm-14c2">
         <name>_unlock</name>
         <value>0x8028c98</value>
         <object_component_ref idref="oc-28a"/>
      </symbol>
      <symbol id="sm-14d7">
         <name>atoi</name>
         <value>0x16ca9</value>
         <object_component_ref idref="oc-44b"/>
      </symbol>
      <symbol id="sm-14e2">
         <name>_ctypes_</name>
         <value>0x17668</value>
         <object_component_ref idref="oc-5d9"/>
      </symbol>
      <symbol id="sm-14f7">
         <name>__TI_tmpnams</name>
         <value>0x8028990</value>
      </symbol>
      <symbol id="sm-14f8">
         <name>__aeabi_stdout</name>
         <value>0x8028c74</value>
         <object_component_ref idref="oc-777"/>
      </symbol>
      <symbol id="sm-14f9">
         <name>__aeabi_stderr</name>
         <value>0x8028c78</value>
         <object_component_ref idref="oc-777"/>
      </symbol>
      <symbol id="sm-14fa">
         <name>__aeabi_stdin</name>
         <value>0x8028c70</value>
         <object_component_ref idref="oc-777"/>
      </symbol>
      <symbol id="sm-14fb">
         <name>_ftable</name>
         <value>0x8028a68</value>
         <object_component_ref idref="oc-193"/>
      </symbol>
      <symbol id="sm-14fc">
         <name>__TI_ft_end</name>
         <value>0x8028c6c</value>
         <object_component_ref idref="oc-777"/>
      </symbol>
      <symbol id="sm-150b">
         <name>ltoa</name>
         <value>0x16b5d</value>
         <object_component_ref idref="oc-5e4"/>
      </symbol>
      <symbol id="sm-151b">
         <name>memccpy</name>
         <value>0x1732d</value>
         <object_component_ref idref="oc-46f"/>
      </symbol>
      <symbol id="sm-152b">
         <name>memchr</name>
         <value>0x172b5</value>
         <object_component_ref idref="oc-2b0"/>
      </symbol>
      <symbol id="sm-15b1">
         <name>_sys_memory</name>
         <value>0x6030</value>
         <object_component_ref idref="oc-41"/>
      </symbol>
      <symbol id="sm-15b2">
         <name>free</name>
         <value>0x15e6d</value>
         <object_component_ref idref="oc-72a"/>
      </symbol>
      <symbol id="sm-15b3">
         <name>memalign</name>
         <value>0x15b9d</value>
         <object_component_ref idref="oc-76a"/>
      </symbol>
      <symbol id="sm-15b4">
         <name>malloc</name>
         <value>0x1743d</value>
         <object_component_ref idref="oc-730"/>
      </symbol>
      <symbol id="sm-15b5">
         <name>aligned_alloc</name>
         <value>0x15b9d</value>
         <object_component_ref idref="oc-76a"/>
      </symbol>
      <symbol id="sm-15da">
         <name>rand</name>
         <value>0x17105</value>
         <object_component_ref idref="oc-2ed"/>
      </symbol>
      <symbol id="sm-15db">
         <name>srand</name>
         <value>0x17291</value>
         <object_component_ref idref="oc-2e7"/>
      </symbol>
      <symbol id="sm-15eb">
         <name>strchr</name>
         <value>0x17393</value>
         <object_component_ref idref="oc-611"/>
      </symbol>
      <symbol id="sm-15f9">
         <name>strcpy</name>
         <value>0x173e9</value>
         <object_component_ref idref="oc-169"/>
      </symbol>
      <symbol id="sm-1607">
         <name>strlen</name>
         <value>0x173a9</value>
         <object_component_ref idref="oc-16f"/>
      </symbol>
      <symbol id="sm-1618">
         <name>strncat</name>
         <value>0x17169</value>
         <object_component_ref idref="oc-304"/>
      </symbol>
      <symbol id="sm-1628">
         <name>strncmp</name>
         <value>0x171c5</value>
         <object_component_ref idref="oc-358"/>
      </symbol>
      <symbol id="sm-1638">
         <name>strncpy</name>
         <value>0x17031</value>
         <object_component_ref idref="oc-2b6"/>
      </symbol>
      <symbol id="sm-164e">
         <name>__aeabi_errno_addr</name>
         <value>0x17435</value>
         <object_component_ref idref="oc-47b"/>
      </symbol>
      <symbol id="sm-164f">
         <name>errno</name>
         <value>0x8028cc0</value>
         <object_component_ref idref="oc-621"/>
      </symbol>
      <symbol id="sm-1669">
         <name>write</name>
         <value>0x17269</value>
         <object_component_ref idref="oc-641"/>
      </symbol>
      <symbol id="sm-167a">
         <name>_stream</name>
         <value>0x8028bd0</value>
         <object_component_ref idref="oc-707"/>
      </symbol>
      <symbol id="sm-167b">
         <name>_device</name>
         <value>0x8028b58</value>
         <object_component_ref idref="oc-747"/>
      </symbol>
      <symbol id="sm-1699">
         <name>frexpl</name>
         <value>0x165a5</value>
         <object_component_ref idref="oc-605"/>
      </symbol>
      <symbol id="sm-169a">
         <name>frexp</name>
         <value>0x165a5</value>
         <object_component_ref idref="oc-605"/>
      </symbol>
      <symbol id="sm-16b7">
         <name>scalbn</name>
         <value>0x15c95</value>
         <object_component_ref idref="oc-60b"/>
      </symbol>
      <symbol id="sm-16b8">
         <name>scalbnl</name>
         <value>0x15c95</value>
         <object_component_ref idref="oc-60b"/>
      </symbol>
      <symbol id="sm-16b9">
         <name>ldexpl</name>
         <value>0x15c95</value>
         <object_component_ref idref="oc-60b"/>
      </symbol>
      <symbol id="sm-16ba">
         <name>ldexp</name>
         <value>0x15c95</value>
         <object_component_ref idref="oc-60b"/>
      </symbol>
      <symbol id="sm-16ca">
         <name>__TI_doflush</name>
         <value>0x16d49</value>
         <object_component_ref idref="oc-63b"/>
      </symbol>
      <symbol id="sm-16da">
         <name>__TI_cleanup</name>
         <value>0x17069</value>
         <object_component_ref idref="oc-736"/>
      </symbol>
      <symbol id="sm-16ec">
         <name>fseek</name>
         <value>0x16889</value>
         <object_component_ref idref="oc-6f7"/>
      </symbol>
      <symbol id="sm-16f6">
         <name>__aeabi_idiv0</name>
         <value>0x1632f</value>
         <object_component_ref idref="oc-4ea"/>
      </symbol>
      <symbol id="sm-16f7">
         <name>__aeabi_ldiv0</name>
         <value>0x1632f</value>
         <object_component_ref idref="oc-4ea"/>
      </symbol>
      <symbol id="sm-1708">
         <name>HOSTclose</name>
         <value>0x16de1</value>
         <object_component_ref idref="oc-783"/>
      </symbol>
      <symbol id="sm-1719">
         <name>HOSTlseek</name>
         <value>0x166f1</value>
         <object_component_ref idref="oc-795"/>
      </symbol>
      <symbol id="sm-172b">
         <name>parmbuf</name>
         <value>0x8028a54</value>
      </symbol>
      <symbol id="sm-172c">
         <name>HOSTopen</name>
         <value>0x1694d</value>
         <object_component_ref idref="oc-77d"/>
      </symbol>
      <symbol id="sm-173d">
         <name>HOSTread</name>
         <value>0x169a9</value>
         <object_component_ref idref="oc-789"/>
      </symbol>
      <symbol id="sm-174e">
         <name>HOSTrename</name>
         <value>0x16619</value>
         <object_component_ref idref="oc-7a1"/>
      </symbol>
      <symbol id="sm-175f">
         <name>HOSTunlink</name>
         <value>0x16e25</value>
         <object_component_ref idref="oc-79b"/>
      </symbol>
      <symbol id="sm-1770">
         <name>HOSTwrite</name>
         <value>0x16a05</value>
         <object_component_ref idref="oc-78f"/>
      </symbol>
      <symbol id="sm-1794">
         <name>__TI_readmsg</name>
         <value>0x1709d</value>
         <object_component_ref idref="oc-7d0"/>
      </symbol>
      <symbol id="sm-1795">
         <name>C$$IO$$</name>
         <value>0x17027</value>
         <object_component_ref idref="oc-7ca"/>
      </symbol>
      <symbol id="sm-1796">
         <name>__CIOBUF_</name>
         <value>0x80286c0</value>
         <object_component_ref idref="oc-7f5"/>
      </symbol>
      <symbol id="sm-1797">
         <name>__TI_writemsg</name>
         <value>0x16ff5</value>
         <object_component_ref idref="oc-7ca"/>
      </symbol>
      <symbol id="sm-17a8">
         <name>lseek</name>
         <value>0x17241</value>
         <object_component_ref idref="oc-722"/>
      </symbol>
      <symbol id="sm-17b2">
         <name>copysign</name>
         <value>0x172d5</value>
         <object_component_ref idref="oc-6db"/>
      </symbol>
      <symbol id="sm-17b3">
         <name>copysignl</name>
         <value>0x172d5</value>
         <object_component_ref idref="oc-6db"/>
      </symbol>
      <symbol id="sm-17c8">
         <name>__TI_closefile</name>
         <value>0x16531</value>
         <object_component_ref idref="oc-771"/>
      </symbol>
      <symbol id="sm-17eb">
         <name>finddevice</name>
         <value>0x170d1</value>
         <object_component_ref idref="oc-80b"/>
      </symbol>
      <symbol id="sm-17ec">
         <name>getdevice</name>
         <value>0x16ef1</value>
         <object_component_ref idref="oc-7eb"/>
      </symbol>
      <symbol id="sm-17fb">
         <name>strcmp</name>
         <value>0x1737b</value>
         <object_component_ref idref="oc-81e"/>
      </symbol>
      <symbol id="sm-1810">
         <name>close</name>
         <value>0x16a5d</value>
         <object_component_ref idref="oc-7b9"/>
      </symbol>
      <symbol id="sm-1820">
         <name>unlink</name>
         <value>0x17199</value>
         <object_component_ref idref="oc-7bf"/>
      </symbol>
      <symbol id="sm-1821">
         <name>__TI_static_base__</name>
         <value>0x0</value>
      </symbol>
      <symbol id="sm-1825">
         <name>clock_set_time</name>
         <value>0x0</value>
      </symbol>
      <symbol id="sm-1826">
         <name>clock_get_time</name>
         <value>0x0</value>
      </symbol>
      <symbol id="sm-1827">
         <name>SHT$$INIT_ARRAY$$Base</name>
         <value>0x0</value>
      </symbol>
      <symbol id="sm-1828">
         <name>SHT$$INIT_ARRAY$$Limit</name>
         <value>0x0</value>
      </symbol>
      <symbol id="sm-1829">
         <name>cpu_set_reset_cause</name>
         <value>0x0</value>
      </symbol>
      <symbol id="sm-182a">
         <name>cpu_reset</name>
         <value>0x0</value>
      </symbol>
      <symbol id="sm-182b">
         <name>cpu_shutdown</name>
         <value>0x0</value>
      </symbol>
      <symbol id="sm-182c">
         <name>_system_post_cinit</name>
         <value>0x0</value>
      </symbol>
      <symbol id="sm-182d">
         <name>remove</name>
         <value>0x17199</value>
      </symbol>
   </symbol_table>
   <title>Link successful</title>
</link_info>
